C:/Users/Public/Documents/Altium/Projects/BTL_test_1/Project_EBS/Embedded-System-Project/3. Firmware/Mylibrary/src/EPD_2in9_V2_test.c:37:6:default_mode	48	static
C:/Users/Public/Documents/Altium/Projects/BTL_test_1/Project_EBS/Embedded-System-Project/3. Firmware/Mylibrary/src/EPD_2in9_V2_test.c:105:6:system_setup_mode	40	static
C:/Users/Public/Documents/Altium/Projects/BTL_test_1/Project_EBS/Embedded-System-Project/3. Firmware/Mylibrary/src/EPD_2in9_V2_test.c:182:6:alarm_view_mode	48	static
C:/Users/Public/Documents/Altium/Projects/BTL_test_1/Project_EBS/Embedded-System-Project/3. Firmware/Mylibrary/src/EPD_2in9_V2_test.c:831:6:drawn_alarm_view_mode	48	static
C:/Users/Public/Documents/Altium/Projects/BTL_test_1/Project_EBS/Embedded-System-Project/3. Firmware/Mylibrary/src/EPD_2in9_V2_test.c:852:6:alarm_setup_mode	48	static
C:/Users/Public/Documents/Altium/Projects/BTL_test_1/Project_EBS/Embedded-System-Project/3. Firmware/Mylibrary/src/EPD_2in9_V2_test.c:1034:6:drawn_alarm_setup_mode	48	static
C:/Users/Public/Documents/Altium/Projects/BTL_test_1/Project_EBS/Embedded-System-Project/3. Firmware/Mylibrary/src/EPD_2in9_V2_test.c:1060:6:time_setup_mode	64	static
C:/Users/Public/Documents/Altium/Projects/BTL_test_1/Project_EBS/Embedded-System-Project/3. Firmware/Mylibrary/src/EPD_2in9_V2_test.c:1399:6:draw_day	48	static
C:/Users/Public/Documents/Altium/Projects/BTL_test_1/Project_EBS/Embedded-System-Project/3. Firmware/Mylibrary/src/EPD_2in9_V2_test.c:1575:6:draw_battery	32	static
C:/Users/Public/Documents/Altium/Projects/BTL_test_1/Project_EBS/Embedded-System-Project/3. Firmware/Mylibrary/src/EPD_2in9_V2_test.c:1614:6:E_ink_display_name	24	static
