D:/tai_lieu_quan_trong/Embedded_system/code_e_ink_version_2/code_e_ink/Mylibrary/src/DEV_Config.c:36:6:DEV_SPI_WriteByte	16	static
D:/tai_lieu_quan_trong/Embedded_system/code_e_ink_version_2/code_e_ink/Mylibrary/src/DEV_Config.c:41:6:DEV_SPI_Write_nByte	16	static
D:/tai_lieu_quan_trong/Embedded_system/code_e_ink_version_2/code_e_ink/Mylibrary/src/DEV_Config.c:46:6:DEV_GPIO_Mode	32	static
D:/tai_lieu_quan_trong/Embedded_system/code_e_ink_version_2/code_e_ink/Mylibrary/src/DEV_Config.c:64:6:DEV_GPIO_Init	8	static
D:/tai_lieu_quan_trong/Embedded_system/code_e_ink_version_2/code_e_ink/Mylibrary/src/DEV_Config.c:73:6:DEV_SPI_Init	8	static
D:/tai_lieu_quan_trong/Embedded_system/code_e_ink_version_2/code_e_ink/Mylibrary/src/DEV_Config.c:82:6:DEV_SPI_SendData	24	static
D:/tai_lieu_quan_trong/Embedded_system/code_e_ink_version_2/code_e_ink/Mylibrary/src/DEV_Config.c:107:7:DEV_SPI_ReadData	16	static
D:/tai_lieu_quan_trong/Embedded_system/code_e_ink_version_2/code_e_ink/Mylibrary/src/DEV_Config.c:132:5:DEV_Module_Init	8	static
D:/tai_lieu_quan_trong/Embedded_system/code_e_ink_version_2/code_e_ink/Mylibrary/src/DEV_Config.c:141:6:DEV_Module_Exit	8	static
