../Core/Src/main.c:127:9:decToBcd	16	static
../Core/Src/main.c:132:5:bcdToDec	16	static
../Core/Src/main.c:137:6:Set_Time	48	static
../Core/Src/main.c:151:6:Get_Time	32	static
../Core/Src/main.c:172:5:main	32	static
../Core/Src/main.c:281:6:SystemClock_Config	72	static
../Core/Src/main.c:321:13:MX_I2C1_Init	8	static
../Core/Src/main.c:355:13:MX_SPI1_Init	8	static
../Core/Src/main.c:393:13:MX_USART1_UART_Init	8	static
../Core/Src/main.c:426:13:MX_GPIO_Init	40	static
../Core/Src/main.c:475:6:HAL_UART_RxCpltCallback	16	static
../Core/Src/main.c:496:6:Error_Handler	4	static,ignoring_inline_asm
