../Core/Src/main.c:375:5:main	24	static
../Core/Src/main.c:559:6:SystemClock_Config	88	static
../Core/Src/main.c:610:9:Dec_To_BCD	16	static
../Core/Src/main.c:620:5:BCD_To_Dec	16	static
../Core/Src/main.c:636:6:Time_Set	48	static
../Core/Src/main.c:662:6:Time_Get	40	static
../Core/Src/main.c:693:6:Time_Ctrl	56	static
../Core/Src/main.c:800:6:Time_Init	40	static
../Core/Src/main.c:839:6:Alarm_Set	48	static
../Core/Src/main.c:895:6:Alarm_Get	40	static
../Core/Src/main.c:942:6:Alarm_Clear	40	static
../Core/Src/main.c:961:6:Alarm_Slot_Pointer_Set	24	static
../Core/Src/main.c:974:6:Alarm_Slot_Pointer_Get	24	static
../Core/Src/main.c:989:6:Alarm_Check	32	static
../Core/Src/main.c:1076:6:Alarm_Ring	8	static
../Core/Src/main.c:1153:6:Button_Debounce	16	static
../Core/Src/main.c:1238:6:Button_Handle	40	static
../Core/Src/main.c:1324:6:System_Default_Mode_Handle	32	static
../Core/Src/main.c:1419:6:System_Time_Setup_Mode_Handle	64	static
../Core/Src/main.c:1635:6:System_Alarm_Setup_Mode_Handle	56	static
../Core/Src/main.c:1938:6:System_Alarm_View_Mode_Handle	40	static
../Core/Src/main.c:2067:6:System_Options_Mode_Handle	24	static
../Core/Src/main.c:2172:6:System_Alarm_Active_Mode_Handle	16	static
../Core/Src/main.c:2299:6:HAL_GPIO_EXTI_Callback	16	static
../Core/Src/main.c:2344:6:HAL_UART_RxCpltCallback	16	static
../Core/Src/main.c:2364:6:HAL_ADC_ConvCpltCallback	16	static
../Core/Src/main.c:2387:6:Error_Handler	4	static,ignoring_inline_asm
