../Core/Src/main.c:525:8:toggle_alarm_buzzer	16	static
../Core/Src/main.c:420:5:main	56	static
../Core/Src/main.c:831:6:SystemClock_Config	88	static
../Core/Src/main.c:882:9:Dec_To_BCD	16	static
../Core/Src/main.c:892:5:BCD_To_Dec	16	static
../Core/Src/main.c:908:6:Time_Set	48	static
../Core/Src/main.c:936:6:Time_Get	40	static
../Core/Src/main.c:969:6:Time_Ctrl	56	static
../Core/Src/main.c:1080:6:Time_Init	40	static
../Core/Src/main.c:1119:6:Alarm_Set	48	static
../Core/Src/main.c:1174:6:Alarm_Get	40	static
../Core/Src/main.c:1231:6:Alarm_Clear	40	static
../Core/Src/main.c:1260:6:Alarm_Slot_Pointer_Set	24	static
../Core/Src/main.c:1283:6:Alarm_Slot_Pointer_Get	24	static
../Core/Src/main.c:1312:6:Alarm_Check	32	static
../Core/Src/main.c:1470:6:Button_Debounce	16	static
../Core/Src/main.c:1554:6:Button_Handle	40	static
../Core/Src/main.c:1640:6:System_Default_Mode_Handle	32	static
../Core/Src/main.c:1737:6:System_Time_Setup_Mode_Handle	64	static
../Core/Src/main.c:1953:6:System_Alarm_Setup_Mode_Handle	56	static
../Core/Src/main.c:2256:6:System_Alarm_View_Mode_Handle	40	static
../Core/Src/main.c:2384:6:System_Options_Mode_Handle	24	static
../Core/Src/main.c:2491:6:System_Alarm_Active_Mode_Handle	16	static
../Core/Src/main.c:2619:6:HAL_GPIO_EXTI_Callback	16	static
../Core/Src/main.c:2664:6:HAL_UART_RxCpltCallback	24	static
../Core/Src/main.c:2694:6:HAL_UART_TxCpltCallback	16	static
../Core/Src/main.c:2720:6:HAL_ADC_ConvCpltCallback	16	static
../Core/Src/main.c:2737:6:Update_alarm_data	4	static
../Core/Src/main.c:2811:6:Alarm_Ring	8	static
../Core/Src/main.c:2883:6:Error_Handler	4	static,ignoring_inline_asm
