Archive member included to satisfy reference by file (symbol)

C:/ST/STM32CubeIDE_1.17.0/STM32CubeIDE/plugins/com.st.stm32cube.ide.mcu.externaltools.gnu-tools-for-stm32.13.3.rel1.win32_1.0.0.202411081344/tools/bin/../lib/gcc/arm-none-eabi/13.3.1/../../../../arm-none-eabi/lib/thumb/v7-m/nofp\libc_nano.a(libc_a-exit.o)
                              C:/ST/STM32CubeIDE_1.17.0/STM32CubeIDE/plugins/com.st.stm32cube.ide.mcu.externaltools.gnu-tools-for-stm32.13.3.rel1.win32_1.0.0.202411081344/tools/bin/../lib/gcc/arm-none-eabi/13.3.1/../../../../arm-none-eabi/lib/thumb/v7-m/nofp/crt0.o (exit)
C:/ST/STM32CubeIDE_1.17.0/STM32CubeIDE/plugins/com.st.stm32cube.ide.mcu.externaltools.gnu-tools-for-stm32.13.3.rel1.win32_1.0.0.202411081344/tools/bin/../lib/gcc/arm-none-eabi/13.3.1/../../../../arm-none-eabi/lib/thumb/v7-m/nofp\libc_nano.a(libc_a-malloc.o)
                              ./src/EPD_2in9_V2_test.o (malloc)
C:/ST/STM32CubeIDE_1.17.0/STM32CubeIDE/plugins/com.st.stm32cube.ide.mcu.externaltools.gnu-tools-for-stm32.13.3.rel1.win32_1.0.0.202411081344/tools/bin/../lib/gcc/arm-none-eabi/13.3.1/../../../../arm-none-eabi/lib/thumb/v7-m/nofp\libc_nano.a(libc_a-mallocr.o)
                              C:/ST/STM32CubeIDE_1.17.0/STM32CubeIDE/plugins/com.st.stm32cube.ide.mcu.externaltools.gnu-tools-for-stm32.13.3.rel1.win32_1.0.0.202411081344/tools/bin/../lib/gcc/arm-none-eabi/13.3.1/../../../../arm-none-eabi/lib/thumb/v7-m/nofp\libc_nano.a(libc_a-malloc.o) (_malloc_r)
C:/ST/STM32CubeIDE_1.17.0/STM32CubeIDE/plugins/com.st.stm32cube.ide.mcu.externaltools.gnu-tools-for-stm32.13.3.rel1.win32_1.0.0.202411081344/tools/bin/../lib/gcc/arm-none-eabi/13.3.1/../../../../arm-none-eabi/lib/thumb/v7-m/nofp\libc_nano.a(libc_a-mlock.o)
                              C:/ST/STM32CubeIDE_1.17.0/STM32CubeIDE/plugins/com.st.stm32cube.ide.mcu.externaltools.gnu-tools-for-stm32.13.3.rel1.win32_1.0.0.202411081344/tools/bin/../lib/gcc/arm-none-eabi/13.3.1/../../../../arm-none-eabi/lib/thumb/v7-m/nofp\libc_nano.a(libc_a-mallocr.o) (__malloc_lock)
C:/ST/STM32CubeIDE_1.17.0/STM32CubeIDE/plugins/com.st.stm32cube.ide.mcu.externaltools.gnu-tools-for-stm32.13.3.rel1.win32_1.0.0.202411081344/tools/bin/../lib/gcc/arm-none-eabi/13.3.1/../../../../arm-none-eabi/lib/thumb/v7-m/nofp\libc_nano.a(libc_a-findfp.o)
                              C:/ST/STM32CubeIDE_1.17.0/STM32CubeIDE/plugins/com.st.stm32cube.ide.mcu.externaltools.gnu-tools-for-stm32.13.3.rel1.win32_1.0.0.202411081344/tools/bin/../lib/gcc/arm-none-eabi/13.3.1/../../../../arm-none-eabi/lib/thumb/v7-m/nofp\libc_nano.a(libc_a-exit.o) (__stdio_exit_handler)
C:/ST/STM32CubeIDE_1.17.0/STM32CubeIDE/plugins/com.st.stm32cube.ide.mcu.externaltools.gnu-tools-for-stm32.13.3.rel1.win32_1.0.0.202411081344/tools/bin/../lib/gcc/arm-none-eabi/13.3.1/../../../../arm-none-eabi/lib/thumb/v7-m/nofp\libc_nano.a(libc_a-fwalk.o)
                              C:/ST/STM32CubeIDE_1.17.0/STM32CubeIDE/plugins/com.st.stm32cube.ide.mcu.externaltools.gnu-tools-for-stm32.13.3.rel1.win32_1.0.0.202411081344/tools/bin/../lib/gcc/arm-none-eabi/13.3.1/../../../../arm-none-eabi/lib/thumb/v7-m/nofp\libc_nano.a(libc_a-findfp.o) (_fwalk_sglue)
C:/ST/STM32CubeIDE_1.17.0/STM32CubeIDE/plugins/com.st.stm32cube.ide.mcu.externaltools.gnu-tools-for-stm32.13.3.rel1.win32_1.0.0.202411081344/tools/bin/../lib/gcc/arm-none-eabi/13.3.1/../../../../arm-none-eabi/lib/thumb/v7-m/nofp\libc_nano.a(libc_a-printf.o)
                              ./src/GUI_Paint.o (printf)
C:/ST/STM32CubeIDE_1.17.0/STM32CubeIDE/plugins/com.st.stm32cube.ide.mcu.externaltools.gnu-tools-for-stm32.13.3.rel1.win32_1.0.0.202411081344/tools/bin/../lib/gcc/arm-none-eabi/13.3.1/../../../../arm-none-eabi/lib/thumb/v7-m/nofp\libc_nano.a(libc_a-puts.o)
                              ./src/EPD_2in9_V2.o (puts)
C:/ST/STM32CubeIDE_1.17.0/STM32CubeIDE/plugins/com.st.stm32cube.ide.mcu.externaltools.gnu-tools-for-stm32.13.3.rel1.win32_1.0.0.202411081344/tools/bin/../lib/gcc/arm-none-eabi/13.3.1/../../../../arm-none-eabi/lib/thumb/v7-m/nofp\libc_nano.a(libc_a-stdio.o)
                              C:/ST/STM32CubeIDE_1.17.0/STM32CubeIDE/plugins/com.st.stm32cube.ide.mcu.externaltools.gnu-tools-for-stm32.13.3.rel1.win32_1.0.0.202411081344/tools/bin/../lib/gcc/arm-none-eabi/13.3.1/../../../../arm-none-eabi/lib/thumb/v7-m/nofp\libc_nano.a(libc_a-findfp.o) (__sread)
C:/ST/STM32CubeIDE_1.17.0/STM32CubeIDE/plugins/com.st.stm32cube.ide.mcu.externaltools.gnu-tools-for-stm32.13.3.rel1.win32_1.0.0.202411081344/tools/bin/../lib/gcc/arm-none-eabi/13.3.1/../../../../arm-none-eabi/lib/thumb/v7-m/nofp\libc_nano.a(libc_a-wbuf.o)
                              C:/ST/STM32CubeIDE_1.17.0/STM32CubeIDE/plugins/com.st.stm32cube.ide.mcu.externaltools.gnu-tools-for-stm32.13.3.rel1.win32_1.0.0.202411081344/tools/bin/../lib/gcc/arm-none-eabi/13.3.1/../../../../arm-none-eabi/lib/thumb/v7-m/nofp\libc_nano.a(libc_a-puts.o) (__swbuf_r)
[...]
Memory Configuration

Name             Origin             Length             Attributes
RAM              0x20000000         0x00005000         xrw
FLASH            0x08000000         0x00010000         xr
*default*        0x00000000         0xffffffff

Linker script and memory map

LOAD C:/ST/STM32CubeIDE_1.17.0/STM32CubeIDE/plugins/com.st.stm32cube.ide.mcu.externaltools.gnu-tools-for-stm32.13.3.rel1.win32_1.0.0.202411081344/tools/bin/../lib/gcc/arm-none-eabi/13.3.1/thumb/v7-m/nofp/crti.o
LOAD C:/ST/STM32CubeIDE_1.17.0/STM32CubeIDE/plugins/com.st.stm32cube.ide.mcu.externaltools.gnu-tools-for-stm32.13.3.rel1.win32_1.0.0.202411081344/tools/bin/../lib/gcc/arm-none-eabi/13.3.1/thumb/v7-m/nofp/crtbegin.o
LOAD C:/ST/STM32CubeIDE_1.17.0/STM32CubeIDE/plugins/com.st.stm32cube.ide.mcu.externaltools.gnu-tools-for-stm32.13.3.rel1.win32_1.0.0.202411081344/tools/bin/../lib/gcc/arm-none-eabi/13.3.1/../../../../arm-none-eabi/lib/thumb/v7-m/nofp/crt0.o
LOAD ./Core/Src/adc.o
LOAD ./Core/Src/gpio.o
LOAD ./Core/Src/i2c.o
LOAD ./Core/Src/main.o
LOAD ./Core/Src/spi.o
LOAD ./Core/Src/stm32f1xx_hal_msp.o
LOAD ./Core/Src/stm32f1xx_it.o
LOAD ./Core/Src/syscalls.o
LOAD ./Core/Src/sysmem.o
LOAD ./Core/Src/system_stm32f1xx.o
LOAD ./Core/Src/usart.o
LOAD ./Core/Startup/startup_stm32f103c8tx.o
LOAD ./Drivers/STM32F1xx_HAL_Driver/Src/stm32f1xx_hal.o
LOAD ./Drivers/STM32F1xx_HAL_Driver/Src/stm32f1xx_hal_adc.o
LOAD ./Drivers/STM32F1xx_HAL_Driver/Src/stm32f1xx_hal_adc_ex.o
LOAD ./Drivers/STM32F1xx_HAL_Driver/Src/stm32f1xx_hal_cortex.o
LOAD ./Drivers/STM32F1xx_HAL_Driver/Src/stm32f1xx_hal_dma.o
LOAD ./Drivers/STM32F1xx_HAL_Driver/Src/stm32f1xx_hal_exti.o
LOAD ./Drivers/STM32F1xx_HAL_Driver/Src/stm32f1xx_hal_flash.o
LOAD ./Drivers/STM32F1xx_HAL_Driver/Src/stm32f1xx_hal_flash_ex.o
LOAD ./Drivers/STM32F1xx_HAL_Driver/Src/stm32f1xx_hal_gpio.o
LOAD ./Drivers/STM32F1xx_HAL_Driver/Src/stm32f1xx_hal_gpio_ex.o
LOAD ./Drivers/STM32F1xx_HAL_Driver/Src/stm32f1xx_hal_i2c.o
LOAD ./Drivers/STM32F1xx_HAL_Driver/Src/stm32f1xx_hal_pwr.o
LOAD ./Drivers/STM32F1xx_HAL_Driver/Src/stm32f1xx_hal_rcc.o
LOAD ./Drivers/STM32F1xx_HAL_Driver/Src/stm32f1xx_hal_rcc_ex.o
LOAD ./Drivers/STM32F1xx_HAL_Driver/Src/stm32f1xx_hal_spi.o
LOAD ./Drivers/STM32F1xx_HAL_Driver/Src/stm32f1xx_hal_uart.o
LOAD ./src/DEV_Config.o
LOAD ./src/EPD_2in9_V2.o
LOAD ./src/EPD_2in9_V2_test.o
LOAD ./src/GUI_Paint.o
LOAD ./src/ImageData.o
LOAD ./src/font12.o
LOAD ./src/font12CN.o
LOAD ./src/font16.o
LOAD ./src/font20.o
LOAD ./src/font24.o
LOAD ./src/font24CN.o
LOAD ./src/font8.o
START GROUP
LOAD C:/ST/STM32CubeIDE_1.17.0/STM32CubeIDE/plugins/com.st.stm32cube.ide.mcu.externaltools.gnu-tools-for-stm32.13.3.rel1.win32_1.0.0.202411081344/tools/bin/../lib/gcc/arm-none-eabi/13.3.1/../../../../arm-none-eabi/lib/thumb/v7-m/nofp\libc_nano.a
LOAD C:/ST/STM32CubeIDE_1.17.0/STM32CubeIDE/plugins/com.st.stm32cube.ide.mcu.externaltools.gnu-tools-for-stm32.13.3.rel1.win32_1.0.0.202411081344/tools/bin/../lib/gcc/arm-none-eabi/13.3.1/../../../../arm-none-eabi/lib/thumb/v7-m/nofp\libm.a
END GROUP
START GROUP
LOAD C:/ST/STM32CubeIDE_1.17.0/STM32CubeIDE/plugins/com.st.stm32cube.ide.mcu.externaltools.gnu-tools-for-stm32.13.3.rel1.win32_1.0.0.202411081344/tools/bin/../lib/gcc/arm-none-eabi/13.3.1/thumb/v7-m/nofp\libgcc.a
LOAD C:/ST/STM32CubeIDE_1.17.0/STM32CubeIDE/plugins/com.st.stm32cube.ide.mcu.externaltools.gnu-tools-for-stm32.13.3.rel1.win32_1.0.0.202411081344/tools/bin/../lib/gcc/arm-none-eabi/13.3.1/../../../../arm-none-eabi/lib/thumb/v7-m/nofp\libc_nano.a
END GROUP
START GROUP
LOAD C:/ST/STM32CubeIDE_1.17.0/STM32CubeIDE/plugins/com.st.stm32cube.ide.mcu.externaltools.gnu-tools-for-stm32.13.3.rel1.win32_1.0.0.202411081344/tools/bin/../lib/gcc/arm-none-eabi/13.3.1/thumb/v7-m/nofp\libgcc.a
LOAD C:/ST/STM32CubeIDE_1.17.0/STM32CubeIDE/plugins/com.st.stm32cube.ide.mcu.externaltools.gnu-tools-for-stm32.13.3.rel1.win32_1.0.0.202411081344/tools/bin/../lib/gcc/arm-none-eabi/13.3.1/../../../../arm-none-eabi/lib/thumb/v7-m/nofp\libc_nano.a
LOAD C:/ST/STM32CubeIDE_1.17.0/STM32CubeIDE/plugins/com.st.stm32cube.ide.mcu.externaltools.gnu-tools-for-stm32.13.3.rel1.win32_1.0.0.202411081344/tools/bin/../lib/gcc/arm-none-eabi/13.3.1/../../../../arm-none-eabi/lib/thumb/v7-m/nofp\libnosys.a
END GROUP
START GROUP
LOAD C:/ST/STM32CubeIDE_1.17.0/STM32CubeIDE/plugins/com.st.stm32cube.ide.mcu.externaltools.gnu-tools-for-stm32.13.3.rel1.win32_1.0.0.202411081344/tools/bin/../lib/gcc/arm-none-eabi/13.3.1/thumb/v7-m/nofp\libgcc.a
LOAD C:/ST/STM32CubeIDE_1.17.0/STM32CubeIDE/plugins/com.st.stm32cube.ide.mcu.externaltools.gnu-tools-for-stm32.13.3.rel1.win32_1.0.0.202411081344/tools/bin/../lib/gcc/arm-none-eabi/13.3.1/../../../../arm-none-eabi/lib/thumb/v7-m/nofp\libc_nano.a
LOAD C:/ST/STM32CubeIDE_1.17.0/STM32CubeIDE/plugins/com.st.stm32cube.ide.mcu.externaltools.gnu-tools-for-stm32.13.3.rel1.win32_1.0.0.202411081344/tools/bin/../lib/gcc/arm-none-eabi/13.3.1/../../../../arm-none-eabi/lib/thumb/v7-m/nofp\libnosys.a
END GROUP
LOAD C:/ST/STM32CubeIDE_1.17.0/STM32CubeIDE/plugins/com.st.stm32cube.ide.mcu.externaltools.gnu-tools-for-stm32.13.3.rel1.win32_1.0.0.202411081344/tools/bin/../lib/gcc/arm-none-eabi/13.3.1/thumb/v7-m/nofp/crtend.o
LOAD C:/ST/STM32CubeIDE_1.17.0/STM32CubeIDE/plugins/com.st.stm32cube.ide.mcu.externaltools.gnu-tools-for-stm32.13.3.rel1.win32_1.0.0.202411081344/tools/bin/../lib/gcc/arm-none-eabi/13.3.1/thumb/v7-m/nofp/crtn.o
                0x20005000                        _estack = (ORIGIN (RAM) + LENGTH (RAM))
                0x00000200                        _Min_Heap_Size = 0x200
                0x00000400                        _Min_Stack_Size = 0x400

.isr_vector     0x08000000      0x10c
                0x08000000                        . = ALIGN (0x4)
 *(.isr_vector)
 .isr_vector    0x08000000      0x10c ./Core/Startup/startup_stm32f103c8tx.o
                0x08000000                g_pfnVectors
                0x0800010c                        . = ALIGN (0x4)

.text           0x0800010c     0x7784
                0x0800010c                        . = ALIGN (0x4)
 *(.text)
 .text          0x0800010c       0x40 C:/ST/STM32CubeIDE_1.17.0/STM32CubeIDE/plugins/com.st.stm32cube.ide.mcu.externaltools.gnu-tools-for-stm32.13.3.rel1.win32_1.0.0.202411081344/tools/bin/../lib/gcc/arm-none-eabi/13.3.1/thumb/v7-m/nofp/crtbegin.o
 *(.text*)
 .text.MX_ADC1_Init
                0x0800014c       0x7c ./Core/Src/adc.o
                0x0800014c                MX_ADC1_Init
 .text.HAL_ADC_MspInit
                0x080001c8       0x88 ./Core/Src/adc.o
                0x080001c8                HAL_ADC_MspInit
 .text.MX_GPIO_Init
                0x08000250      0x148 ./Core/Src/gpio.o
                0x08000250                MX_GPIO_Init
 .text.MX_I2C1_Init
                0x08000398       0x5c ./Core/Src/i2c.o
                0x08000398                MX_I2C1_Init
 .text.HAL_I2C_MspInit
                0x080003f4       0x7c ./Core/Src/i2c.o
                0x080003f4                HAL_I2C_MspInit
 .text.main     0x08000470      0x1a0 ./Core/Src/main.o
                0x08000470                main
 .text.SystemClock_Config
                0x08000610       0xb6 ./Core/Src/main.o
                0x08000610                SystemClock_Config
 *fill*         0x080006c6        0x2 
 .text.Dec_To_BCD
                0x080006c8       0x48 ./Core/Src/main.o
                0x080006c8                Dec_To_BCD
 .text.BCD_To_Dec
                0x08000710       0x2e ./Core/Src/main.o
                0x08000710                BCD_To_Dec
 *fill*         0x0800073e        0x2 
 .text.Time_Set
                0x08000740       0xa8 ./Core/Src/main.o
                0x08000740                Time_Set
 .text.Time_Get
                0x080007e8       0xa8 ./Core/Src/main.o
                0x080007e8                Time_Get
 .text.Time_Ctrl
                0x08000890      0x19c ./Core/Src/main.o
                0x08000890                Time_Ctrl
 .text.Time_Init
                0x08000a2c       0x56 ./Core/Src/main.o
                0x08000a2c                Time_Init
 *fill*         0x08000a82        0x2 
 .text.Alarm_Set
                0x08000a84       0xa0 ./Core/Src/main.o
                0x08000a84                Alarm_Set
 .text.Alarm_Get
                0x08000b24       0xac ./Core/Src/main.o
                0x08000b24                Alarm_Get
 .text.Alarm_Clear
                0x08000bd0       0x44 ./Core/Src/main.o
                0x08000bd0                Alarm_Clear
 .text.Alarm_Slot_Pointer_Set
                0x08000c14       0x34 ./Core/Src/main.o
                0x08000c14                Alarm_Slot_Pointer_Set
 .text.Alarm_Slot_Pointer_Get
                0x08000c48       0x34 ./Core/Src/main.o
                0x08000c48                Alarm_Slot_Pointer_Get
 .text.Alarm_Check
                0x08000c7c       0xd4 ./Core/Src/main.o
                0x08000c7c                Alarm_Check
 .text.Button_Debounce
                0x08000d50      0x120 ./Core/Src/main.o
                0x08000d50                Button_Debounce
 .text.Button_Handle
                0x08000e70      0x19c ./Core/Src/main.o
                0x08000e70                Button_Handle
 .text.System_Default_Mode_Handle
                0x0800100c       0xd0 ./Core/Src/main.o
                0x0800100c                System_Default_Mode_Handle
 .text.System_Time_Setup_Mode_Handle
                0x080010dc      0x400 ./Core/Src/main.o
                0x080010dc                System_Time_Setup_Mode_Handle
 .text.System_Alarm_Setup_Mode_Handle
                0x080014dc      0x580 ./Core/Src/main.o
                0x080014dc                System_Alarm_Setup_Mode_Handle
 .text.System_Alarm_View_Mode_Handle
                0x08001a5c      0x2bc ./Core/Src/main.o
                0x08001a5c                System_Alarm_View_Mode_Handle
 .text.System_Alarm_Active_Mode_Handle
                0x08001d18       0xe4 ./Core/Src/main.o
                0x08001d18                System_Alarm_Active_Mode_Handle
 .text.System_Options_Mode_Handle
                0x08001dfc       0xcc ./Core/Src/main.o
                0x08001dfc                System_Options_Mode_Handle
 .text.HAL_GPIO_EXTI_Callback
                0x08001ec8       0x9c ./Core/Src/main.o
                0x08001ec8                HAL_GPIO_EXTI_Callback
 .text.HAL_UART_RxCpltCallback
                0x08001f64       0x48 ./Core/Src/main.o
                0x08001f64                HAL_UART_RxCpltCallback
 .text.HAL_ADC_ConvCpltCallback
                0x08001fac       0x60 ./Core/Src/main.o
                0x08001fac                HAL_ADC_ConvCpltCallback
 .text.Error_Handler
                0x0800200c        0xc ./Core/Src/main.o
                0x0800200c                Error_Handler
 .text.MX_SPI1_Init
                0x08002018       0x6c ./Core/Src/spi.o
                0x08002018                MX_SPI1_Init
 .text.HAL_SPI_MspInit
                0x08002084       0x7c ./Core/Src/spi.o
                0x08002084                HAL_SPI_MspInit
 .text.HAL_MspInit
                0x08002100       0x64 ./Core/Src/stm32f1xx_hal_msp.o
                0x08002100                HAL_MspInit
 .text.NMI_Handler
                0x08002164        0x8 ./Core/Src/stm32f1xx_it.o
                0x08002164                NMI_Handler
 .text.HardFault_Handler
                0x0800216c        0x8 ./Core/Src/stm32f1xx_it.o
                0x0800216c                HardFault_Handler
 .text.MemManage_Handler
                0x08002174        0x8 ./Core/Src/stm32f1xx_it.o
                0x08002174                MemManage_Handler
 .text.BusFault_Handler
                0x0800217c        0x8 ./Core/Src/stm32f1xx_it.o
                0x0800217c                BusFault_Handler
 .text.UsageFault_Handler
                0x08002184        0x8 ./Core/Src/stm32f1xx_it.o
                0x08002184                UsageFault_Handler
 .text.SVC_Handler
                0x0800218c        0xc ./Core/Src/stm32f1xx_it.o
                0x0800218c                SVC_Handler
 .text.DebugMon_Handler
                0x08002198        0xc ./Core/Src/stm32f1xx_it.o
                0x08002198                DebugMon_Handler
 .text.PendSV_Handler
                0x080021a4        0xc ./Core/Src/stm32f1xx_it.o
                0x080021a4                PendSV_Handler
 .text.SysTick_Handler
                0x080021b0        0xc ./Core/Src/stm32f1xx_it.o
                0x080021b0                SysTick_Handler
 .text.ADC1_2_IRQHandler
                0x080021bc       0x14 ./Core/Src/stm32f1xx_it.o
                0x080021bc                ADC1_2_IRQHandler
 .text.EXTI9_5_IRQHandler
                0x080021d0       0x16 ./Core/Src/stm32f1xx_it.o
                0x080021d0                EXTI9_5_IRQHandler
 *fill*         0x080021e6        0x2 
 .text.USART1_IRQHandler
                0x080021e8       0x14 ./Core/Src/stm32f1xx_it.o
                0x080021e8                USART1_IRQHandler
 .text.EXTI15_10_IRQHandler
                0x080021fc       0x28 ./Core/Src/stm32f1xx_it.o
                0x080021fc                EXTI15_10_IRQHandler
 .text._read    0x08002224       0x3a ./Core/Src/syscalls.o
                0x08002224                _read
 .text._write   0x0800225e       0x38 ./Core/Src/syscalls.o
                0x0800225e                _write
 .text._close   0x08002296       0x16 ./Core/Src/syscalls.o
                0x08002296                _close
 .text._fstat   0x080022ac       0x1e ./Core/Src/syscalls.o
                0x080022ac                _fstat
 .text._isatty  0x080022ca       0x14 ./Core/Src/syscalls.o
                0x080022ca                _isatty
 .text._lseek   0x080022de       0x18 ./Core/Src/syscalls.o
                0x080022de                _lseek
 *fill*         0x080022f6        0x2 
 .text._sbrk    0x080022f8       0x6c ./Core/Src/sysmem.o
                0x080022f8                _sbrk
 .text.SystemInit
                0x08002364        0xc ./Core/Src/system_stm32f1xx.o
                0x08002364                SystemInit
 .text.MX_USART1_UART_Init
                0x08002370       0x54 ./Core/Src/usart.o
                0x08002370                MX_USART1_UART_Init
 .text.HAL_UART_MspInit
                0x080023c4       0xa8 ./Core/Src/usart.o
                0x080023c4                HAL_UART_MspInit
 .text.Reset_Handler
                0x0800246c       0x48 ./Core/Startup/startup_stm32f103c8tx.o
                0x0800246c                Reset_Handler
 .text.Default_Handler
                0x080024b4        0x2 ./Core/Startup/startup_stm32f103c8tx.o
                0x080024b4                RTC_Alarm_IRQHandler
                0x080024b4                EXTI2_IRQHandler
                0x080024b4                TIM1_CC_IRQHandler
                0x080024b4                PVD_IRQHandler
                0x080024b4                EXTI3_IRQHandler
                0x080024b4                EXTI0_IRQHandler
                0x080024b4                I2C2_EV_IRQHandler
                0x080024b4                SPI1_IRQHandler
                0x080024b4                TAMPER_IRQHandler
                0x080024b4                DMA1_Channel4_IRQHandler
                0x080024b4                USART3_IRQHandler
                0x080024b4                RTC_IRQHandler
                0x080024b4                DMA1_Channel7_IRQHandler
                0x080024b4                CAN1_RX1_IRQHandler
                0x080024b4                TIM4_IRQHandler
                0x080024b4                I2C1_EV_IRQHandler
                0x080024b4                DMA1_Channel6_IRQHandler
                0x080024b4                TIM3_IRQHandler
                0x080024b4                RCC_IRQHandler
                0x080024b4                TIM1_TRG_COM_IRQHandler
                0x080024b4                DMA1_Channel1_IRQHandler
                0x080024b4                Default_Handler
                0x080024b4                SPI2_IRQHandler
                0x080024b4                DMA1_Channel5_IRQHandler
                0x080024b4                EXTI4_IRQHandler
                0x080024b4                USB_LP_CAN1_RX0_IRQHandler
                0x080024b4                USB_HP_CAN1_TX_IRQHandler
                0x080024b4                DMA1_Channel3_IRQHandler
                0x080024b4                TIM1_UP_IRQHandler
                0x080024b4                WWDG_IRQHandler
                0x080024b4                TIM2_IRQHandler
                0x080024b4                TIM1_BRK_IRQHandler
                0x080024b4                EXTI1_IRQHandler
                0x080024b4                USART2_IRQHandler
                0x080024b4                I2C2_ER_IRQHandler
                0x080024b4                DMA1_Channel2_IRQHandler
                0x080024b4                CAN1_SCE_IRQHandler
                0x080024b4                FLASH_IRQHandler
                0x080024b4                I2C1_ER_IRQHandler
                0x080024b4                USBWakeUp_IRQHandler
 *fill*         0x080024b6        0x2 
 .text.HAL_Init
                0x080024b8       0x2c ./Drivers/STM32F1xx_HAL_Driver/Src/stm32f1xx_hal.o
                0x080024b8                HAL_Init
 .text.HAL_InitTick
                0x080024e4       0x60 ./Drivers/STM32F1xx_HAL_Driver/Src/stm32f1xx_hal.o
                0x080024e4                HAL_InitTick
 .text.HAL_IncTick
                0x08002544       0x24 ./Drivers/STM32F1xx_HAL_Driver/Src/stm32f1xx_hal.o
                0x08002544                HAL_IncTick
 .text.HAL_GetTick
                0x08002568       0x14 ./Drivers/STM32F1xx_HAL_Driver/Src/stm32f1xx_hal.o
                0x08002568                HAL_GetTick
 .text.HAL_Delay
                0x0800257c       0x48 ./Drivers/STM32F1xx_HAL_Driver/Src/stm32f1xx_hal.o
                0x0800257c                HAL_Delay
 .text.HAL_ADC_Init
                0x080025c4      0x1b0 ./Drivers/STM32F1xx_HAL_Driver/Src/stm32f1xx_hal_adc.o
                0x080025c4                HAL_ADC_Init
 .text.HAL_ADC_Start_IT
                0x08002774      0x16c ./Drivers/STM32F1xx_HAL_Driver/Src/stm32f1xx_hal_adc.o
                0x08002774                HAL_ADC_Start_IT
 .text.HAL_ADC_GetValue
                0x080028e0       0x18 ./Drivers/STM32F1xx_HAL_Driver/Src/stm32f1xx_hal_adc.o
                0x080028e0                HAL_ADC_GetValue
 .text.HAL_ADC_IRQHandler
                0x080028f8      0x17e ./Drivers/STM32F1xx_HAL_Driver/Src/stm32f1xx_hal_adc.o
                0x080028f8                HAL_ADC_IRQHandler
 .text.HAL_ADC_LevelOutOfWindowCallback
                0x08002a76       0x12 ./Drivers/STM32F1xx_HAL_Driver/Src/stm32f1xx_hal_adc.o
                0x08002a76                HAL_ADC_LevelOutOfWindowCallback
 .text.HAL_ADC_ConfigChannel
                0x08002a88      0x1f0 ./Drivers/STM32F1xx_HAL_Driver/Src/stm32f1xx_hal_adc.o
                0x08002a88                HAL_ADC_ConfigChannel
 .text.ADC_Enable
                0x08002c78       0xb4 ./Drivers/STM32F1xx_HAL_Driver/Src/stm32f1xx_hal_adc.o
                0x08002c78                ADC_Enable
 .text.ADC_ConversionStop_Disable
                0x08002d2c       0x82 ./Drivers/STM32F1xx_HAL_Driver/Src/stm32f1xx_hal_adc.o
                0x08002d2c                ADC_ConversionStop_Disable
 .text.HAL_ADCEx_InjectedConvCpltCallback
                0x08002dae       0x12 ./Drivers/STM32F1xx_HAL_Driver/Src/stm32f1xx_hal_adc_ex.o
                0x08002dae                HAL_ADCEx_InjectedConvCpltCallback
 .text.__NVIC_SetPriorityGrouping
                0x08002dc0       0x48 ./Drivers/STM32F1xx_HAL_Driver/Src/stm32f1xx_hal_cortex.o
 .text.__NVIC_GetPriorityGrouping
                0x08002e08       0x1c ./Drivers/STM32F1xx_HAL_Driver/Src/stm32f1xx_hal_cortex.o
 .text.__NVIC_EnableIRQ
                0x08002e24       0x38 ./Drivers/STM32F1xx_HAL_Driver/Src/stm32f1xx_hal_cortex.o
 .text.__NVIC_SetPriority
                0x08002e5c       0x54 ./Drivers/STM32F1xx_HAL_Driver/Src/stm32f1xx_hal_cortex.o
 .text.NVIC_EncodePriority
                0x08002eb0       0x64 ./Drivers/STM32F1xx_HAL_Driver/Src/stm32f1xx_hal_cortex.o
 .text.SysTick_Config
                0x08002f14       0x44 ./Drivers/STM32F1xx_HAL_Driver/Src/stm32f1xx_hal_cortex.o
 .text.HAL_NVIC_SetPriorityGrouping
                0x08002f58       0x16 ./Drivers/STM32F1xx_HAL_Driver/Src/stm32f1xx_hal_cortex.o
                0x08002f58                HAL_NVIC_SetPriorityGrouping
 .text.HAL_NVIC_SetPriority
                0x08002f6e       0x38 ./Drivers/STM32F1xx_HAL_Driver/Src/stm32f1xx_hal_cortex.o
                0x08002f6e                HAL_NVIC_SetPriority
 .text.HAL_NVIC_EnableIRQ
                0x08002fa6       0x1c ./Drivers/STM32F1xx_HAL_Driver/Src/stm32f1xx_hal_cortex.o
                0x08002fa6                HAL_NVIC_EnableIRQ
 .text.HAL_SYSTICK_Config
                0x08002fc2       0x18 ./Drivers/STM32F1xx_HAL_Driver/Src/stm32f1xx_hal_cortex.o
                0x08002fc2                HAL_SYSTICK_Config
 .text.HAL_DMA_Abort
                0x08002fda       0x76 ./Drivers/STM32F1xx_HAL_Driver/Src/stm32f1xx_hal_dma.o
                0x08002fda                HAL_DMA_Abort
 .text.HAL_DMA_Abort_IT
                0x08003050       0xf0 ./Drivers/STM32F1xx_HAL_Driver/Src/stm32f1xx_hal_dma.o
                0x08003050                HAL_DMA_Abort_IT
 .text.HAL_GPIO_Init
                0x08003140      0x308 ./Drivers/STM32F1xx_HAL_Driver/Src/stm32f1xx_hal_gpio.o
                0x08003140                HAL_GPIO_Init
 .text.HAL_GPIO_ReadPin
                0x08003448       0x2e ./Drivers/STM32F1xx_HAL_Driver/Src/stm32f1xx_hal_gpio.o
                0x08003448                HAL_GPIO_ReadPin
 .text.HAL_GPIO_WritePin
                0x08003476       0x30 ./Drivers/STM32F1xx_HAL_Driver/Src/stm32f1xx_hal_gpio.o
                0x08003476                HAL_GPIO_WritePin
 *fill*         0x080034a6        0x2 
 .text.HAL_GPIO_EXTI_IRQHandler
                0x080034a8       0x30 ./Drivers/STM32F1xx_HAL_Driver/Src/stm32f1xx_hal_gpio.o
                0x080034a8                HAL_GPIO_EXTI_IRQHandler
 .text.HAL_I2C_Init
                0x080034d8      0x288 ./Drivers/STM32F1xx_HAL_Driver/Src/stm32f1xx_hal_i2c.o
                0x080034d8                HAL_I2C_Init
 .text.HAL_I2C_Mem_Write
                0x08003760      0x1f4 ./Drivers/STM32F1xx_HAL_Driver/Src/stm32f1xx_hal_i2c.o
                0x08003760                HAL_I2C_Mem_Write
 .text.HAL_I2C_Mem_Read
                0x08003954      0x4e8 ./Drivers/STM32F1xx_HAL_Driver/Src/stm32f1xx_hal_i2c.o
                0x08003954                HAL_I2C_Mem_Read
 .text.I2C_RequestMemoryWrite
                0x08003e3c      0x12c ./Drivers/STM32F1xx_HAL_Driver/Src/stm32f1xx_hal_i2c.o
 .text.I2C_RequestMemoryRead
                0x08003f68      0x1d0 ./Drivers/STM32F1xx_HAL_Driver/Src/stm32f1xx_hal_i2c.o
 .text.I2C_WaitOnFlagUntilTimeout
                0x08004138       0xf4 ./Drivers/STM32F1xx_HAL_Driver/Src/stm32f1xx_hal_i2c.o
 .text.I2C_WaitOnMasterAddressFlagUntilTimeout
                0x0800422c      0x140 ./Drivers/STM32F1xx_HAL_Driver/Src/stm32f1xx_hal_i2c.o
 .text.I2C_WaitOnTXEFlagUntilTimeout
                0x0800436c       0x90 ./Drivers/STM32F1xx_HAL_Driver/Src/stm32f1xx_hal_i2c.o
 .text.I2C_WaitOnBTFFlagUntilTimeout
                0x080043fc       0x90 ./Drivers/STM32F1xx_HAL_Driver/Src/stm32f1xx_hal_i2c.o
 .text.I2C_WaitOnRXNEFlagUntilTimeout
                0x0800448c       0xba ./Drivers/STM32F1xx_HAL_Driver/Src/stm32f1xx_hal_i2c.o
 .text.I2C_IsAcknowledgeFailed
                0x08004546       0x5c ./Drivers/STM32F1xx_HAL_Driver/Src/stm32f1xx_hal_i2c.o
 *fill*         0x080045a2        0x2 
 .text.HAL_RCC_OscConfig
                0x080045a4      0x504 ./Drivers/STM32F1xx_HAL_Driver/Src/stm32f1xx_hal_rcc.o
                0x080045a4                HAL_RCC_OscConfig
 .text.HAL_RCC_ClockConfig
                0x08004aa8      0x1d4 ./Drivers/STM32F1xx_HAL_Driver/Src/stm32f1xx_hal_rcc.o
                0x08004aa8                HAL_RCC_ClockConfig
 .text.HAL_RCC_GetSysClockFreq
                0x08004c7c       0xa8 ./Drivers/STM32F1xx_HAL_Driver/Src/stm32f1xx_hal_rcc.o
                0x08004c7c                HAL_RCC_GetSysClockFreq
 .text.HAL_RCC_GetHCLKFreq
                0x08004d24       0x14 ./Drivers/STM32F1xx_HAL_Driver/Src/stm32f1xx_hal_rcc.o
                0x08004d24                HAL_RCC_GetHCLKFreq
 .text.HAL_RCC_GetPCLK1Freq
                0x08004d38       0x28 ./Drivers/STM32F1xx_HAL_Driver/Src/stm32f1xx_hal_rcc.o
                0x08004d38                HAL_RCC_GetPCLK1Freq
 .text.HAL_RCC_GetPCLK2Freq
                0x08004d60       0x28 ./Drivers/STM32F1xx_HAL_Driver/Src/stm32f1xx_hal_rcc.o
                0x08004d60                HAL_RCC_GetPCLK2Freq
 .text.RCC_Delay
                0x08004d88       0x3c ./Drivers/STM32F1xx_HAL_Driver/Src/stm32f1xx_hal_rcc.o
 .text.HAL_RCCEx_PeriphCLKConfig
                0x08004dc4      0x16c ./Drivers/STM32F1xx_HAL_Driver/Src/stm32f1xx_hal_rcc_ex.o
                0x08004dc4                HAL_RCCEx_PeriphCLKConfig
 .text.HAL_SPI_Init
                0x08004f30      0x108 ./Drivers/STM32F1xx_HAL_Driver/Src/stm32f1xx_hal_spi.o
                0x08004f30                HAL_SPI_Init
 .text.HAL_SPI_Transmit
                0x08005038      0x288 ./Drivers/STM32F1xx_HAL_Driver/Src/stm32f1xx_hal_spi.o
                0x08005038                HAL_SPI_Transmit
 .text.SPI_WaitFlagStateUntilTimeout
                0x080052c0      0x110 ./Drivers/STM32F1xx_HAL_Driver/Src/stm32f1xx_hal_spi.o
 .text.SPI_EndRxTxTransaction
                0x080053d0       0x62 ./Drivers/STM32F1xx_HAL_Driver/Src/stm32f1xx_hal_spi.o
 .text.HAL_UART_Init
                0x08005432       0xa0 ./Drivers/STM32F1xx_HAL_Driver/Src/stm32f1xx_hal_uart.o
                0x08005432                HAL_UART_Init
 .text.HAL_UART_Receive_IT
                0x080054d2       0x4a ./Drivers/STM32F1xx_HAL_Driver/Src/stm32f1xx_hal_uart.o
                0x080054d2                HAL_UART_Receive_IT
 .text.HAL_UART_IRQHandler
                0x0800551c      0x524 ./Drivers/STM32F1xx_HAL_Driver/Src/stm32f1xx_hal_uart.o
                0x0800551c                HAL_UART_IRQHandler
 .text.HAL_UART_TxCpltCallback
                0x08005a40       0x12 ./Drivers/STM32F1xx_HAL_Driver/Src/stm32f1xx_hal_uart.o
                0x08005a40                HAL_UART_TxCpltCallback
 .text.HAL_UART_ErrorCallback
                0x08005a52       0x12 ./Drivers/STM32F1xx_HAL_Driver/Src/stm32f1xx_hal_uart.o
                0x08005a52                HAL_UART_ErrorCallback
 .text.HAL_UARTEx_RxEventCallback
                0x08005a64       0x16 ./Drivers/STM32F1xx_HAL_Driver/Src/stm32f1xx_hal_uart.o
                0x08005a64                HAL_UARTEx_RxEventCallback
 .text.UART_Start_Receive_IT
                0x08005a7a       0x72 ./Drivers/STM32F1xx_HAL_Driver/Src/stm32f1xx_hal_uart.o
                0x08005a7a                UART_Start_Receive_IT
 .text.UART_EndRxTransfer
                0x08005aec       0xc4 ./Drivers/STM32F1xx_HAL_Driver/Src/stm32f1xx_hal_uart.o
 .text.UART_DMAAbortOnError
                0x08005bb0       0x28 ./Drivers/STM32F1xx_HAL_Driver/Src/stm32f1xx_hal_uart.o
 .text.UART_Transmit_IT
                0x08005bd8       0x9e ./Drivers/STM32F1xx_HAL_Driver/Src/stm32f1xx_hal_uart.o
 .text.UART_EndTransmit_IT
                0x08005c76       0x30 ./Drivers/STM32F1xx_HAL_Driver/Src/stm32f1xx_hal_uart.o
 .text.UART_Receive_IT
                0x08005ca6      0x17c ./Drivers/STM32F1xx_HAL_Driver/Src/stm32f1xx_hal_uart.o
 *fill*         0x08005e22        0x2 
 .text.UART_SetConfig
                0x08005e24      0x11c ./Drivers/STM32F1xx_HAL_Driver/Src/stm32f1xx_hal_uart.o
 .text.DEV_SPI_WriteByte
                0x08005f40       0x24 ./src/DEV_Config.o
                0x08005f40                DEV_SPI_WriteByte
 .text.EPD_2IN9_V2_Reset
                0x08005f64       0x3c ./src/EPD_2in9_V2.o
 .text.EPD_2IN9_V2_SendCommand
                0x08005fa0       0x3c ./src/EPD_2in9_V2.o
 .text.EPD_2IN9_V2_SendData
                0x08005fdc       0x3c ./src/EPD_2in9_V2.o
 .text.EPD_2IN9_V2_ReadBusy
                0x08006018       0x40 ./src/EPD_2in9_V2.o
                0x08006018                EPD_2IN9_V2_ReadBusy
 .text.EPD_2IN9_V2_LUT
                0x08006058       0x3a ./src/EPD_2in9_V2.o
 .text.EPD_2IN9_V2_LUT_by_host
                0x08006092       0x76 ./src/EPD_2in9_V2.o
 .text.EPD_2IN9_V2_TurnOnDisplay
                0x08006108       0x1e ./src/EPD_2in9_V2.o
 .text.EPD_2IN9_V2_TurnOnDisplay_Partial
                0x08006126       0x1e ./src/EPD_2in9_V2.o
 .text.EPD_2IN9_V2_SetWindows
                0x08006144       0x7e ./src/EPD_2in9_V2.o
 .text.EPD_2IN9_V2_SetCursor
                0x080061c2       0x46 ./src/EPD_2in9_V2.o
 .text.EPD_2IN9_V2_Init
                0x08006208       0x7c ./src/EPD_2in9_V2.o
                0x08006208                EPD_2IN9_V2_Init
 .text.EPD_2IN9_V2_Init_Fast
                0x08006284       0x88 ./src/EPD_2in9_V2.o
                0x08006284                EPD_2IN9_V2_Init_Fast
 .text.EPD_2IN9_V2_Clear
                0x0800630c       0x52 ./src/EPD_2in9_V2.o
                0x0800630c                EPD_2IN9_V2_Clear
 *fill*         0x0800635e        0x2 
 .text.EPD_2IN9_V2_Display_Partial
                0x08006360       0xe4 ./src/EPD_2in9_V2.o
                0x08006360                EPD_2IN9_V2_Display_Partial
 .text.EPD_2IN9_V2_Sleep
                0x08006444       0x1a ./src/EPD_2in9_V2.o
                0x08006444                EPD_2IN9_V2_Sleep
 *fill*         0x0800645e        0x2 
 .text.default_mode
                0x08006460      0x1b4 ./src/EPD_2in9_V2_test.o
                0x08006460                default_mode
 .text.Paint_NewImage
                0x08006614       0xa8 ./src/GUI_Paint.o
                0x08006614                Paint_NewImage
 .text.Paint_SelectImage
                0x080066bc       0x1c ./src/GUI_Paint.o
                0x080066bc                Paint_SelectImage
 .text.Paint_SetPixel
                0x080066d8      0x29c ./src/GUI_Paint.o
                0x080066d8                Paint_SetPixel
 .text.Paint_Clear
                0x08006974      0x150 ./src/GUI_Paint.o
                0x08006974                Paint_Clear
 .text.Paint_ClearWindows
                0x08006ac4       0x5c ./src/GUI_Paint.o
                0x08006ac4                Paint_ClearWindows
 .text.Paint_DrawChar
                0x08006b20      0x150 ./src/GUI_Paint.o
                0x08006b20                Paint_DrawChar
 .text.Paint_DrawString_EN
                0x08006c70       0xa8 ./src/GUI_Paint.o
                0x08006c70                Paint_DrawString_EN
 .text.Paint_DrawTime
                0x08006d18      0x1f4 ./src/GUI_Paint.o
                0x08006d18                Paint_DrawTime
 .text.malloc   0x08006f0c       0x10 C:/ST/STM32CubeIDE_1.17.0/STM32CubeIDE/plugins/com.st.stm32cube.ide.mcu.externaltools.gnu-tools-for-stm32.13.3.rel1.win32_1.0.0.202411081344/tools/bin/../lib/gcc/arm-none-eabi/13.3.1/../../../../arm-none-eabi/lib/thumb/v7-m/nofp\libc_nano.a(libc_a-malloc.o)
                0x08006f0c                malloc
 .text.free     0x08006f1c       0x10 C:/ST/STM32CubeIDE_1.17.0/STM32CubeIDE/plugins/com.st.stm32cube.ide.mcu.externaltools.gnu-tools-for-stm32.13.3.rel1.win32_1.0.0.202411081344/tools/bin/../lib/gcc/arm-none-eabi/13.3.1/../../../../arm-none-eabi/lib/thumb/v7-m/nofp\libc_nano.a(libc_a-malloc.o)
                0x08006f1c                free
 .text.sbrk_aligned
                0x08006f2c       0x44 C:/ST/STM32CubeIDE_1.17.0/STM32CubeIDE/plugins/com.st.stm32cube.ide.mcu.externaltools.gnu-tools-for-stm32.13.3.rel1.win32_1.0.0.202411081344/tools/bin/../lib/gcc/arm-none-eabi/13.3.1/../../../../arm-none-eabi/lib/thumb/v7-m/nofp\libc_nano.a(libc_a-mallocr.o)
 .text._malloc_r
                0x08006f70      0x100 C:/ST/STM32CubeIDE_1.17.0/STM32CubeIDE/plugins/com.st.stm32cube.ide.mcu.externaltools.gnu-tools-for-stm32.13.3.rel1.win32_1.0.0.202411081344/tools/bin/../lib/gcc/arm-none-eabi/13.3.1/../../../../arm-none-eabi/lib/thumb/v7-m/nofp\libc_nano.a(libc_a-mallocr.o)
                0x08006f70                _malloc_r
 .text.__malloc_lock
                0x08007070        0xc C:/ST/STM32CubeIDE_1.17.0/STM32CubeIDE/plugins/com.st.stm32cube.ide.mcu.externaltools.gnu-tools-for-stm32.13.3.rel1.win32_1.0.0.202411081344/tools/bin/../lib/gcc/arm-none-eabi/13.3.1/../../../../arm-none-eabi/lib/thumb/v7-m/nofp\libc_nano.a(libc_a-mlock.o)
                0x08007070                __malloc_lock
 .text.__malloc_unlock
                0x0800707c        0xc C:/ST/STM32CubeIDE_1.17.0/STM32CubeIDE/plugins/com.st.stm32cube.ide.mcu.externaltools.gnu-tools-for-stm32.13.3.rel1.win32_1.0.0.202411081344/tools/bin/../lib/gcc/arm-none-eabi/13.3.1/../../../../arm-none-eabi/lib/thumb/v7-m/nofp\libc_nano.a(libc_a-mlock.o)
                0x0800707c                __malloc_unlock
 .text.std      0x08007088       0x6c C:/ST/STM32CubeIDE_1.17.0/STM32CubeIDE/plugins/com.st.stm32cube.ide.mcu.externaltools.gnu-tools-for-stm32.13.3.rel1.win32_1.0.0.202411081344/tools/bin/../lib/gcc/arm-none-eabi/13.3.1/../../../../arm-none-eabi/lib/thumb/v7-m/nofp\libc_nano.a(libc_a-findfp.o)
 .text.stdio_exit_handler
                0x080070f4       0x18 C:/ST/STM32CubeIDE_1.17.0/STM32CubeIDE/plugins/com.st.stm32cube.ide.mcu.externaltools.gnu-tools-for-stm32.13.3.rel1.win32_1.0.0.202411081344/tools/bin/../lib/gcc/arm-none-eabi/13.3.1/../../../../arm-none-eabi/lib/thumb/v7-m/nofp\libc_nano.a(libc_a-findfp.o)
 .text.cleanup_stdio
                0x0800710c       0x40 C:/ST/STM32CubeIDE_1.17.0/STM32CubeIDE/plugins/com.st.stm32cube.ide.mcu.externaltools.gnu-tools-for-stm32.13.3.rel1.win32_1.0.0.202411081344/tools/bin/../lib/gcc/arm-none-eabi/13.3.1/../../../../arm-none-eabi/lib/thumb/v7-m/nofp\libc_nano.a(libc_a-findfp.o)
 .text.global_stdio_init.part.0
                0x0800714c       0x3c C:/ST/STM32CubeIDE_1.17.0/STM32CubeIDE/plugins/com.st.stm32cube.ide.mcu.externaltools.gnu-tools-for-stm32.13.3.rel1.win32_1.0.0.202411081344/tools/bin/../lib/gcc/arm-none-eabi/13.3.1/../../../../arm-none-eabi/lib/thumb/v7-m/nofp\libc_nano.a(libc_a-findfp.o)
 .text.__sfp_lock_acquire
                0x08007188        0xc C:/ST/STM32CubeIDE_1.17.0/STM32CubeIDE/plugins/com.st.stm32cube.ide.mcu.externaltools.gnu-tools-for-stm32.13.3.rel1.win32_1.0.0.202411081344/tools/bin/../lib/gcc/arm-none-eabi/13.3.1/../../../../arm-none-eabi/lib/thumb/v7-m/nofp\libc_nano.a(libc_a-findfp.o)
                0x08007188                __sfp_lock_acquire
 .text.__sfp_lock_release
                0x08007194        0xc C:/ST/STM32CubeIDE_1.17.0/STM32CubeIDE/plugins/com.st.stm32cube.ide.mcu.externaltools.gnu-tools-for-stm32.13.3.rel1.win32_1.0.0.202411081344/tools/bin/../lib/gcc/arm-none-eabi/13.3.1/../../../../arm-none-eabi/lib/thumb/v7-m/nofp\libc_nano.a(libc_a-findfp.o)
                0x08007194                __sfp_lock_release
 .text.__sinit  0x080071a0       0x30 C:/ST/STM32CubeIDE_1.17.0/STM32CubeIDE/plugins/com.st.stm32cube.ide.mcu.externaltools.gnu-tools-for-stm32.13.3.rel1.win32_1.0.0.202411081344/tools/bin/../lib/gcc/arm-none-eabi/13.3.1/../../../../arm-none-eabi/lib/thumb/v7-m/nofp\libc_nano.a(libc_a-findfp.o)
                0x080071a0                __sinit
 .text._fwalk_sglue
                0x080071d0       0x3c C:/ST/STM32CubeIDE_1.17.0/STM32CubeIDE/plugins/com.st.stm32cube.ide.mcu.externaltools.gnu-tools-for-stm32.13.3.rel1.win32_1.0.0.202411081344/tools/bin/../lib/gcc/arm-none-eabi/13.3.1/../../../../arm-none-eabi/lib/thumb/v7-m/nofp\libc_nano.a(libc_a-fwalk.o)
                0x080071d0                _fwalk_sglue
 .text._puts_r  0x0800720c       0xaa C:/ST/STM32CubeIDE_1.17.0/STM32CubeIDE/plugins/com.st.stm32cube.ide.mcu.externaltools.gnu-tools-for-stm32.13.3.rel1.win32_1.0.0.202411081344/tools/bin/../lib/gcc/arm-none-eabi/13.3.1/../../../../arm-none-eabi/lib/thumb/v7-m/nofp\libc_nano.a(libc_a-puts.o)
                0x0800720c                _puts_r
 *fill*         0x080072b6        0x2 
 .text.puts     0x080072b8       0x10 C:/ST/STM32CubeIDE_1.17.0/STM32CubeIDE/plugins/com.st.stm32cube.ide.mcu.externaltools.gnu-tools-for-stm32.13.3.rel1.win32_1.0.0.202411081344/tools/bin/../lib/gcc/arm-none-eabi/13.3.1/../../../../arm-none-eabi/lib/thumb/v7-m/nofp\libc_nano.a(libc_a-puts.o)
                0x080072b8                puts
 .text.__sread  0x080072c8       0x22 C:/ST/STM32CubeIDE_1.17.0/STM32CubeIDE/plugins/com.st.stm32cube.ide.mcu.externaltools.gnu-tools-for-stm32.13.3.rel1.win32_1.0.0.202411081344/tools/bin/../lib/gcc/arm-none-eabi/13.3.1/../../../../arm-none-eabi/lib/thumb/v7-m/nofp\libc_nano.a(libc_a-stdio.o)
                0x080072c8                __sread
 .text.__swrite
                0x080072ea       0x38 C:/ST/STM32CubeIDE_1.17.0/STM32CubeIDE/plugins/com.st.stm32cube.ide.mcu.externaltools.gnu-tools-for-stm32.13.3.rel1.win32_1.0.0.202411081344/tools/bin/../lib/gcc/arm-none-eabi/13.3.1/../../../../arm-none-eabi/lib/thumb/v7-m/nofp\libc_nano.a(libc_a-stdio.o)
                0x080072ea                __swrite
 .text.__sseek  0x08007322       0x24 C:/ST/STM32CubeIDE_1.17.0/STM32CubeIDE/plugins/com.st.stm32cube.ide.mcu.externaltools.gnu-tools-for-stm32.13.3.rel1.win32_1.0.0.202411081344/tools/bin/../lib/gcc/arm-none-eabi/13.3.1/../../../../arm-none-eabi/lib/thumb/v7-m/nofp\libc_nano.a(libc_a-stdio.o)
                0x08007322                __sseek
 .text.__sclose
                0x08007346        0x8 C:/ST/STM32CubeIDE_1.17.0/STM32CubeIDE/plugins/com.st.stm32cube.ide.mcu.externaltools.gnu-tools-for-stm32.13.3.rel1.win32_1.0.0.202411081344/tools/bin/../lib/gcc/arm-none-eabi/13.3.1/../../../../arm-none-eabi/lib/thumb/v7-m/nofp\libc_nano.a(libc_a-stdio.o)
                0x08007346                __sclose
 .text.__swbuf_r
                0x0800734e       0x7c C:/ST/STM32CubeIDE_1.17.0/STM32CubeIDE/plugins/com.st.stm32cube.ide.mcu.externaltools.gnu-tools-for-stm32.13.3.rel1.win32_1.0.0.202411081344/tools/bin/../lib/gcc/arm-none-eabi/13.3.1/../../../../arm-none-eabi/lib/thumb/v7-m/nofp\libc_nano.a(libc_a-wbuf.o)
                0x0800734e                __swbuf_r
 *fill*         0x080073ca        0x2 
 .text.__swsetup_r
                0x080073cc       0xac C:/ST/STM32CubeIDE_1.17.0/STM32CubeIDE/plugins/com.st.stm32cube.ide.mcu.externaltools.gnu-tools-for-stm32.13.3.rel1.win32_1.0.0.202411081344/tools/bin/../lib/gcc/arm-none-eabi/13.3.1/../../../../arm-none-eabi/lib/thumb/v7-m/nofp\libc_nano.a(libc_a-wsetup.o)
                0x080073cc                __swsetup_r
 .text.memset   0x08007478       0x10 C:/ST/STM32CubeIDE_1.17.0/STM32CubeIDE/plugins/com.st.stm32cube.ide.mcu.externaltools.gnu-tools-for-stm32.13.3.rel1.win32_1.0.0.202411081344/tools/bin/../lib/gcc/arm-none-eabi/13.3.1/../../../../arm-none-eabi/lib/thumb/v7-m/nofp\libc_nano.a(libc_a-memset.o)
                0x08007478                memset
 .text._close_r
                0x08007488       0x20 C:/ST/STM32CubeIDE_1.17.0/STM32CubeIDE/plugins/com.st.stm32cube.ide.mcu.externaltools.gnu-tools-for-stm32.13.3.rel1.win32_1.0.0.202411081344/tools/bin/../lib/gcc/arm-none-eabi/13.3.1/../../../../arm-none-eabi/lib/thumb/v7-m/nofp\libc_nano.a(libc_a-closer.o)
                0x08007488                _close_r
 .text._lseek_r
                0x080074a8       0x24 C:/ST/STM32CubeIDE_1.17.0/STM32CubeIDE/plugins/com.st.stm32cube.ide.mcu.externaltools.gnu-tools-for-stm32.13.3.rel1.win32_1.0.0.202411081344/tools/bin/../lib/gcc/arm-none-eabi/13.3.1/../../../../arm-none-eabi/lib/thumb/v7-m/nofp\libc_nano.a(libc_a-lseekr.o)
                0x080074a8                _lseek_r
 .text._read_r  0x080074cc       0x24 C:/ST/STM32CubeIDE_1.17.0/STM32CubeIDE/plugins/com.st.stm32cube.ide.mcu.externaltools.gnu-tools-for-stm32.13.3.rel1.win32_1.0.0.202411081344/tools/bin/../lib/gcc/arm-none-eabi/13.3.1/../../../../arm-none-eabi/lib/thumb/v7-m/nofp\libc_nano.a(libc_a-readr.o)
                0x080074cc                _read_r
 .text._sbrk_r  0x080074f0       0x20 C:/ST/STM32CubeIDE_1.17.0/STM32CubeIDE/plugins/com.st.stm32cube.ide.mcu.externaltools.gnu-tools-for-stm32.13.3.rel1.win32_1.0.0.202411081344/tools/bin/../lib/gcc/arm-none-eabi/13.3.1/../../../../arm-none-eabi/lib/thumb/v7-m/nofp\libc_nano.a(libc_a-sbrkr.o)
                0x080074f0                _sbrk_r
 .text._write_r
                0x08007510       0x24 C:/ST/STM32CubeIDE_1.17.0/STM32CubeIDE/plugins/com.st.stm32cube.ide.mcu.externaltools.gnu-tools-for-stm32.13.3.rel1.win32_1.0.0.202411081344/tools/bin/../lib/gcc/arm-none-eabi/13.3.1/../../../../arm-none-eabi/lib/thumb/v7-m/nofp\libc_nano.a(libc_a-writer.o)
                0x08007510                _write_r
 .text.__errno  0x08007534        0xc C:/ST/STM32CubeIDE_1.17.0/STM32CubeIDE/plugins/com.st.stm32cube.ide.mcu.externaltools.gnu-tools-for-stm32.13.3.rel1.win32_1.0.0.202411081344/tools/bin/../lib/gcc/arm-none-eabi/13.3.1/../../../../arm-none-eabi/lib/thumb/v7-m/nofp\libc_nano.a(libc_a-errno.o)
                0x08007534                __errno
 .text.__libc_init_array
                0x08007540       0x48 C:/ST/STM32CubeIDE_1.17.0/STM32CubeIDE/plugins/com.st.stm32cube.ide.mcu.externaltools.gnu-tools-for-stm32.13.3.rel1.win32_1.0.0.202411081344/tools/bin/../lib/gcc/arm-none-eabi/13.3.1/../../../../arm-none-eabi/lib/thumb/v7-m/nofp\libc_nano.a(libc_a-init.o)
                0x08007540                __libc_init_array
 .text.__retarget_lock_init_recursive
                0x08007588        0x2 C:/ST/STM32CubeIDE_1.17.0/STM32CubeIDE/plugins/com.st.stm32cube.ide.mcu.externaltools.gnu-tools-for-stm32.13.3.rel1.win32_1.0.0.202411081344/tools/bin/../lib/gcc/arm-none-eabi/13.3.1/../../../../arm-none-eabi/lib/thumb/v7-m/nofp\libc_nano.a(libc_a-lock.o)
                0x08007588                __retarget_lock_init_recursive
 .text.__retarget_lock_acquire_recursive
                0x0800758a        0x2 C:/ST/STM32CubeIDE_1.17.0/STM32CubeIDE/plugins/com.st.stm32cube.ide.mcu.externaltools.gnu-tools-for-stm32.13.3.rel1.win32_1.0.0.202411081344/tools/bin/../lib/gcc/arm-none-eabi/13.3.1/../../../../arm-none-eabi/lib/thumb/v7-m/nofp\libc_nano.a(libc_a-lock.o)
                0x0800758a                __retarget_lock_acquire_recursive
 .text.__retarget_lock_release_recursive
                0x0800758c        0x2 C:/ST/STM32CubeIDE_1.17.0/STM32CubeIDE/plugins/com.st.stm32cube.ide.mcu.externaltools.gnu-tools-for-stm32.13.3.rel1.win32_1.0.0.202411081344/tools/bin/../lib/gcc/arm-none-eabi/13.3.1/../../../../arm-none-eabi/lib/thumb/v7-m/nofp\libc_nano.a(libc_a-lock.o)
                0x0800758c                __retarget_lock_release_recursive
 *fill*         0x0800758e        0x2 
 .text._free_r  0x08007590       0x90 C:/ST/STM32CubeIDE_1.17.0/STM32CubeIDE/plugins/com.st.stm32cube.ide.mcu.externaltools.gnu-tools-for-stm32.13.3.rel1.win32_1.0.0.202411081344/tools/bin/../lib/gcc/arm-none-eabi/13.3.1/../../../../arm-none-eabi/lib/thumb/v7-m/nofp\libc_nano.a(libc_a-freer.o)
                0x08007590                _free_r
 .text.__sflush_r
                0x08007620      0x100 C:/ST/STM32CubeIDE_1.17.0/STM32CubeIDE/plugins/com.st.stm32cube.ide.mcu.externaltools.gnu-tools-for-stm32.13.3.rel1.win32_1.0.0.202411081344/tools/bin/../lib/gcc/arm-none-eabi/13.3.1/../../../../arm-none-eabi/lib/thumb/v7-m/nofp\libc_nano.a(libc_a-fflush.o)
                0x08007620                __sflush_r
 .text._fflush_r
                0x08007720       0x50 C:/ST/STM32CubeIDE_1.17.0/STM32CubeIDE/plugins/com.st.stm32cube.ide.mcu.externaltools.gnu-tools-for-stm32.13.3.rel1.win32_1.0.0.202411081344/tools/bin/../lib/gcc/arm-none-eabi/13.3.1/../../../../arm-none-eabi/lib/thumb/v7-m/nofp\libc_nano.a(libc_a-fflush.o)
                0x08007720                _fflush_r
 .text.__swhatbuf_r
                0x08007770       0x4a C:/ST/STM32CubeIDE_1.17.0/STM32CubeIDE/plugins/com.st.stm32cube.ide.mcu.externaltools.gnu-tools-for-stm32.13.3.rel1.win32_1.0.0.202411081344/tools/bin/../lib/gcc/arm-none-eabi/13.3.1/../../../../arm-none-eabi/lib/thumb/v7-m/nofp\libc_nano.a(libc_a-makebuf.o)
                0x08007770                __swhatbuf_r
 .text.__smakebuf_r
                0x080077ba       0x78 C:/ST/STM32CubeIDE_1.17.0/STM32CubeIDE/plugins/com.st.stm32cube.ide.mcu.externaltools.gnu-tools-for-stm32.13.3.rel1.win32_1.0.0.202411081344/tools/bin/../lib/gcc/arm-none-eabi/13.3.1/../../../../arm-none-eabi/lib/thumb/v7-m/nofp\libc_nano.a(libc_a-makebuf.o)
                0x080077ba                __smakebuf_r
 *fill*         0x08007832        0x2 
 .text._fstat_r
                0x08007834       0x24 C:/ST/STM32CubeIDE_1.17.0/STM32CubeIDE/plugins/com.st.stm32cube.ide.mcu.externaltools.gnu-tools-for-stm32.13.3.rel1.win32_1.0.0.202411081344/tools/bin/../lib/gcc/arm-none-eabi/13.3.1/../../../../arm-none-eabi/lib/thumb/v7-m/nofp\libc_nano.a(libc_a-fstatr.o)
                0x08007834                _fstat_r
 .text._isatty_r
                0x08007858       0x20 C:/ST/STM32CubeIDE_1.17.0/STM32CubeIDE/plugins/com.st.stm32cube.ide.mcu.externaltools.gnu-tools-for-stm32.13.3.rel1.win32_1.0.0.202411081344/tools/bin/../lib/gcc/arm-none-eabi/13.3.1/../../../../arm-none-eabi/lib/thumb/v7-m/nofp\libc_nano.a(libc_a-isattyr.o)
                0x08007858                _isatty_r
 *(.glue_7)
 .glue_7        0x08007878        0x0 linker stubs
 *(.glue_7t)
 .glue_7t       0x08007878        0x0 linker stubs
 *(.eh_frame)
 .eh_frame      0x08007878        0x0 C:/ST/STM32CubeIDE_1.17.0/STM32CubeIDE/plugins/com.st.stm32cube.ide.mcu.externaltools.gnu-tools-for-stm32.13.3.rel1.win32_1.0.0.202411081344/tools/bin/../lib/gcc/arm-none-eabi/13.3.1/thumb/v7-m/nofp/crtbegin.o
 *(.init)
 .init          0x08007878        0x4 C:/ST/STM32CubeIDE_1.17.0/STM32CubeIDE/plugins/com.st.stm32cube.ide.mcu.externaltools.gnu-tools-for-stm32.13.3.rel1.win32_1.0.0.202411081344/tools/bin/../lib/gcc/arm-none-eabi/13.3.1/thumb/v7-m/nofp/crti.o
                0x08007878                _init
 .init          0x0800787c        0x8 C:/ST/STM32CubeIDE_1.17.0/STM32CubeIDE/plugins/com.st.stm32cube.ide.mcu.externaltools.gnu-tools-for-stm32.13.3.rel1.win32_1.0.0.202411081344/tools/bin/../lib/gcc/arm-none-eabi/13.3.1/thumb/v7-m/nofp/crtn.o
 *(.fini)
 .fini          0x08007884        0x4 C:/ST/STM32CubeIDE_1.17.0/STM32CubeIDE/plugins/com.st.stm32cube.ide.mcu.externaltools.gnu-tools-for-stm32.13.3.rel1.win32_1.0.0.202411081344/tools/bin/../lib/gcc/arm-none-eabi/13.3.1/thumb/v7-m/nofp/crti.o
                0x08007884                _fini
 .fini          0x08007888        0x8 C:/ST/STM32CubeIDE_1.17.0/STM32CubeIDE/plugins/com.st.stm32cube.ide.mcu.externaltools.gnu-tools-for-stm32.13.3.rel1.win32_1.0.0.202411081344/tools/bin/../lib/gcc/arm-none-eabi/13.3.1/thumb/v7-m/nofp/crtn.o
                0x08007890                        . = ALIGN (0x4)
                0x08007890                        _etext = .

.vfp11_veneer   0x08007890        0x0
 .vfp11_veneer  0x08007890        0x0 linker stubs

.v4_bx          0x08007890        0x0
 .v4_bx         0x08007890        0x0 linker stubs

.iplt           0x08007890        0x0
 .iplt          0x08007890        0x0 C:/ST/STM32CubeIDE_1.17.0/STM32CubeIDE/plugins/com.st.stm32cube.ide.mcu.externaltools.gnu-tools-for-stm32.13.3.rel1.win32_1.0.0.202411081344/tools/bin/../lib/gcc/arm-none-eabi/13.3.1/thumb/v7-m/nofp/crtbegin.o

.rodata         0x08007890     0x2064
                0x08007890                        . = ALIGN (0x4)
 *(.rodata)
 .rodata        0x08007890       0x10 ./Core/Src/main.o
 .rodata        0x080078a0       0x35 ./src/EPD_2in9_V2.o
 *fill*         0x080078d5        0x3 
 .rodata        0x080078d8      0x1de ./src/EPD_2in9_V2_test.o
 *fill*         0x08007ab6        0x2 
 .rodata        0x08007ab8      0x356 ./src/GUI_Paint.o
 *(.rodata*)
 *fill*         0x08007e0e        0x2 
 .rodata.AHBPrescTable
                0x08007e10       0x10 ./Core/Src/system_stm32f1xx.o
                0x08007e10                AHBPrescTable
 .rodata.APBPrescTable
                0x08007e20        0x8 ./Core/Src/system_stm32f1xx.o
                0x08007e20                APBPrescTable
 .rodata.aPLLMULFactorTable.1
                0x08007e28       0x10 ./Drivers/STM32F1xx_HAL_Driver/Src/stm32f1xx_hal_rcc.o
 .rodata.aPredivFactorTable.0
                0x08007e38        0x2 ./Drivers/STM32F1xx_HAL_Driver/Src/stm32f1xx_hal_rcc.o
 *fill*         0x08007e3a        0x2 
 .rodata.Font16_Table
                0x08007e3c      0xbe0 ./src/font16.o
                0x08007e3c                Font16_Table
 .rodata.Font20_Table
                0x08008a1c      0xed8 ./src/font20.o
                0x08008a1c                Font20_Table
                0x080098f4                        . = ALIGN (0x4)

.ARM.extab      0x080098f4        0x0
                0x080098f4                        . = ALIGN (0x4)
 *(.ARM.extab* .gnu.linkonce.armextab.*)
                0x080098f4                        . = ALIGN (0x4)

.ARM            0x080098f4        0x0
                0x080098f4                        . = ALIGN (0x4)
                0x080098f4                        __exidx_start = .
 *(.ARM.exidx*)
                0x080098f4                        __exidx_end = .
                0x080098f4                        . = ALIGN (0x4)

.preinit_array  0x080098f4        0x0
                0x080098f4                        . = ALIGN (0x4)
                0x080098f4                        PROVIDE (__preinit_array_start = .)
 *(.preinit_array*)
                0x080098f4                        PROVIDE (__preinit_array_end = .)
                0x080098f4                        . = ALIGN (0x4)

.init_array     0x080098f4        0x4
                0x080098f4                        . = ALIGN (0x4)
                0x080098f4                        PROVIDE (__init_array_start = .)
 *(SORT_BY_NAME(.init_array.*))
 *(.init_array*)
 .init_array    0x080098f4        0x4 C:/ST/STM32CubeIDE_1.17.0/STM32CubeIDE/plugins/com.st.stm32cube.ide.mcu.externaltools.gnu-tools-for-stm32.13.3.rel1.win32_1.0.0.202411081344/tools/bin/../lib/gcc/arm-none-eabi/13.3.1/thumb/v7-m/nofp/crtbegin.o
                0x080098f8                        PROVIDE (__init_array_end = .)
                0x080098f8                        . = ALIGN (0x4)

.fini_array     0x080098f8        0x4
                0x080098f8                        . = ALIGN (0x4)
                [!provide]                        PROVIDE (__fini_array_start = .)
 *(SORT_BY_NAME(.fini_array.*))
 *(.fini_array*)
 .fini_array    0x080098f8        0x4 C:/ST/STM32CubeIDE_1.17.0/STM32CubeIDE/plugins/com.st.stm32cube.ide.mcu.externaltools.gnu-tools-for-stm32.13.3.rel1.win32_1.0.0.202411081344/tools/bin/../lib/gcc/arm-none-eabi/13.3.1/thumb/v7-m/nofp/crtbegin.o
                [!provide]                        PROVIDE (__fini_array_end = .)
                0x080098fc                        . = ALIGN (0x4)
                0x080098fc                        _sidata = LOADADDR (.data)

.rel.dyn        0x080098fc        0x0
 .rel.iplt      0x080098fc        0x0 C:/ST/STM32CubeIDE_1.17.0/STM32CubeIDE/plugins/com.st.stm32cube.ide.mcu.externaltools.gnu-tools-for-stm32.13.3.rel1.win32_1.0.0.202411081344/tools/bin/../lib/gcc/arm-none-eabi/13.3.1/thumb/v7-m/nofp/crtbegin.o

.data           0x20000000      0x2a8 load address 0x080098fc
                0x20000000                        . = ALIGN (0x4)
                0x20000000                        _sdata = .
 *(.data)
 *(.data*)
 .data.button0  0x20000000       0x10 ./Core/Src/main.o
                0x20000000                button0
 .data.button1  0x20000010       0x10 ./Core/Src/main.o
                0x20000010                button1
 .data.button2  0x20000020       0x10 ./Core/Src/main.o
                0x20000020                button2
 .data.button3  0x20000030       0x10 ./Core/Src/main.o
                0x20000030                button3
 .data.button4  0x20000040       0x10 ./Core/Src/main.o
                0x20000040                button4
 .data.SystemCoreClock
                0x20000050        0x4 ./Core/Src/system_stm32f1xx.o
                0x20000050                SystemCoreClock
 .data.uwTickPrio
                0x20000054        0x4 ./Drivers/STM32F1xx_HAL_Driver/Src/stm32f1xx_hal.o
                0x20000054                uwTickPrio
 .data.uwTickFreq
                0x20000058        0x1 ./Drivers/STM32F1xx_HAL_Driver/Src/stm32f1xx_hal.o
                0x20000058                uwTickFreq
 *fill*         0x20000059        0x3 
 .data._WF_PARTIAL_2IN9
                0x2000005c       0x9f ./src/EPD_2in9_V2.o
                0x2000005c                _WF_PARTIAL_2IN9
 *fill*         0x200000fb        0x1 
 .data.WS_20_30
                0x200000fc       0x9f ./src/EPD_2in9_V2.o
                0x200000fc                WS_20_30
 *fill*         0x2000019b        0x1 
 .data.WF_FULL  0x2000019c       0x9f ./src/EPD_2in9_V2.o
                0x2000019c                WF_FULL
 *fill*         0x2000023b        0x1 
 .data.Font16   0x2000023c        0x8 ./src/font16.o
                0x2000023c                Font16
 .data.Font20   0x20000244        0x8 ./src/font20.o
                0x20000244                Font20
 .data.__sglue  0x2000024c        0xc C:/ST/STM32CubeIDE_1.17.0/STM32CubeIDE/plugins/com.st.stm32cube.ide.mcu.externaltools.gnu-tools-for-stm32.13.3.rel1.win32_1.0.0.202411081344/tools/bin/../lib/gcc/arm-none-eabi/13.3.1/../../../../arm-none-eabi/lib/thumb/v7-m/nofp\libc_nano.a(libc_a-findfp.o)
                0x2000024c                __sglue
 .data._impure_ptr
                0x20000258        0x4 C:/ST/STM32CubeIDE_1.17.0/STM32CubeIDE/plugins/com.st.stm32cube.ide.mcu.externaltools.gnu-tools-for-stm32.13.3.rel1.win32_1.0.0.202411081344/tools/bin/../lib/gcc/arm-none-eabi/13.3.1/../../../../arm-none-eabi/lib/thumb/v7-m/nofp\libc_nano.a(libc_a-impure.o)
                0x20000258                _impure_ptr
 .data._impure_data
                0x2000025c       0x4c C:/ST/STM32CubeIDE_1.17.0/STM32CubeIDE/plugins/com.st.stm32cube.ide.mcu.externaltools.gnu-tools-for-stm32.13.3.rel1.win32_1.0.0.202411081344/tools/bin/../lib/gcc/arm-none-eabi/13.3.1/../../../../arm-none-eabi/lib/thumb/v7-m/nofp\libc_nano.a(libc_a-impure.o)
                0x2000025c                _impure_data
 *(.RamFunc)
 *(.RamFunc*)
                0x200002a8                        . = ALIGN (0x4)
                0x200002a8                        _edata = .

.igot.plt       0x200002a8        0x0 load address 0x08009ba4
 .igot.plt      0x200002a8        0x0 C:/ST/STM32CubeIDE_1.17.0/STM32CubeIDE/plugins/com.st.stm32cube.ide.mcu.externaltools.gnu-tools-for-stm32.13.3.rel1.win32_1.0.0.202411081344/tools/bin/../lib/gcc/arm-none-eabi/13.3.1/thumb/v7-m/nofp/crtbegin.o
                0x200002a8                        . = ALIGN (0x4)

.bss            0x200002a8      0x314 load address 0x08009ba4
                0x200002a8                        _sbss = .
                0x200002a8                        __bss_start__ = _sbss
 *(.bss)
 .bss           0x200002a8       0x1c C:/ST/STM32CubeIDE_1.17.0/STM32CubeIDE/plugins/com.st.stm32cube.ide.mcu.externaltools.gnu-tools-for-stm32.13.3.rel1.win32_1.0.0.202411081344/tools/bin/../lib/gcc/arm-none-eabi/13.3.1/thumb/v7-m/nofp/crtbegin.o
 *(.bss*)
 .bss.hadc1     0x200002c4       0x30 ./Core/Src/adc.o
                0x200002c4                hadc1
 .bss.hi2c1     0x200002f4       0x54 ./Core/Src/i2c.o
                0x200002f4                hi2c1
 .bss.system_state
                0x20000348        0x4 ./Core/Src/main.o
                0x20000348                system_state
 .bss.system_param_data
                0x2000034c        0x9 ./Core/Src/main.o
                0x2000034c                system_param_data
 *fill*         0x20000355        0x3 
 .bss.time_get_data
                0x20000358        0x7 ./Core/Src/main.o
                0x20000358                time_get_data
 *fill*         0x2000035f        0x1 
 .bss.alarm_get_data
                0x20000360       0x3c ./Core/Src/main.o
                0x20000360                alarm_get_data
 .bss.alarm_slot_ptr
                0x2000039c        0x1 ./Core/Src/main.o
                0x2000039c                alarm_slot_ptr
 .bss.rtc_int_flag
                0x2000039d        0x1 ./Core/Src/main.o
                0x2000039d                rtc_int_flag
 .bss.debug_alarm_activate_ctr
                0x2000039e        0x1 ./Core/Src/main.o
                0x2000039e                debug_alarm_activate_ctr
 .bss.debug_rtc_int
                0x2000039f        0x1 ./Core/Src/main.o
                0x2000039f                debug_rtc_int
 .bss.debug_button_counter
                0x200003a0        0x5 ./Core/Src/main.o
                0x200003a0                debug_button_counter
 .bss.adc_valid_flag
                0x200003a5        0x1 ./Core/Src/main.o
                0x200003a5                adc_valid_flag
 .bss.adc_data  0x200003a6        0x2 ./Core/Src/main.o
                0x200003a6                adc_data
 .bss.battery_percentage
                0x200003a8        0x2 ./Core/Src/main.o
                0x200003a8                battery_percentage
 .bss.uart_rx_flag
                0x200003aa        0x1 ./Core/Src/main.o
                0x200003aa                uart_rx_flag
 *fill*         0x200003ab        0x1 
 .bss.uart_rx_data
                0x200003ac        0x2 ./Core/Src/main.o
                0x200003ac                uart_rx_data
 .bss.uart_rx_hour
                0x200003ae        0x1 ./Core/Src/main.o
                0x200003ae                uart_rx_hour
 .bss.uart_rx_minute
                0x200003af        0x1 ./Core/Src/main.o
                0x200003af                uart_rx_minute
 .bss.hspi1     0x200003b0       0x58 ./Core/Src/spi.o
                0x200003b0                hspi1
 .bss.__sbrk_heap_end
                0x20000408        0x4 ./Core/Src/sysmem.o
 .bss.huart1    0x2000040c       0x48 ./Core/Src/usart.o
                0x2000040c                huart1
 .bss.uwTick    0x20000454        0x4 ./Drivers/STM32F1xx_HAL_Driver/Src/stm32f1xx_hal.o
                0x20000454                uwTick
 .bss.Paint     0x20000458       0x18 ./src/GUI_Paint.o
                0x20000458                Paint
 .bss.__malloc_sbrk_start
                0x20000470        0x4 C:/ST/STM32CubeIDE_1.17.0/STM32CubeIDE/plugins/com.st.stm32cube.ide.mcu.externaltools.gnu-tools-for-stm32.13.3.rel1.win32_1.0.0.202411081344/tools/bin/../lib/gcc/arm-none-eabi/13.3.1/../../../../arm-none-eabi/lib/thumb/v7-m/nofp\libc_nano.a(libc_a-mallocr.o)
                0x20000470                __malloc_sbrk_start
 .bss.__malloc_free_list
                0x20000474        0x4 C:/ST/STM32CubeIDE_1.17.0/STM32CubeIDE/plugins/com.st.stm32cube.ide.mcu.externaltools.gnu-tools-for-stm32.13.3.rel1.win32_1.0.0.202411081344/tools/bin/../lib/gcc/arm-none-eabi/13.3.1/../../../../arm-none-eabi/lib/thumb/v7-m/nofp\libc_nano.a(libc_a-mallocr.o)
                0x20000474                __malloc_free_list
 .bss.__sf      0x20000478      0x138 C:/ST/STM32CubeIDE_1.17.0/STM32CubeIDE/plugins/com.st.stm32cube.ide.mcu.externaltools.gnu-tools-for-stm32.13.3.rel1.win32_1.0.0.202411081344/tools/bin/../lib/gcc/arm-none-eabi/13.3.1/../../../../arm-none-eabi/lib/thumb/v7-m/nofp\libc_nano.a(libc_a-findfp.o)
                0x20000478                __sf
 .bss.__stdio_exit_handler
                0x200005b0        0x4 C:/ST/STM32CubeIDE_1.17.0/STM32CubeIDE/plugins/com.st.stm32cube.ide.mcu.externaltools.gnu-tools-for-stm32.13.3.rel1.win32_1.0.0.202411081344/tools/bin/../lib/gcc/arm-none-eabi/13.3.1/../../../../arm-none-eabi/lib/thumb/v7-m/nofp\libc_nano.a(libc_a-findfp.o)
                0x200005b0                __stdio_exit_handler
 .bss.errno     0x200005b4        0x4 C:/ST/STM32CubeIDE_1.17.0/STM32CubeIDE/plugins/com.st.stm32cube.ide.mcu.externaltools.gnu-tools-for-stm32.13.3.rel1.win32_1.0.0.202411081344/tools/bin/../lib/gcc/arm-none-eabi/13.3.1/../../../../arm-none-eabi/lib/thumb/v7-m/nofp\libc_nano.a(libc_a-reent.o)
                0x200005b4                errno
 .bss.__lock___malloc_recursive_mutex
                0x200005b8        0x1 C:/ST/STM32CubeIDE_1.17.0/STM32CubeIDE/plugins/com.st.stm32cube.ide.mcu.externaltools.gnu-tools-for-stm32.13.3.rel1.win32_1.0.0.202411081344/tools/bin/../lib/gcc/arm-none-eabi/13.3.1/../../../../arm-none-eabi/lib/thumb/v7-m/nofp\libc_nano.a(libc_a-lock.o)
                0x200005b8                __lock___malloc_recursive_mutex
 .bss.__lock___sfp_recursive_mutex
                0x200005b9        0x1 C:/ST/STM32CubeIDE_1.17.0/STM32CubeIDE/plugins/com.st.stm32cube.ide.mcu.externaltools.gnu-tools-for-stm32.13.3.rel1.win32_1.0.0.202411081344/tools/bin/../lib/gcc/arm-none-eabi/13.3.1/../../../../arm-none-eabi/lib/thumb/v7-m/nofp\libc_nano.a(libc_a-lock.o)
                0x200005b9                __lock___sfp_recursive_mutex
 *(COMMON)
                0x200005bc                        . = ALIGN (0x4)
 *fill*         0x200005ba        0x2 
                0x200005bc                        _ebss = .
                0x200005bc                        __bss_end__ = _ebss

._user_heap_stack
                0x200005bc      0x604 load address 0x08009ba4
                0x200005c0                        . = ALIGN (0x8)
 *fill*         0x200005bc        0x4 
                [!provide]                        PROVIDE (end = .)
                0x200005c0                        PROVIDE (_end = .)
                0x200007c0                        . = (. + _Min_Heap_Size)
 *fill*         0x200005c0      0x200 
                0x20000bc0                        . = (. + _Min_Stack_Size)
 *fill*         0x200007c0      0x400 
                0x20000bc0                        . = ALIGN (0x8)

/DISCARD/
 libc.a(*)
 libm.a(*)
 libgcc.a(*)

.ARM.attributes
                0x00000000       0x29
 *(.ARM.attributes)
 .ARM.attributes
                0x00000000       0x1d C:/ST/STM32CubeIDE_1.17.0/STM32CubeIDE/plugins/com.st.stm32cube.ide.mcu.externaltools.gnu-tools-for-stm32.13.3.rel1.win32_1.0.0.202411081344/tools/bin/../lib/gcc/arm-none-eabi/13.3.1/thumb/v7-m/nofp/crti.o
 .ARM.attributes
                0x0000001d       0x2d C:/ST/STM32CubeIDE_1.17.0/STM32CubeIDE/plugins/com.st.stm32cube.ide.mcu.externaltools.gnu-tools-for-stm32.13.3.rel1.win32_1.0.0.202411081344/tools/bin/../lib/gcc/arm-none-eabi/13.3.1/thumb/v7-m/nofp/crtbegin.o
 .ARM.attributes
                0x0000004a       0x2d ./Core/Src/adc.o
 .ARM.attributes
                0x00000077       0x2d ./Core/Src/gpio.o
 .ARM.attributes
                0x000000a4       0x2d ./Core/Src/i2c.o
 .ARM.attributes
                0x000000d1       0x2d ./Core/Src/main.o
 .ARM.attributes
                0x000000fe       0x2d ./Core/Src/spi.o
 .ARM.attributes
                0x0000012b       0x2d ./Core/Src/stm32f1xx_hal_msp.o
 .ARM.attributes
                0x00000158       0x2d ./Core/Src/stm32f1xx_it.o
 .ARM.attributes
                0x00000185       0x2d ./Core/Src/syscalls.o
 .ARM.attributes
                0x000001b2       0x2d ./Core/Src/sysmem.o
 .ARM.attributes
                0x000001df       0x2d ./Core/Src/system_stm32f1xx.o
 .ARM.attributes
                0x0000020c       0x2d ./Core/Src/usart.o
 .ARM.attributes
                0x00000239       0x21 ./Core/Startup/startup_stm32f103c8tx.o
 .ARM.attributes
                0x0000025a       0x2d ./Drivers/STM32F1xx_HAL_Driver/Src/stm32f1xx_hal.o
 .ARM.attributes
                0x00000287       0x2d ./Drivers/STM32F1xx_HAL_Driver/Src/stm32f1xx_hal_adc.o
 .ARM.attributes
                0x000002b4       0x2d ./Drivers/STM32F1xx_HAL_Driver/Src/stm32f1xx_hal_adc_ex.o
 .ARM.attributes
                0x000002e1       0x2d ./Drivers/STM32F1xx_HAL_Driver/Src/stm32f1xx_hal_cortex.o
 .ARM.attributes
                0x0000030e       0x2d ./Drivers/STM32F1xx_HAL_Driver/Src/stm32f1xx_hal_dma.o
 .ARM.attributes
                0x0000033b       0x2d ./Drivers/STM32F1xx_HAL_Driver/Src/stm32f1xx_hal_gpio.o
 .ARM.attributes
                0x00000368       0x2d ./Drivers/STM32F1xx_HAL_Driver/Src/stm32f1xx_hal_i2c.o
 .ARM.attributes
                0x00000395       0x2d ./Drivers/STM32F1xx_HAL_Driver/Src/stm32f1xx_hal_rcc.o
 .ARM.attributes
                0x000003c2       0x2d ./Drivers/STM32F1xx_HAL_Driver/Src/stm32f1xx_hal_rcc_ex.o
 .ARM.attributes
                0x000003ef       0x2d ./Drivers/STM32F1xx_HAL_Driver/Src/stm32f1xx_hal_spi.o
 .ARM.attributes
                0x0000041c       0x2d ./Drivers/STM32F1xx_HAL_Driver/Src/stm32f1xx_hal_uart.o
 .ARM.attributes
                0x00000449       0x2d ./src/DEV_Config.o
 .ARM.attributes
                0x00000476       0x2d ./src/EPD_2in9_V2.o
 .ARM.attributes
                0x000004a3       0x2d ./src/EPD_2in9_V2_test.o
 .ARM.attributes
                0x000004d0       0x2d ./src/GUI_Paint.o
 .ARM.attributes
                0x000004fd       0x2d ./src/font16.o
 .ARM.attributes
                0x0000052a       0x2d ./src/font20.o
 .ARM.attributes
                0x00000557       0x2d C:/ST/STM32CubeIDE_1.17.0/STM32CubeIDE/plugins/com.st.stm32cube.ide.mcu.externaltools.gnu-tools-for-stm32.13.3.rel1.win32_1.0.0.202411081344/tools/bin/../lib/gcc/arm-none-eabi/13.3.1/../../../../arm-none-eabi/lib/thumb/v7-m/nofp\libc_nano.a(libc_a-malloc.o)
 .ARM.attributes
                0x00000584       0x2d C:/ST/STM32CubeIDE_1.17.0/STM32CubeIDE/plugins/com.st.stm32cube.ide.mcu.externaltools.gnu-tools-for-stm32.13.3.rel1.win32_1.0.0.202411081344/tools/bin/../lib/gcc/arm-none-eabi/13.3.1/../../../../arm-none-eabi/lib/thumb/v7-m/nofp\libc_nano.a(libc_a-mallocr.o)
 .ARM.attributes
                0x000005b1       0x2d C:/ST/STM32CubeIDE_1.17.0/STM32CubeIDE/plugins/com.st.stm32cube.ide.mcu.externaltools.gnu-tools-for-stm32.13.3.rel1.win32_1.0.0.202411081344/tools/bin/../lib/gcc/arm-none-eabi/13.3.1/../../../../arm-none-eabi/lib/thumb/v7-m/nofp\libc_nano.a(libc_a-mlock.o)
 .ARM.attributes
                0x000005de       0x2d C:/ST/STM32CubeIDE_1.17.0/STM32CubeIDE/plugins/com.st.stm32cube.ide.mcu.externaltools.gnu-tools-for-stm32.13.3.rel1.win32_1.0.0.202411081344/tools/bin/../lib/gcc/arm-none-eabi/13.3.1/../../../../arm-none-eabi/lib/thumb/v7-m/nofp\libc_nano.a(libc_a-findfp.o)
 .ARM.attributes
                0x0000060b       0x2d C:/ST/STM32CubeIDE_1.17.0/STM32CubeIDE/plugins/com.st.stm32cube.ide.mcu.externaltools.gnu-tools-for-stm32.13.3.rel1.win32_1.0.0.202411081344/tools/bin/../lib/gcc/arm-none-eabi/13.3.1/../../../../arm-none-eabi/lib/thumb/v7-m/nofp\libc_nano.a(libc_a-fwalk.o)
 .ARM.attributes
                0x00000638       0x2d C:/ST/STM32CubeIDE_1.17.0/STM32CubeIDE/plugins/com.st.stm32cube.ide.mcu.externaltools.gnu-tools-for-stm32.13.3.rel1.win32_1.0.0.202411081344/tools/bin/../lib/gcc/arm-none-eabi/13.3.1/../../../../arm-none-eabi/lib/thumb/v7-m/nofp\libc_nano.a(libc_a-puts.o)
 .ARM.attributes
                0x00000665       0x2d C:/ST/STM32CubeIDE_1.17.0/STM32CubeIDE/plugins/com.st.stm32cube.ide.mcu.externaltools.gnu-tools-for-stm32.13.3.rel1.win32_1.0.0.202411081344/tools/bin/../lib/gcc/arm-none-eabi/13.3.1/../../../../arm-none-eabi/lib/thumb/v7-m/nofp\libc_nano.a(libc_a-stdio.o)
 .ARM.attributes
                0x00000692       0x2d C:/ST/STM32CubeIDE_1.17.0/STM32CubeIDE/plugins/com.st.stm32cube.ide.mcu.externaltools.gnu-tools-for-stm32.13.3.rel1.win32_1.0.0.202411081344/tools/bin/../lib/gcc/arm-none-eabi/13.3.1/../../../../arm-none-eabi/lib/thumb/v7-m/nofp\libc_nano.a(libc_a-wbuf.o)
 .ARM.attributes
                0x000006bf       0x2d C:/ST/STM32CubeIDE_1.17.0/STM32CubeIDE/plugins/com.st.stm32cube.ide.mcu.externaltools.gnu-tools-for-stm32.13.3.rel1.win32_1.0.0.202411081344/tools/bin/../lib/gcc/arm-none-eabi/13.3.1/../../../../arm-none-eabi/lib/thumb/v7-m/nofp\libc_nano.a(libc_a-wsetup.o)
 .ARM.attributes
                0x000006ec       0x2d C:/ST/STM32CubeIDE_1.17.0/STM32CubeIDE/plugins/com.st.stm32cube.ide.mcu.externaltools.gnu-tools-for-stm32.13.3.rel1.win32_1.0.0.202411081344/tools/bin/../lib/gcc/arm-none-eabi/13.3.1/../../../../arm-none-eabi/lib/thumb/v7-m/nofp\libc_nano.a(libc_a-memset.o)
 .ARM.attributes
                0x00000719       0x2d C:/ST/STM32CubeIDE_1.17.0/STM32CubeIDE/plugins/com.st.stm32cube.ide.mcu.externaltools.gnu-tools-for-stm32.13.3.rel1.win32_1.0.0.202411081344/tools/bin/../lib/gcc/arm-none-eabi/13.3.1/../../../../arm-none-eabi/lib/thumb/v7-m/nofp\libc_nano.a(libc_a-closer.o)
 .ARM.attributes
                0x00000746       0x2d C:/ST/STM32CubeIDE_1.17.0/STM32CubeIDE/plugins/com.st.stm32cube.ide.mcu.externaltools.gnu-tools-for-stm32.13.3.rel1.win32_1.0.0.202411081344/tools/bin/../lib/gcc/arm-none-eabi/13.3.1/../../../../arm-none-eabi/lib/thumb/v7-m/nofp\libc_nano.a(libc_a-reent.o)
 .ARM.attributes
                0x00000773       0x2d C:/ST/STM32CubeIDE_1.17.0/STM32CubeIDE/plugins/com.st.stm32cube.ide.mcu.externaltools.gnu-tools-for-stm32.13.3.rel1.win32_1.0.0.202411081344/tools/bin/../lib/gcc/arm-none-eabi/13.3.1/../../../../arm-none-eabi/lib/thumb/v7-m/nofp\libc_nano.a(libc_a-impure.o)
 .ARM.attributes
                0x000007a0       0x2d C:/ST/STM32CubeIDE_1.17.0/STM32CubeIDE/plugins/com.st.stm32cube.ide.mcu.externaltools.gnu-tools-for-stm32.13.3.rel1.win32_1.0.0.202411081344/tools/bin/../lib/gcc/arm-none-eabi/13.3.1/../../../../arm-none-eabi/lib/thumb/v7-m/nofp\libc_nano.a(libc_a-lseekr.o)
 .ARM.attributes
                0x000007cd       0x2d C:/ST/STM32CubeIDE_1.17.0/STM32CubeIDE/plugins/com.st.stm32cube.ide.mcu.externaltools.gnu-tools-for-stm32.13.3.rel1.win32_1.0.0.202411081344/tools/bin/../lib/gcc/arm-none-eabi/13.3.1/../../../../arm-none-eabi/lib/thumb/v7-m/nofp\libc_nano.a(libc_a-readr.o)
 .ARM.attributes
                0x000007fa       0x2d C:/ST/STM32CubeIDE_1.17.0/STM32CubeIDE/plugins/com.st.stm32cube.ide.mcu.externaltools.gnu-tools-for-stm32.13.3.rel1.win32_1.0.0.202411081344/tools/bin/../lib/gcc/arm-none-eabi/13.3.1/../../../../arm-none-eabi/lib/thumb/v7-m/nofp\libc_nano.a(libc_a-sbrkr.o)
 .ARM.attributes
                0x00000827       0x2d C:/ST/STM32CubeIDE_1.17.0/STM32CubeIDE/plugins/com.st.stm32cube.ide.mcu.externaltools.gnu-tools-for-stm32.13.3.rel1.win32_1.0.0.202411081344/tools/bin/../lib/gcc/arm-none-eabi/13.3.1/../../../../arm-none-eabi/lib/thumb/v7-m/nofp\libc_nano.a(libc_a-writer.o)
 .ARM.attributes
                0x00000854       0x2d C:/ST/STM32CubeIDE_1.17.0/STM32CubeIDE/plugins/com.st.stm32cube.ide.mcu.externaltools.gnu-tools-for-stm32.13.3.rel1.win32_1.0.0.202411081344/tools/bin/../lib/gcc/arm-none-eabi/13.3.1/../../../../arm-none-eabi/lib/thumb/v7-m/nofp\libc_nano.a(libc_a-errno.o)
 .ARM.attributes
                0x00000881       0x2d C:/ST/STM32CubeIDE_1.17.0/STM32CubeIDE/plugins/com.st.stm32cube.ide.mcu.externaltools.gnu-tools-for-stm32.13.3.rel1.win32_1.0.0.202411081344/tools/bin/../lib/gcc/arm-none-eabi/13.3.1/../../../../arm-none-eabi/lib/thumb/v7-m/nofp\libc_nano.a(libc_a-init.o)
 .ARM.attributes
                0x000008ae       0x2d C:/ST/STM32CubeIDE_1.17.0/STM32CubeIDE/plugins/com.st.stm32cube.ide.mcu.externaltools.gnu-tools-for-stm32.13.3.rel1.win32_1.0.0.202411081344/tools/bin/../lib/gcc/arm-none-eabi/13.3.1/../../../../arm-none-eabi/lib/thumb/v7-m/nofp\libc_nano.a(libc_a-lock.o)
 .ARM.attributes
                0x000008db       0x2d C:/ST/STM32CubeIDE_1.17.0/STM32CubeIDE/plugins/com.st.stm32cube.ide.mcu.externaltools.gnu-tools-for-stm32.13.3.rel1.win32_1.0.0.202411081344/tools/bin/../lib/gcc/arm-none-eabi/13.3.1/../../../../arm-none-eabi/lib/thumb/v7-m/nofp\libc_nano.a(libc_a-freer.o)
 .ARM.attributes
                0x00000908       0x2d C:/ST/STM32CubeIDE_1.17.0/STM32CubeIDE/plugins/com.st.stm32cube.ide.mcu.externaltools.gnu-tools-for-stm32.13.3.rel1.win32_1.0.0.202411081344/tools/bin/../lib/gcc/arm-none-eabi/13.3.1/../../../../arm-none-eabi/lib/thumb/v7-m/nofp\libc_nano.a(libc_a-fflush.o)
 .ARM.attributes
                0x00000935       0x2d C:/ST/STM32CubeIDE_1.17.0/STM32CubeIDE/plugins/com.st.stm32cube.ide.mcu.externaltools.gnu-tools-for-stm32.13.3.rel1.win32_1.0.0.202411081344/tools/bin/../lib/gcc/arm-none-eabi/13.3.1/../../../../arm-none-eabi/lib/thumb/v7-m/nofp\libc_nano.a(libc_a-makebuf.o)
 .ARM.attributes
                0x00000962       0x2d C:/ST/STM32CubeIDE_1.17.0/STM32CubeIDE/plugins/com.st.stm32cube.ide.mcu.externaltools.gnu-tools-for-stm32.13.3.rel1.win32_1.0.0.202411081344/tools/bin/../lib/gcc/arm-none-eabi/13.3.1/../../../../arm-none-eabi/lib/thumb/v7-m/nofp\libc_nano.a(libc_a-fstatr.o)
 .ARM.attributes
                0x0000098f       0x2d C:/ST/STM32CubeIDE_1.17.0/STM32CubeIDE/plugins/com.st.stm32cube.ide.mcu.externaltools.gnu-tools-for-stm32.13.3.rel1.win32_1.0.0.202411081344/tools/bin/../lib/gcc/arm-none-eabi/13.3.1/../../../../arm-none-eabi/lib/thumb/v7-m/nofp\libc_nano.a(libc_a-isattyr.o)
 .ARM.attributes
                0x000009bc       0x1d C:/ST/STM32CubeIDE_1.17.0/STM32CubeIDE/plugins/com.st.stm32cube.ide.mcu.externaltools.gnu-tools-for-stm32.13.3.rel1.win32_1.0.0.202411081344/tools/bin/../lib/gcc/arm-none-eabi/13.3.1/thumb/v7-m/nofp/crtn.o
OUTPUT(ES_Project_Digital-Clock.elf elf32-littlearm)
LOAD linker stubs
LOAD C:/ST/STM32CubeIDE_1.17.0/STM32CubeIDE/plugins/com.st.stm32cube.ide.mcu.externaltools.gnu-tools-for-stm32.13.3.rel1.win32_1.0.0.202411081344/tools/bin/../lib/gcc/arm-none-eabi/13.3.1/../../../../arm-none-eabi/lib/thumb/v7-m/nofp\libc.a
LOAD C:/ST/STM32CubeIDE_1.17.0/STM32CubeIDE/plugins/com.st.stm32cube.ide.mcu.externaltools.gnu-tools-for-stm32.13.3.rel1.win32_1.0.0.202411081344/tools/bin/../lib/gcc/arm-none-eabi/13.3.1/../../../../arm-none-eabi/lib/thumb/v7-m/nofp\libm.a
LOAD C:/ST/STM32CubeIDE_1.17.0/STM32CubeIDE/plugins/com.st.stm32cube.ide.mcu.externaltools.gnu-tools-for-stm32.13.3.rel1.win32_1.0.0.202411081344/tools/bin/../lib/gcc/arm-none-eabi/13.3.1/thumb/v7-m/nofp\libgcc.a

.debug_info     0x00000000    0x12671
 .debug_info    0x00000000      0x94a ./Core/Src/adc.o
 .debug_info    0x0000094a      0x432 ./Core/Src/gpio.o
 .debug_info    0x00000d7c      0x7e3 ./Core/Src/i2c.o
 .debug_info    0x0000155f     0x1a63 ./Core/Src/main.o
 .debug_info    0x00002fc2      0x7bc ./Core/Src/spi.o
 .debug_info    0x0000377e      0x1f1 ./Core/Src/stm32f1xx_hal_msp.o
 .debug_info    0x0000396f      0x85c ./Core/Src/stm32f1xx_it.o
 .debug_info    0x000041cb      0x6a3 ./Core/Src/syscalls.o
 .debug_info    0x0000486e      0x168 ./Core/Src/sysmem.o
 .debug_info    0x000049d6      0x222 ./Core/Src/system_stm32f1xx.o
 .debug_info    0x00004bf8      0x92a ./Core/Src/usart.o
 .debug_info    0x00005522       0x30 ./Core/Startup/startup_stm32f103c8tx.o
 .debug_info    0x00005552      0x704 ./Drivers/STM32F1xx_HAL_Driver/Src/stm32f1xx_hal.o
 .debug_info    0x00005c56      0xc50 ./Drivers/STM32F1xx_HAL_Driver/Src/stm32f1xx_hal_adc.o
 .debug_info    0x000068a6      0xa10 ./Drivers/STM32F1xx_HAL_Driver/Src/stm32f1xx_hal_adc_ex.o
 .debug_info    0x000072b6      0xa87 ./Drivers/STM32F1xx_HAL_Driver/Src/stm32f1xx_hal_cortex.o
 .debug_info    0x00007d3d      0x6d2 ./Drivers/STM32F1xx_HAL_Driver/Src/stm32f1xx_hal_dma.o
 .debug_info    0x0000840f      0x5ab ./Drivers/STM32F1xx_HAL_Driver/Src/stm32f1xx_hal_gpio.o
 .debug_info    0x000089ba     0x2524 ./Drivers/STM32F1xx_HAL_Driver/Src/stm32f1xx_hal_i2c.o
 .debug_info    0x0000aede      0x7d5 ./Drivers/STM32F1xx_HAL_Driver/Src/stm32f1xx_hal_rcc.o
 .debug_info    0x0000b6b3      0x3c0 ./Drivers/STM32F1xx_HAL_Driver/Src/stm32f1xx_hal_rcc_ex.o
 .debug_info    0x0000ba73     0x142d ./Drivers/STM32F1xx_HAL_Driver/Src/stm32f1xx_hal_spi.o
 .debug_info    0x0000cea0     0x2eed ./Drivers/STM32F1xx_HAL_Driver/Src/stm32f1xx_hal_uart.o
 .debug_info    0x0000fd8d      0x853 ./src/DEV_Config.o
 .debug_info    0x000105e0      0x4f2 ./src/EPD_2in9_V2.o
 .debug_info    0x00010ad2      0x926 ./src/EPD_2in9_V2_test.o
 .debug_info    0x000113f8     0x1021 ./src/GUI_Paint.o
 .debug_info    0x00012419      0x12c ./src/font16.o
 .debug_info    0x00012545      0x12c ./src/font20.o

.debug_abbrev   0x00000000     0x35cb
 .debug_abbrev  0x00000000      0x200 ./Core/Src/adc.o
 .debug_abbrev  0x00000200      0x161 ./Core/Src/gpio.o
 .debug_abbrev  0x00000361      0x1de ./Core/Src/i2c.o
 .debug_abbrev  0x0000053f      0x2e3 ./Core/Src/main.o
 .debug_abbrev  0x00000822      0x1e7 ./Core/Src/spi.o
 .debug_abbrev  0x00000a09       0xdb ./Core/Src/stm32f1xx_hal_msp.o
 .debug_abbrev  0x00000ae4      0x19e ./Core/Src/stm32f1xx_it.o
 .debug_abbrev  0x00000c82      0x1b6 ./Core/Src/syscalls.o
 .debug_abbrev  0x00000e38       0xbc ./Core/Src/sysmem.o
 .debug_abbrev  0x00000ef4      0x13f ./Core/Src/system_stm32f1xx.o
 .debug_abbrev  0x00001033      0x205 ./Core/Src/usart.o
 .debug_abbrev  0x00001238       0x24 ./Core/Startup/startup_stm32f103c8tx.o
 .debug_abbrev  0x0000125c      0x201 ./Drivers/STM32F1xx_HAL_Driver/Src/stm32f1xx_hal.o
 .debug_abbrev  0x0000145d      0x225 ./Drivers/STM32F1xx_HAL_Driver/Src/stm32f1xx_hal_adc.o
 .debug_abbrev  0x00001682      0x249 ./Drivers/STM32F1xx_HAL_Driver/Src/stm32f1xx_hal_adc_ex.o
 .debug_abbrev  0x000018cb      0x2f8 ./Drivers/STM32F1xx_HAL_Driver/Src/stm32f1xx_hal_cortex.o
 .debug_abbrev  0x00001bc3      0x20b ./Drivers/STM32F1xx_HAL_Driver/Src/stm32f1xx_hal_dma.o
 .debug_abbrev  0x00001dce      0x1ca ./Drivers/STM32F1xx_HAL_Driver/Src/stm32f1xx_hal_gpio.o
 .debug_abbrev  0x00001f98      0x2a3 ./Drivers/STM32F1xx_HAL_Driver/Src/stm32f1xx_hal_i2c.o
 .debug_abbrev  0x0000223b      0x2b3 ./Drivers/STM32F1xx_HAL_Driver/Src/stm32f1xx_hal_rcc.o
 .debug_abbrev  0x000024ee      0x188 ./Drivers/STM32F1xx_HAL_Driver/Src/stm32f1xx_hal_rcc_ex.o
 .debug_abbrev  0x00002676      0x27a ./Drivers/STM32F1xx_HAL_Driver/Src/stm32f1xx_hal_spi.o
 .debug_abbrev  0x000028f0      0x2f8 ./Drivers/STM32F1xx_HAL_Driver/Src/stm32f1xx_hal_uart.o
 .debug_abbrev  0x00002be8      0x254 ./src/DEV_Config.o
 .debug_abbrev  0x00002e3c      0x20d ./src/EPD_2in9_V2.o
 .debug_abbrev  0x00003049      0x20d ./src/EPD_2in9_V2_test.o
 .debug_abbrev  0x00003256      0x213 ./src/GUI_Paint.o
 .debug_abbrev  0x00003469       0xb1 ./src/font16.o
 .debug_abbrev  0x0000351a       0xb1 ./src/font20.o

.debug_aranges  0x00000000     0x1140
 .debug_aranges
                0x00000000       0x30 ./Core/Src/adc.o
 .debug_aranges
                0x00000030       0x20 ./Core/Src/gpio.o
 .debug_aranges
                0x00000050       0x30 ./Core/Src/i2c.o
 .debug_aranges
                0x00000080       0xe8 ./Core/Src/main.o
 .debug_aranges
                0x00000168       0x30 ./Core/Src/spi.o
 .debug_aranges
                0x00000198       0x20 ./Core/Src/stm32f1xx_hal_msp.o
 .debug_aranges
                0x000001b8       0x80 ./Core/Src/stm32f1xx_it.o
 .debug_aranges
                0x00000238       0xa8 ./Core/Src/syscalls.o
 .debug_aranges
                0x000002e0       0x20 ./Core/Src/sysmem.o
 .debug_aranges
                0x00000300       0x28 ./Core/Src/system_stm32f1xx.o
 .debug_aranges
                0x00000328       0x30 ./Core/Src/usart.o
 .debug_aranges
                0x00000358       0x28 ./Core/Startup/startup_stm32f103c8tx.o
 .debug_aranges
                0x00000380       0xe0 ./Drivers/STM32F1xx_HAL_Driver/Src/stm32f1xx_hal.o
 .debug_aranges
                0x00000460       0xf0 ./Drivers/STM32F1xx_HAL_Driver/Src/stm32f1xx_hal_adc.o
 .debug_aranges
                0x00000550       0x80 ./Drivers/STM32F1xx_HAL_Driver/Src/stm32f1xx_hal_adc_ex.o
 .debug_aranges
                0x000005d0      0x100 ./Drivers/STM32F1xx_HAL_Driver/Src/stm32f1xx_hal_cortex.o
 .debug_aranges
                0x000006d0       0x80 ./Drivers/STM32F1xx_HAL_Driver/Src/stm32f1xx_hal_dma.o
 .debug_aranges
                0x00000750       0x58 ./Drivers/STM32F1xx_HAL_Driver/Src/stm32f1xx_hal_gpio.o
 .debug_aranges
                0x000007a8      0x2a8 ./Drivers/STM32F1xx_HAL_Driver/Src/stm32f1xx_hal_i2c.o
 .debug_aranges
                0x00000a50       0x90 ./Drivers/STM32F1xx_HAL_Driver/Src/stm32f1xx_hal_rcc.o
 .debug_aranges
                0x00000ae0       0x30 ./Drivers/STM32F1xx_HAL_Driver/Src/stm32f1xx_hal_rcc_ex.o
 .debug_aranges
                0x00000b10      0x1d0 ./Drivers/STM32F1xx_HAL_Driver/Src/stm32f1xx_hal_spi.o
 .debug_aranges
                0x00000ce0      0x208 ./Drivers/STM32F1xx_HAL_Driver/Src/stm32f1xx_hal_uart.o
 .debug_aranges
                0x00000ee8       0x60 ./src/DEV_Config.o
 .debug_aranges
                0x00000f48       0xb0 ./src/EPD_2in9_V2.o
 .debug_aranges
                0x00000ff8       0x58 ./src/EPD_2in9_V2_test.o
 .debug_aranges
                0x00001050       0xc0 ./src/GUI_Paint.o
 .debug_aranges
                0x00001110       0x18 ./src/font16.o
 .debug_aranges
                0x00001128       0x18 ./src/font20.o

.debug_rnglists
                0x00000000      0xd44
 .debug_rnglists
                0x00000000       0x20 ./Core/Src/adc.o
 .debug_rnglists
                0x00000020       0x14 ./Core/Src/gpio.o
 .debug_rnglists
                0x00000034       0x1f ./Core/Src/i2c.o
 .debug_rnglists
                0x00000053       0xc9 ./Core/Src/main.o
 .debug_rnglists
                0x0000011c       0x1f ./Core/Src/spi.o
 .debug_rnglists
                0x0000013b       0x13 ./Core/Src/stm32f1xx_hal_msp.o
 .debug_rnglists
                0x0000014e       0x5b ./Core/Src/stm32f1xx_it.o
 .debug_rnglists
                0x000001a9       0x79 ./Core/Src/syscalls.o
 .debug_rnglists
                0x00000222       0x13 ./Core/Src/sysmem.o
 .debug_rnglists
                0x00000235       0x1a ./Core/Src/system_stm32f1xx.o
 .debug_rnglists
                0x0000024f       0x20 ./Core/Src/usart.o
 .debug_rnglists
                0x0000026f       0x19 ./Core/Startup/startup_stm32f103c8tx.o
 .debug_rnglists
                0x00000288       0xa3 ./Drivers/STM32F1xx_HAL_Driver/Src/stm32f1xx_hal.o
 .debug_rnglists
                0x0000032b       0xbc ./Drivers/STM32F1xx_HAL_Driver/Src/stm32f1xx_hal_adc.o
 .debug_rnglists
                0x000003e7       0x65 ./Drivers/STM32F1xx_HAL_Driver/Src/stm32f1xx_hal_adc_ex.o
 .debug_rnglists
                0x0000044c       0xbb ./Drivers/STM32F1xx_HAL_Driver/Src/stm32f1xx_hal_cortex.o
 .debug_rnglists
                0x00000507       0x64 ./Drivers/STM32F1xx_HAL_Driver/Src/stm32f1xx_hal_dma.o
 .debug_rnglists
                0x0000056b       0x3f ./Drivers/STM32F1xx_HAL_Driver/Src/stm32f1xx_hal_gpio.o
 .debug_rnglists
                0x000005aa      0x23c ./Drivers/STM32F1xx_HAL_Driver/Src/stm32f1xx_hal_i2c.o
 .debug_rnglists
                0x000007e6       0x6c ./Drivers/STM32F1xx_HAL_Driver/Src/stm32f1xx_hal_rcc.o
 .debug_rnglists
                0x00000852       0x21 ./Drivers/STM32F1xx_HAL_Driver/Src/stm32f1xx_hal_rcc_ex.o
 .debug_rnglists
                0x00000873      0x16e ./Drivers/STM32F1xx_HAL_Driver/Src/stm32f1xx_hal_spi.o
 .debug_rnglists
                0x000009e1      0x1bc ./Drivers/STM32F1xx_HAL_Driver/Src/stm32f1xx_hal_uart.o
 .debug_rnglists
                0x00000b9d       0x45 ./src/DEV_Config.o
 .debug_rnglists
                0x00000be2       0x82 ./src/EPD_2in9_V2.o
 .debug_rnglists
                0x00000c64       0x45 ./src/EPD_2in9_V2_test.o
 .debug_rnglists
                0x00000ca9       0x9b ./src/GUI_Paint.o

.debug_macro    0x00000000    0x1aa65
 .debug_macro   0x00000000      0x1cf ./Core/Src/adc.o
 .debug_macro   0x000001cf      0xacc ./Core/Src/adc.o
 .debug_macro   0x00000c9b      0x227 ./Core/Src/adc.o
 .debug_macro   0x00000ec2       0x2e ./Core/Src/adc.o
 .debug_macro   0x00000ef0       0x22 ./Core/Src/adc.o
 .debug_macro   0x00000f12       0x22 ./Core/Src/adc.o
 .debug_macro   0x00000f34       0x8e ./Core/Src/adc.o
 .debug_macro   0x00000fc2       0x51 ./Core/Src/adc.o
 .debug_macro   0x00001013      0x103 ./Core/Src/adc.o
 .debug_macro   0x00001116       0x6a ./Core/Src/adc.o
 .debug_macro   0x00001180      0x1df ./Core/Src/adc.o
 .debug_macro   0x0000135f       0x1c ./Core/Src/adc.o
 .debug_macro   0x0000137b       0x22 ./Core/Src/adc.o
 .debug_macro   0x0000139d       0xbd ./Core/Src/adc.o
 .debug_macro   0x0000145a      0xd23 ./Core/Src/adc.o
 .debug_macro   0x0000217d     0xe09e ./Core/Src/adc.o
 .debug_macro   0x0001021b       0x6d ./Core/Src/adc.o
 .debug_macro   0x00010288     0x34a2 ./Core/Src/adc.o
 .debug_macro   0x0001372a      0x190 ./Core/Src/adc.o
 .debug_macro   0x000138ba       0x5c ./Core/Src/adc.o
 .debug_macro   0x00013916      0x5bc ./Core/Src/adc.o
 .debug_macro   0x00013ed2      0x289 ./Core/Src/adc.o
 .debug_macro   0x0001415b      0x1cb ./Core/Src/adc.o
 .debug_macro   0x00014326      0x114 ./Core/Src/adc.o
 .debug_macro   0x0001443a      0x1b2 ./Core/Src/adc.o
 .debug_macro   0x000145ec       0x27 ./Core/Src/adc.o
 .debug_macro   0x00014613      0x136 ./Core/Src/adc.o
 .debug_macro   0x00014749      0x1bc ./Core/Src/adc.o
 .debug_macro   0x00014905       0x34 ./Core/Src/adc.o
 .debug_macro   0x00014939       0x3c ./Core/Src/adc.o
 .debug_macro   0x00014975       0x57 ./Core/Src/adc.o
 .debug_macro   0x000149cc      0x46a ./Core/Src/adc.o
 .debug_macro   0x00014e36      0x1b5 ./Core/Src/adc.o
 .debug_macro   0x00014feb       0x87 ./Core/Src/adc.o
 .debug_macro   0x00015072      0x240 ./Core/Src/adc.o
 .debug_macro   0x000152b2      0x287 ./Core/Src/adc.o
 .debug_macro   0x00015539      0x140 ./Core/Src/adc.o
 .debug_macro   0x00015679      0x217 ./Core/Src/adc.o
 .debug_macro   0x00015890      0x28e ./Core/Src/adc.o
 .debug_macro   0x00015b1e       0x83 ./Core/Src/adc.o
 .debug_macro   0x00015ba1       0xd0 ./Core/Src/adc.o
 .debug_macro   0x00015c71      0x1cf ./Core/Src/gpio.o
 .debug_macro   0x00015e40      0x1cf ./Core/Src/i2c.o
 .debug_macro   0x0001600f      0x3d2 ./Core/Src/main.o
 .debug_macro   0x000163e1       0x22 ./Core/Src/main.o
 .debug_macro   0x00016403       0x61 ./Core/Src/main.o
 .debug_macro   0x00016464       0x24 ./Core/Src/main.o
 .debug_macro   0x00016488       0x43 ./Core/Src/main.o
 .debug_macro   0x000164cb       0x34 ./Core/Src/main.o
 .debug_macro   0x000164ff       0x16 ./Core/Src/main.o
 .debug_macro   0x00016515       0x3c ./Core/Src/main.o
 .debug_macro   0x00016551      0x370 ./Core/Src/main.o
 .debug_macro   0x000168c1       0x10 ./Core/Src/main.o
 .debug_macro   0x000168d1       0x16 ./Core/Src/main.o
 .debug_macro   0x000168e7       0x4a ./Core/Src/main.o
 .debug_macro   0x00016931       0x34 ./Core/Src/main.o
 .debug_macro   0x00016965       0x10 ./Core/Src/main.o
 .debug_macro   0x00016975       0x58 ./Core/Src/main.o
 .debug_macro   0x000169cd       0x8e ./Core/Src/main.o
 .debug_macro   0x00016a5b       0x1c ./Core/Src/main.o
 .debug_macro   0x00016a77      0x185 ./Core/Src/main.o
 .debug_macro   0x00016bfc       0x16 ./Core/Src/main.o
 .debug_macro   0x00016c12       0x16 ./Core/Src/main.o
 .debug_macro   0x00016c28      0x146 ./Core/Src/main.o
 .debug_macro   0x00016d6e       0x16 ./Core/Src/main.o
 .debug_macro   0x00016d84       0x20 ./Core/Src/main.o
 .debug_macro   0x00016da4       0x58 ./Core/Src/main.o
 .debug_macro   0x00016dfc       0x1c ./Core/Src/main.o
 .debug_macro   0x00016e18       0x78 ./Core/Src/main.o
 .debug_macro   0x00016e90       0x16 ./Core/Src/main.o
 .debug_macro   0x00016ea6       0x16 ./Core/Src/main.o
 .debug_macro   0x00016ebc       0x16 ./Core/Src/main.o
 .debug_macro   0x00016ed2       0x29 ./Core/Src/main.o
 .debug_macro   0x00016efb      0x1cf ./Core/Src/spi.o
 .debug_macro   0x000170ca      0x1c5 ./Core/Src/stm32f1xx_hal_msp.o
 .debug_macro   0x0001728f      0x1cf ./Core/Src/stm32f1xx_it.o
 .debug_macro   0x0001745e      0x274 ./Core/Src/syscalls.o
 .debug_macro   0x000176d2       0x5b ./Core/Src/syscalls.o
 .debug_macro   0x0001772d       0x94 ./Core/Src/syscalls.o
 .debug_macro   0x000177c1       0x57 ./Core/Src/syscalls.o
 .debug_macro   0x00017818       0x10 ./Core/Src/syscalls.o
 .debug_macro   0x00017828       0x10 ./Core/Src/syscalls.o
 .debug_macro   0x00017838       0x10 ./Core/Src/syscalls.o
 .debug_macro   0x00017848       0x10 ./Core/Src/syscalls.o
 .debug_macro   0x00017858       0x1c ./Core/Src/syscalls.o
 .debug_macro   0x00017874       0x52 ./Core/Src/syscalls.o
 .debug_macro   0x000178c6       0x22 ./Core/Src/syscalls.o
 .debug_macro   0x000178e8       0x10 ./Core/Src/syscalls.o
 .debug_macro   0x000178f8       0x52 ./Core/Src/syscalls.o
 .debug_macro   0x0001794a       0xcf ./Core/Src/syscalls.o
 .debug_macro   0x00017a19       0x1c ./Core/Src/syscalls.o
 .debug_macro   0x00017a35       0x3d ./Core/Src/syscalls.o
 .debug_macro   0x00017a72       0x35 ./Core/Src/syscalls.o
 .debug_macro   0x00017aa7      0x12c ./Core/Src/syscalls.o
 .debug_macro   0x00017bd3       0x10 ./Core/Src/syscalls.o
 .debug_macro   0x00017be3      0x242 ./Core/Src/syscalls.o
 .debug_macro   0x00017e25       0x1c ./Core/Src/syscalls.o
 .debug_macro   0x00017e41       0x10 ./Core/Src/syscalls.o
 .debug_macro   0x00017e51      0x18a ./Core/Src/syscalls.o
 .debug_macro   0x00017fdb       0x16 ./Core/Src/syscalls.o
 .debug_macro   0x00017ff1       0xce ./Core/Src/syscalls.o
 .debug_macro   0x000180bf      0x112 ./Core/Src/sysmem.o
 .debug_macro   0x000181d1      0x23c ./Core/Src/sysmem.o
 .debug_macro   0x0001840d      0x1b6 ./Core/Src/system_stm32f1xx.o
 .debug_macro   0x000185c3      0x1cf ./Core/Src/usart.o
 .debug_macro   0x00018792      0x1da ./Drivers/STM32F1xx_HAL_Driver/Src/stm32f1xx_hal.o
 .debug_macro   0x0001896c      0x1d3 ./Drivers/STM32F1xx_HAL_Driver/Src/stm32f1xx_hal_adc.o
 .debug_macro   0x00018b3f      0x1c8 ./Drivers/STM32F1xx_HAL_Driver/Src/stm32f1xx_hal_adc_ex.o
 .debug_macro   0x00018d07      0x1b6 ./Drivers/STM32F1xx_HAL_Driver/Src/stm32f1xx_hal_cortex.o
 .debug_macro   0x00018ebd      0x1b6 ./Drivers/STM32F1xx_HAL_Driver/Src/stm32f1xx_hal_dma.o
 .debug_macro   0x00019073      0x221 ./Drivers/STM32F1xx_HAL_Driver/Src/stm32f1xx_hal_gpio.o
 .debug_macro   0x00019294      0x204 ./Drivers/STM32F1xx_HAL_Driver/Src/stm32f1xx_hal_i2c.o
 .debug_macro   0x00019498      0x1c8 ./Drivers/STM32F1xx_HAL_Driver/Src/stm32f1xx_hal_rcc.o
 .debug_macro   0x00019660      0x1b6 ./Drivers/STM32F1xx_HAL_Driver/Src/stm32f1xx_hal_rcc_ex.o
 .debug_macro   0x00019816      0x1be ./Drivers/STM32F1xx_HAL_Driver/Src/stm32f1xx_hal_spi.o
 .debug_macro   0x000199d4      0x1b7 ./Drivers/STM32F1xx_HAL_Driver/Src/stm32f1xx_hal_uart.o
 .debug_macro   0x00019b8b      0x2ac ./src/DEV_Config.o
 .debug_macro   0x00019e37       0x52 ./src/DEV_Config.o
 .debug_macro   0x00019e89      0x2c4 ./src/EPD_2in9_V2.o
 .debug_macro   0x0001a14d       0x10 ./src/EPD_2in9_V2.o
 .debug_macro   0x0001a15d      0x327 ./src/EPD_2in9_V2_test.o
 .debug_macro   0x0001a484       0x16 ./src/EPD_2in9_V2_test.o
 .debug_macro   0x0001a49a      0x358 ./src/GUI_Paint.o
 .debug_macro   0x0001a7f2      0x19b ./src/GUI_Paint.o
 .debug_macro   0x0001a98d       0x6c ./src/font16.o
 .debug_macro   0x0001a9f9       0x6c ./src/font20.o

.debug_line     0x00000000    0x194e2
 .debug_line    0x00000000      0x7a5 ./Core/Src/adc.o
 .debug_line    0x000007a5      0x773 ./Core/Src/gpio.o
 .debug_line    0x00000f18      0x794 ./Core/Src/i2c.o
 .debug_line    0x000016ac     0x1a5f ./Core/Src/main.o
 .debug_line    0x0000310b      0x79c ./Core/Src/spi.o
 .debug_line    0x000038a7      0x72b ./Core/Src/stm32f1xx_hal_msp.o
 .debug_line    0x00003fd2      0x83d ./Core/Src/stm32f1xx_it.o
 .debug_line    0x0000480f      0x8ac ./Core/Src/syscalls.o
 .debug_line    0x000050bb      0x588 ./Core/Src/sysmem.o
 .debug_line    0x00005643      0x7a9 ./Core/Src/system_stm32f1xx.o
 .debug_line    0x00005dec      0x7a1 ./Core/Src/usart.o
 .debug_line    0x0000658d       0x78 ./Core/Startup/startup_stm32f103c8tx.o
 .debug_line    0x00006605      0x9da ./Drivers/STM32F1xx_HAL_Driver/Src/stm32f1xx_hal.o
 .debug_line    0x00006fdf      0xfff ./Drivers/STM32F1xx_HAL_Driver/Src/stm32f1xx_hal_adc.o
 .debug_line    0x00007fde      0xd21 ./Drivers/STM32F1xx_HAL_Driver/Src/stm32f1xx_hal_adc_ex.o
 .debug_line    0x00008cff      0xba4 ./Drivers/STM32F1xx_HAL_Driver/Src/stm32f1xx_hal_cortex.o
 .debug_line    0x000098a3      0xde4 ./Drivers/STM32F1xx_HAL_Driver/Src/stm32f1xx_hal_dma.o
 .debug_line    0x0000a687      0xa37 ./Drivers/STM32F1xx_HAL_Driver/Src/stm32f1xx_hal_gpio.o
 .debug_line    0x0000b0be     0x3bd7 ./Drivers/STM32F1xx_HAL_Driver/Src/stm32f1xx_hal_i2c.o
 .debug_line    0x0000ec95      0xe93 ./Drivers/STM32F1xx_HAL_Driver/Src/stm32f1xx_hal_rcc.o
 .debug_line    0x0000fb28      0x944 ./Drivers/STM32F1xx_HAL_Driver/Src/stm32f1xx_hal_rcc_ex.o
 .debug_line    0x0001046c     0x1c71 ./Drivers/STM32F1xx_HAL_Driver/Src/stm32f1xx_hal_spi.o
 .debug_line    0x000120dd     0x24f6 ./Drivers/STM32F1xx_HAL_Driver/Src/stm32f1xx_hal_uart.o
 .debug_line    0x000145d3      0xaab ./src/DEV_Config.o
 .debug_line    0x0001507e      0xda3 ./src/EPD_2in9_V2.o
 .debug_line    0x00015e21     0x1545 ./src/EPD_2in9_V2_test.o
 .debug_line    0x00017366     0x17fa ./src/GUI_Paint.o
 .debug_line    0x00018b60      0x4c1 ./src/font16.o
 .debug_line    0x00019021      0x4c1 ./src/font20.o

.debug_str      0x00000000    0x8f67e
 .debug_str     0x00000000    0x8f67e ./Core/Src/adc.o
                              0x84c1e (size before relaxing)
 .debug_str     0x0008f67e    0x84865 ./Core/Src/gpio.o
 .debug_str     0x0008f67e    0x84a18 ./Core/Src/i2c.o
 .debug_str     0x0008f67e    0x8939d ./Core/Src/main.o
 .debug_str     0x0008f67e    0x8496f ./Core/Src/spi.o
 .debug_str     0x0008f67e    0x844e6 ./Core/Src/stm32f1xx_hal_msp.o
 .debug_str     0x0008f67e    0x84acf ./Core/Src/stm32f1xx_it.o
 .debug_str     0x0008f67e     0x99ab ./Core/Src/syscalls.o
 .debug_str     0x0008f67e     0x7749 ./Core/Src/sysmem.o
 .debug_str     0x0008f67e    0x841a5 ./Core/Src/system_stm32f1xx.o
 .debug_str     0x0008f67e    0x84cc1 ./Core/Src/usart.o
 .debug_str     0x0008f67e       0xa3 ./Core/Startup/startup_stm32f103c8tx.o
 .debug_str     0x0008f67e    0x848d8 ./Drivers/STM32F1xx_HAL_Driver/Src/stm32f1xx_hal.o
 .debug_str     0x0008f67e    0x84889 ./Drivers/STM32F1xx_HAL_Driver/Src/stm32f1xx_hal_adc.o
 .debug_str     0x0008f67e    0x84859 ./Drivers/STM32F1xx_HAL_Driver/Src/stm32f1xx_hal_adc_ex.o
 .debug_str     0x0008f67e    0x84824 ./Drivers/STM32F1xx_HAL_Driver/Src/stm32f1xx_hal_cortex.o
 .debug_str     0x0008f67e    0x8454e ./Drivers/STM32F1xx_HAL_Driver/Src/stm32f1xx_hal_dma.o
 .debug_str     0x0008f67e    0x8452b ./Drivers/STM32F1xx_HAL_Driver/Src/stm32f1xx_hal_gpio.o
 .debug_str     0x0008f67e    0x8526c ./Drivers/STM32F1xx_HAL_Driver/Src/stm32f1xx_hal_i2c.o
 .debug_str     0x0008f67e    0x845d4 ./Drivers/STM32F1xx_HAL_Driver/Src/stm32f1xx_hal_rcc.o
 .debug_str     0x0008f67e    0x84324 ./Drivers/STM32F1xx_HAL_Driver/Src/stm32f1xx_hal_rcc_ex.o
 .debug_str     0x0008f67e    0x84acb ./Drivers/STM32F1xx_HAL_Driver/Src/stm32f1xx_hal_spi.o