Archive member included to satisfy reference by file (symbol)

C:/ST/STM32CubeIDE_1.17.0/STM32CubeIDE/plugins/com.st.stm32cube.ide.mcu.externaltools.gnu-tools-for-stm32.13.3.rel1.win32_1.0.0.202411081344/tools/bin/../lib/gcc/arm-none-eabi/13.3.1/../../../../arm-none-eabi/lib/thumb/v7-m/nofp\libc_nano.a(libc_a-exit.o)
                              C:/ST/STM32CubeIDE_1.17.0/STM32CubeIDE/plugins/com.st.stm32cube.ide.mcu.externaltools.gnu-tools-for-stm32.13.3.rel1.win32_1.0.0.202411081344/tools/bin/../lib/gcc/arm-none-eabi/13.3.1/../../../../arm-none-eabi/lib/thumb/v7-m/nofp/crt0.o (exit)
C:/ST/STM32CubeIDE_1.17.0/STM32CubeIDE/plugins/com.st.stm32cube.ide.mcu.externaltools.gnu-tools-for-stm32.13.3.rel1.win32_1.0.0.202411081344/tools/bin/../lib/gcc/arm-none-eabi/13.3.1/../../../../arm-none-eabi/lib/thumb/v7-m/nofp\libc_nano.a(libc_a-findfp.o)
                              C:/ST/STM32CubeIDE_1.17.0/STM32CubeIDE/plugins/com.st.stm32cube.ide.mcu.externaltools.gnu-tools-for-stm32.13.3.rel1.win32_1.0.0.202411081344/tools/bin/../lib/gcc/arm-none-eabi/13.3.1/../../../../arm-none-eabi/lib/thumb/v7-m/nofp\libc_nano.a(libc_a-exit.o) (__stdio_exit_handler)
C:/ST/STM32CubeIDE_1.17.0/STM32CubeIDE/plugins/com.st.stm32cube.ide.mcu.externaltools.gnu-tools-for-stm32.13.3.rel1.win32_1.0.0.202411081344/tools/bin/../lib/gcc/arm-none-eabi/13.3.1/../../../../arm-none-eabi/lib/thumb/v7-m/nofp\libc_nano.a(libc_a-fwalk.o)
                              C:/ST/STM32CubeIDE_1.17.0/STM32CubeIDE/plugins/com.st.stm32cube.ide.mcu.externaltools.gnu-tools-for-stm32.13.3.rel1.win32_1.0.0.202411081344/tools/bin/../lib/gcc/arm-none-eabi/13.3.1/../../../../arm-none-eabi/lib/thumb/v7-m/nofp\libc_nano.a(libc_a-findfp.o) (_fwalk_sglue)
C:/ST/STM32CubeIDE_1.17.0/STM32CubeIDE/plugins/com.st.stm32cube.ide.mcu.externaltools.gnu-tools-for-stm32.13.3.rel1.win32_1.0.0.202411081344/tools/bin/../lib/gcc/arm-none-eabi/13.3.1/../../../../arm-none-eabi/lib/thumb/v7-m/nofp\libc_nano.a(libc_a-stdio.o)
                              C:/ST/STM32CubeIDE_1.17.0/STM32CubeIDE/plugins/com.st.stm32cube.ide.mcu.externaltools.gnu-tools-for-stm32.13.3.rel1.win32_1.0.0.202411081344/tools/bin/../lib/gcc/arm-none-eabi/13.3.1/../../../../arm-none-eabi/lib/thumb/v7-m/nofp\libc_nano.a(libc_a-findfp.o) (__sread)
C:/ST/STM32CubeIDE_1.17.0/STM32CubeIDE/plugins/com.st.stm32cube.ide.mcu.externaltools.gnu-tools-for-stm32.13.3.rel1.win32_1.0.0.202411081344/tools/bin/../lib/gcc/arm-none-eabi/13.3.1/../../../../arm-none-eabi/lib/thumb/v7-m/nofp\libc_nano.a(libc_a-memset.o)
                              C:/ST/STM32CubeIDE_1.17.0/STM32CubeIDE/plugins/com.st.stm32cube.ide.mcu.externaltools.gnu-tools-for-stm32.13.3.rel1.win32_1.0.0.202411081344/tools/bin/../lib/gcc/arm-none-eabi/13.3.1/../../../../arm-none-eabi/lib/thumb/v7-m/nofp/crt0.o (memset)
C:/ST/STM32CubeIDE_1.17.0/STM32CubeIDE/plugins/com.st.stm32cube.ide.mcu.externaltools.gnu-tools-for-stm32.13.3.rel1.win32_1.0.0.202411081344/tools/bin/../lib/gcc/arm-none-eabi/13.3.1/../../../../arm-none-eabi/lib/thumb/v7-m/nofp\libc_nano.a(libc_a-closer.o)
                              C:/ST/STM32CubeIDE_1.17.0/STM32CubeIDE/plugins/com.st.stm32cube.ide.mcu.externaltools.gnu-tools-for-stm32.13.3.rel1.win32_1.0.0.202411081344/tools/bin/../lib/gcc/arm-none-eabi/13.3.1/../../../../arm-none-eabi/lib/thumb/v7-m/nofp\libc_nano.a(libc_a-stdio.o) (_close_r)
C:/ST/STM32CubeIDE_1.17.0/STM32CubeIDE/plugins/com.st.stm32cube.ide.mcu.externaltools.gnu-tools-for-stm32.13.3.rel1.win32_1.0.0.202411081344/tools/bin/../lib/gcc/arm-none-eabi/13.3.1/../../../../arm-none-eabi/lib/thumb/v7-m/nofp\libc_nano.a(libc_a-reent.o)
                              C:/ST/STM32CubeIDE_1.17.0/STM32CubeIDE/plugins/com.st.stm32cube.ide.mcu.externaltools.gnu-tools-for-stm32.13.3.rel1.win32_1.0.0.202411081344/tools/bin/../lib/gcc/arm-none-eabi/13.3.1/../../../../arm-none-eabi/lib/thumb/v7-m/nofp\libc_nano.a(libc_a-closer.o) (errno)
C:/ST/STM32CubeIDE_1.17.0/STM32CubeIDE/plugins/com.st.stm32cube.ide.mcu.externaltools.gnu-tools-for-stm32.13.3.rel1.win32_1.0.0.202411081344/tools/bin/../lib/gcc/arm-none-eabi/13.3.1/../../../../arm-none-eabi/lib/thumb/v7-m/nofp\libc_nano.a(libc_a-impure.o)
                              C:/ST/STM32CubeIDE_1.17.0/STM32CubeIDE/plugins/com.st.stm32cube.ide.mcu.externaltools.gnu-tools-for-stm32.13.3.rel1.win32_1.0.0.202411081344/tools/bin/../lib/gcc/arm-none-eabi/13.3.1/../../../../arm-none-eabi/lib/thumb/v7-m/nofp\libc_nano.a(libc_a-reent.o) (_impure_ptr)
C:/ST/STM32CubeIDE_1.17.0/STM32CubeIDE/plugins/com.st.stm32cube.ide.mcu.externaltools.gnu-tools-for-stm32.13.3.rel1.win32_1.0.0.202411081344/tools/bin/../lib/gcc/arm-none-eabi/13.3.1/../../../../arm-none-eabi/lib/thumb/v7-m/nofp\libc_nano.a(libc_a-lseekr.o)
[...]
Memory Configuration

Name             Origin             Length             Attributes
RAM              0x20000000         0x00005000         xrw
FLASH            0x08000000         0x00010000         xr
*default*        0x00000000         0xffffffff

Linker script and memory map

LOAD C:/ST/STM32CubeIDE_1.17.0/STM32CubeIDE/plugins/com.st.stm32cube.ide.mcu.externaltools.gnu-tools-for-stm32.13.3.rel1.win32_1.0.0.202411081344/tools/bin/../lib/gcc/arm-none-eabi/13.3.1/thumb/v7-m/nofp/crti.o
LOAD C:/ST/STM32CubeIDE_1.17.0/STM32CubeIDE/plugins/com.st.stm32cube.ide.mcu.externaltools.gnu-tools-for-stm32.13.3.rel1.win32_1.0.0.202411081344/tools/bin/../lib/gcc/arm-none-eabi/13.3.1/thumb/v7-m/nofp/crtbegin.o
LOAD C:/ST/STM32CubeIDE_1.17.0/STM32CubeIDE/plugins/com.st.stm32cube.ide.mcu.externaltools.gnu-tools-for-stm32.13.3.rel1.win32_1.0.0.202411081344/tools/bin/../lib/gcc/arm-none-eabi/13.3.1/../../../../arm-none-eabi/lib/thumb/v7-m/nofp/crt0.o
LOAD ./Core/Src/adc.o
LOAD ./Core/Src/gpio.o
LOAD ./Core/Src/i2c.o
LOAD ./Core/Src/main.o
LOAD ./Core/Src/stm32f1xx_hal_msp.o
LOAD ./Core/Src/stm32f1xx_it.o
LOAD ./Core/Src/syscalls.o
LOAD ./Core/Src/sysmem.o
LOAD ./Core/Src/system_stm32f1xx.o
LOAD ./Core/Src/usart.o
LOAD ./Core/Startup/startup_stm32f103c8tx.o
LOAD ./Drivers/STM32F1xx_HAL_Driver/Src/stm32f1xx_hal.o
LOAD ./Drivers/STM32F1xx_HAL_Driver/Src/stm32f1xx_hal_adc.o
LOAD ./Drivers/STM32F1xx_HAL_Driver/Src/stm32f1xx_hal_adc_ex.o
LOAD ./Drivers/STM32F1xx_HAL_Driver/Src/stm32f1xx_hal_cortex.o
LOAD ./Drivers/STM32F1xx_HAL_Driver/Src/stm32f1xx_hal_dma.o
LOAD ./Drivers/STM32F1xx_HAL_Driver/Src/stm32f1xx_hal_exti.o
LOAD ./Drivers/STM32F1xx_HAL_Driver/Src/stm32f1xx_hal_flash.o
LOAD ./Drivers/STM32F1xx_HAL_Driver/Src/stm32f1xx_hal_flash_ex.o
LOAD ./Drivers/STM32F1xx_HAL_Driver/Src/stm32f1xx_hal_gpio.o
LOAD ./Drivers/STM32F1xx_HAL_Driver/Src/stm32f1xx_hal_gpio_ex.o
LOAD ./Drivers/STM32F1xx_HAL_Driver/Src/stm32f1xx_hal_i2c.o
LOAD ./Drivers/STM32F1xx_HAL_Driver/Src/stm32f1xx_hal_pwr.o
LOAD ./Drivers/STM32F1xx_HAL_Driver/Src/stm32f1xx_hal_rcc.o
LOAD ./Drivers/STM32F1xx_HAL_Driver/Src/stm32f1xx_hal_rcc_ex.o
LOAD ./Drivers/STM32F1xx_HAL_Driver/Src/stm32f1xx_hal_uart.o
START GROUP
LOAD C:/ST/STM32CubeIDE_1.17.0/STM32CubeIDE/plugins/com.st.stm32cube.ide.mcu.externaltools.gnu-tools-for-stm32.13.3.rel1.win32_1.0.0.202411081344/tools/bin/../lib/gcc/arm-none-eabi/13.3.1/../../../../arm-none-eabi/lib/thumb/v7-m/nofp\libc_nano.a
LOAD C:/ST/STM32CubeIDE_1.17.0/STM32CubeIDE/plugins/com.st.stm32cube.ide.mcu.externaltools.gnu-tools-for-stm32.13.3.rel1.win32_1.0.0.202411081344/tools/bin/../lib/gcc/arm-none-eabi/13.3.1/../../../../arm-none-eabi/lib/thumb/v7-m/nofp\libm.a
END GROUP
START GROUP
LOAD C:/ST/STM32CubeIDE_1.17.0/STM32CubeIDE/plugins/com.st.stm32cube.ide.mcu.externaltools.gnu-tools-for-stm32.13.3.rel1.win32_1.0.0.202411081344/tools/bin/../lib/gcc/arm-none-eabi/13.3.1/thumb/v7-m/nofp\libgcc.a
LOAD C:/ST/STM32CubeIDE_1.17.0/STM32CubeIDE/plugins/com.st.stm32cube.ide.mcu.externaltools.gnu-tools-for-stm32.13.3.rel1.win32_1.0.0.202411081344/tools/bin/../lib/gcc/arm-none-eabi/13.3.1/../../../../arm-none-eabi/lib/thumb/v7-m/nofp\libc_nano.a
END GROUP
START GROUP
LOAD C:/ST/STM32CubeIDE_1.17.0/STM32CubeIDE/plugins/com.st.stm32cube.ide.mcu.externaltools.gnu-tools-for-stm32.13.3.rel1.win32_1.0.0.202411081344/tools/bin/../lib/gcc/arm-none-eabi/13.3.1/thumb/v7-m/nofp\libgcc.a
LOAD C:/ST/STM32CubeIDE_1.17.0/STM32CubeIDE/plugins/com.st.stm32cube.ide.mcu.externaltools.gnu-tools-for-stm32.13.3.rel1.win32_1.0.0.202411081344/tools/bin/../lib/gcc/arm-none-eabi/13.3.1/../../../../arm-none-eabi/lib/thumb/v7-m/nofp\libc_nano.a
LOAD C:/ST/STM32CubeIDE_1.17.0/STM32CubeIDE/plugins/com.st.stm32cube.ide.mcu.externaltools.gnu-tools-for-stm32.13.3.rel1.win32_1.0.0.202411081344/tools/bin/../lib/gcc/arm-none-eabi/13.3.1/../../../../arm-none-eabi/lib/thumb/v7-m/nofp\libnosys.a
END GROUP
START GROUP
LOAD C:/ST/STM32CubeIDE_1.17.0/STM32CubeIDE/plugins/com.st.stm32cube.ide.mcu.externaltools.gnu-tools-for-stm32.13.3.rel1.win32_1.0.0.202411081344/tools/bin/../lib/gcc/arm-none-eabi/13.3.1/thumb/v7-m/nofp\libgcc.a
LOAD C:/ST/STM32CubeIDE_1.17.0/STM32CubeIDE/plugins/com.st.stm32cube.ide.mcu.externaltools.gnu-tools-for-stm32.13.3.rel1.win32_1.0.0.202411081344/tools/bin/../lib/gcc/arm-none-eabi/13.3.1/../../../../arm-none-eabi/lib/thumb/v7-m/nofp\libc_nano.a
LOAD C:/ST/STM32CubeIDE_1.17.0/STM32CubeIDE/plugins/com.st.stm32cube.ide.mcu.externaltools.gnu-tools-for-stm32.13.3.rel1.win32_1.0.0.202411081344/tools/bin/../lib/gcc/arm-none-eabi/13.3.1/../../../../arm-none-eabi/lib/thumb/v7-m/nofp\libnosys.a
END GROUP
LOAD C:/ST/STM32CubeIDE_1.17.0/STM32CubeIDE/plugins/com.st.stm32cube.ide.mcu.externaltools.gnu-tools-for-stm32.13.3.rel1.win32_1.0.0.202411081344/tools/bin/../lib/gcc/arm-none-eabi/13.3.1/thumb/v7-m/nofp/crtend.o
LOAD C:/ST/STM32CubeIDE_1.17.0/STM32CubeIDE/plugins/com.st.stm32cube.ide.mcu.externaltools.gnu-tools-for-stm32.13.3.rel1.win32_1.0.0.202411081344/tools/bin/../lib/gcc/arm-none-eabi/13.3.1/thumb/v7-m/nofp/crtn.o
                0x20005000                        _estack = (ORIGIN (RAM) + LENGTH (RAM))
                0x00000200                        _Min_Heap_Size = 0x200
                0x00000400                        _Min_Stack_Size = 0x400

.isr_vector     0x08000000      0x10c
                0x08000000                        . = ALIGN (0x4)
 *(.isr_vector)
 .isr_vector    0x08000000      0x10c ./Core/Startup/startup_stm32f103c8tx.o
                0x08000000                g_pfnVectors
                0x0800010c                        . = ALIGN (0x4)

.text           0x0800010c     0x47e8
                0x0800010c                        . = ALIGN (0x4)
 *(.text)
 .text          0x0800010c       0x40 C:/ST/STM32CubeIDE_1.17.0/STM32CubeIDE/plugins/com.st.stm32cube.ide.mcu.externaltools.gnu-tools-for-stm32.13.3.rel1.win32_1.0.0.202411081344/tools/bin/../lib/gcc/arm-none-eabi/13.3.1/thumb/v7-m/nofp/crtbegin.o
 *(.text*)
 .text.MX_ADC1_Init
                0x0800014c       0x7c ./Core/Src/adc.o
                0x0800014c                MX_ADC1_Init
 .text.HAL_ADC_MspInit
                0x080001c8       0x88 ./Core/Src/adc.o
                0x080001c8                HAL_ADC_MspInit
 .text.MX_GPIO_Init
                0x08000250       0xc8 ./Core/Src/gpio.o
                0x08000250                MX_GPIO_Init
 .text.MX_I2C1_Init
                0x08000318       0x5c ./Core/Src/i2c.o
                0x08000318                MX_I2C1_Init
 .text.HAL_I2C_MspInit
                0x08000374       0x7c ./Core/Src/i2c.o
                0x08000374                HAL_I2C_MspInit
 .text.main     0x080003f0      0x194 ./Core/Src/main.o
                0x080003f0                main
 .text.SystemClock_Config
                0x08000584       0xb6 ./Core/Src/main.o
                0x08000584                SystemClock_Config
 .text.BCD_To_Dec
                0x0800063a       0x2e ./Core/Src/main.o
                0x0800063a                BCD_To_Dec
 .text.Time_Get
                0x08000668       0xa8 ./Core/Src/main.o
                0x08000668                Time_Get
 .text.Alarm_Set
                0x08000710       0xa0 ./Core/Src/main.o
                0x08000710                Alarm_Set
 .text.Alarm_Get
                0x080007b0       0x5c ./Core/Src/main.o
                0x080007b0                Alarm_Get
 .text.Alarm_Clear
                0x0800080c       0x44 ./Core/Src/main.o
                0x0800080c                Alarm_Clear
 .text.Alarm_Check
                0x08000850       0xd8 ./Core/Src/main.o
                0x08000850                Alarm_Check
 .text.Button_Debounce
                0x08000928      0x124 ./Core/Src/main.o
                0x08000928                Button_Debounce
 .text.Button_Handle
                0x08000a4c      0x518 ./Core/Src/main.o
                0x08000a4c                Button_Handle
 .text.HAL_GPIO_EXTI_Callback
                0x08000f64       0x9c ./Core/Src/main.o
                0x08000f64                HAL_GPIO_EXTI_Callback
 .text.HAL_UART_RxCpltCallback
                0x08001000       0x48 ./Core/Src/main.o
                0x08001000                HAL_UART_RxCpltCallback
 .text.HAL_ADC_ConvCpltCallback
                0x08001048       0x60 ./Core/Src/main.o
                0x08001048                HAL_ADC_ConvCpltCallback
 .text.Error_Handler
                0x080010a8        0xc ./Core/Src/main.o
                0x080010a8                Error_Handler
 .text.HAL_MspInit
                0x080010b4       0x64 ./Core/Src/stm32f1xx_hal_msp.o
                0x080010b4                HAL_MspInit
 .text.NMI_Handler
                0x08001118        0x8 ./Core/Src/stm32f1xx_it.o
                0x08001118                NMI_Handler
 .text.HardFault_Handler
                0x08001120        0x8 ./Core/Src/stm32f1xx_it.o
                0x08001120                HardFault_Handler
 .text.MemManage_Handler
                0x08001128        0x8 ./Core/Src/stm32f1xx_it.o
                0x08001128                MemManage_Handler
 .text.BusFault_Handler
                0x08001130        0x8 ./Core/Src/stm32f1xx_it.o
                0x08001130                BusFault_Handler
 .text.UsageFault_Handler
                0x08001138        0x8 ./Core/Src/stm32f1xx_it.o
                0x08001138                UsageFault_Handler
 .text.SVC_Handler
                0x08001140        0xc ./Core/Src/stm32f1xx_it.o
                0x08001140                SVC_Handler
 .text.DebugMon_Handler
                0x0800114c        0xc ./Core/Src/stm32f1xx_it.o
                0x0800114c                DebugMon_Handler
 .text.PendSV_Handler
                0x08001158        0xc ./Core/Src/stm32f1xx_it.o
                0x08001158                PendSV_Handler
 .text.SysTick_Handler
                0x08001164        0xc ./Core/Src/stm32f1xx_it.o
                0x08001164                SysTick_Handler
 .text.ADC1_2_IRQHandler
                0x08001170       0x14 ./Core/Src/stm32f1xx_it.o
                0x08001170                ADC1_2_IRQHandler
 .text.EXTI9_5_IRQHandler
                0x08001184       0x16 ./Core/Src/stm32f1xx_it.o
                0x08001184                EXTI9_5_IRQHandler
 *fill*         0x0800119a        0x2 
 .text.USART1_IRQHandler
                0x0800119c       0x14 ./Core/Src/stm32f1xx_it.o
                0x0800119c                USART1_IRQHandler
 .text.EXTI15_10_IRQHandler
                0x080011b0       0x28 ./Core/Src/stm32f1xx_it.o
                0x080011b0                EXTI15_10_IRQHandler
 .text.SystemInit
                0x080011d8        0xc ./Core/Src/system_stm32f1xx.o
                0x080011d8                SystemInit
 .text.MX_USART1_UART_Init
                0x080011e4       0x54 ./Core/Src/usart.o
                0x080011e4                MX_USART1_UART_Init
 .text.HAL_UART_MspInit
                0x08001238       0xa8 ./Core/Src/usart.o
                0x08001238                HAL_UART_MspInit
 .text.Reset_Handler
                0x080012e0       0x48 ./Core/Startup/startup_stm32f103c8tx.o
                0x080012e0                Reset_Handler
 .text.Default_Handler
                0x08001328        0x2 ./Core/Startup/startup_stm32f103c8tx.o
                0x08001328                RTC_Alarm_IRQHandler
                0x08001328                EXTI2_IRQHandler
                0x08001328                TIM1_CC_IRQHandler
                0x08001328                PVD_IRQHandler
                0x08001328                EXTI3_IRQHandler
                0x08001328                EXTI0_IRQHandler
                0x08001328                I2C2_EV_IRQHandler
                0x08001328                SPI1_IRQHandler
                0x08001328                TAMPER_IRQHandler
                0x08001328                DMA1_Channel4_IRQHandler
                0x08001328                USART3_IRQHandler
                0x08001328                RTC_IRQHandler
                0x08001328                DMA1_Channel7_IRQHandler
                0x08001328                CAN1_RX1_IRQHandler
                0x08001328                TIM4_IRQHandler
                0x08001328                I2C1_EV_IRQHandler
                0x08001328                DMA1_Channel6_IRQHandler
                0x08001328                TIM3_IRQHandler
                0x08001328                RCC_IRQHandler
                0x08001328                TIM1_TRG_COM_IRQHandler
                0x08001328                DMA1_Channel1_IRQHandler
                0x08001328                Default_Handler
                0x08001328                SPI2_IRQHandler
                0x08001328                DMA1_Channel5_IRQHandler
                0x08001328                EXTI4_IRQHandler
                0x08001328                USB_LP_CAN1_RX0_IRQHandler
                0x08001328                USB_HP_CAN1_TX_IRQHandler
                0x08001328                DMA1_Channel3_IRQHandler
                0x08001328                TIM1_UP_IRQHandler
                0x08001328                WWDG_IRQHandler
                0x08001328                TIM2_IRQHandler
                0x08001328                TIM1_BRK_IRQHandler
                0x08001328                EXTI1_IRQHandler
                0x08001328                USART2_IRQHandler
                0x08001328                I2C2_ER_IRQHandler
                0x08001328                DMA1_Channel2_IRQHandler
                0x08001328                CAN1_SCE_IRQHandler
                0x08001328                FLASH_IRQHandler
                0x08001328                I2C1_ER_IRQHandler
                0x08001328                USBWakeUp_IRQHandler
 *fill*         0x0800132a        0x2 
 .text.HAL_Init
                0x0800132c       0x2c ./Drivers/STM32F1xx_HAL_Driver/Src/stm32f1xx_hal.o
                0x0800132c                HAL_Init
 .text.HAL_InitTick
                0x08001358       0x60 ./Drivers/STM32F1xx_HAL_Driver/Src/stm32f1xx_hal.o
                0x08001358                HAL_InitTick
 .text.HAL_IncTick
                0x080013b8       0x24 ./Drivers/STM32F1xx_HAL_Driver/Src/stm32f1xx_hal.o
                0x080013b8                HAL_IncTick
 .text.HAL_GetTick
                0x080013dc       0x14 ./Drivers/STM32F1xx_HAL_Driver/Src/stm32f1xx_hal.o
                0x080013dc                HAL_GetTick
 .text.HAL_Delay
                0x080013f0       0x48 ./Drivers/STM32F1xx_HAL_Driver/Src/stm32f1xx_hal.o
                0x080013f0                HAL_Delay
 .text.HAL_ADC_Init
                0x08001438      0x1b0 ./Drivers/STM32F1xx_HAL_Driver/Src/stm32f1xx_hal_adc.o
                0x08001438                HAL_ADC_Init
 .text.HAL_ADC_Start_IT
                0x080015e8      0x16c ./Drivers/STM32F1xx_HAL_Driver/Src/stm32f1xx_hal_adc.o
                0x080015e8                HAL_ADC_Start_IT
 .text.HAL_ADC_GetValue
                0x08001754       0x18 ./Drivers/STM32F1xx_HAL_Driver/Src/stm32f1xx_hal_adc.o
                0x08001754                HAL_ADC_GetValue
 .text.HAL_ADC_IRQHandler
                0x0800176c      0x17e ./Drivers/STM32F1xx_HAL_Driver/Src/stm32f1xx_hal_adc.o
                0x0800176c                HAL_ADC_IRQHandler
 .text.HAL_ADC_LevelOutOfWindowCallback
                0x080018ea       0x12 ./Drivers/STM32F1xx_HAL_Driver/Src/stm32f1xx_hal_adc.o
                0x080018ea                HAL_ADC_LevelOutOfWindowCallback
 .text.HAL_ADC_ConfigChannel
                0x080018fc      0x1f0 ./Drivers/STM32F1xx_HAL_Driver/Src/stm32f1xx_hal_adc.o
                0x080018fc                HAL_ADC_ConfigChannel
 .text.ADC_Enable
                0x08001aec       0xb4 ./Drivers/STM32F1xx_HAL_Driver/Src/stm32f1xx_hal_adc.o
                0x08001aec                ADC_Enable
 .text.ADC_ConversionStop_Disable
                0x08001ba0       0x82 ./Drivers/STM32F1xx_HAL_Driver/Src/stm32f1xx_hal_adc.o
                0x08001ba0                ADC_ConversionStop_Disable
 .text.HAL_ADCEx_InjectedConvCpltCallback
                0x08001c22       0x12 ./Drivers/STM32F1xx_HAL_Driver/Src/stm32f1xx_hal_adc_ex.o
                0x08001c22                HAL_ADCEx_InjectedConvCpltCallback
 .text.__NVIC_SetPriorityGrouping
                0x08001c34       0x48 ./Drivers/STM32F1xx_HAL_Driver/Src/stm32f1xx_hal_cortex.o
 .text.__NVIC_GetPriorityGrouping
                0x08001c7c       0x1c ./Drivers/STM32F1xx_HAL_Driver/Src/stm32f1xx_hal_cortex.o
 .text.__NVIC_EnableIRQ
                0x08001c98       0x38 ./Drivers/STM32F1xx_HAL_Driver/Src/stm32f1xx_hal_cortex.o
 .text.__NVIC_SetPriority
                0x08001cd0       0x54 ./Drivers/STM32F1xx_HAL_Driver/Src/stm32f1xx_hal_cortex.o
 .text.NVIC_EncodePriority
                0x08001d24       0x64 ./Drivers/STM32F1xx_HAL_Driver/Src/stm32f1xx_hal_cortex.o
 .text.SysTick_Config
                0x08001d88       0x44 ./Drivers/STM32F1xx_HAL_Driver/Src/stm32f1xx_hal_cortex.o
 .text.HAL_NVIC_SetPriorityGrouping
                0x08001dcc       0x16 ./Drivers/STM32F1xx_HAL_Driver/Src/stm32f1xx_hal_cortex.o
                0x08001dcc                HAL_NVIC_SetPriorityGrouping
 .text.HAL_NVIC_SetPriority
                0x08001de2       0x38 ./Drivers/STM32F1xx_HAL_Driver/Src/stm32f1xx_hal_cortex.o
                0x08001de2                HAL_NVIC_SetPriority
 .text.HAL_NVIC_EnableIRQ
                0x08001e1a       0x1c ./Drivers/STM32F1xx_HAL_Driver/Src/stm32f1xx_hal_cortex.o
                0x08001e1a                HAL_NVIC_EnableIRQ
 .text.HAL_SYSTICK_Config
                0x08001e36       0x18 ./Drivers/STM32F1xx_HAL_Driver/Src/stm32f1xx_hal_cortex.o
                0x08001e36                HAL_SYSTICK_Config
 .text.HAL_DMA_Abort
                0x08001e4e       0x76 ./Drivers/STM32F1xx_HAL_Driver/Src/stm32f1xx_hal_dma.o
                0x08001e4e                HAL_DMA_Abort
 .text.HAL_DMA_Abort_IT
                0x08001ec4       0xf0 ./Drivers/STM32F1xx_HAL_Driver/Src/stm32f1xx_hal_dma.o
                0x08001ec4                HAL_DMA_Abort_IT
 .text.HAL_GPIO_Init
                0x08001fb4      0x308 ./Drivers/STM32F1xx_HAL_Driver/Src/stm32f1xx_hal_gpio.o
                0x08001fb4                HAL_GPIO_Init
 .text.HAL_GPIO_ReadPin
                0x080022bc       0x2e ./Drivers/STM32F1xx_HAL_Driver/Src/stm32f1xx_hal_gpio.o
                0x080022bc                HAL_GPIO_ReadPin
 *fill*         0x080022ea        0x2 
 .text.HAL_GPIO_EXTI_IRQHandler
                0x080022ec       0x30 ./Drivers/STM32F1xx_HAL_Driver/Src/stm32f1xx_hal_gpio.o
                0x080022ec                HAL_GPIO_EXTI_IRQHandler
 .text.HAL_I2C_Init
                0x0800231c      0x288 ./Drivers/STM32F1xx_HAL_Driver/Src/stm32f1xx_hal_i2c.o
                0x0800231c                HAL_I2C_Init
 .text.HAL_I2C_Mem_Write
                0x080025a4      0x1f4 ./Drivers/STM32F1xx_HAL_Driver/Src/stm32f1xx_hal_i2c.o
                0x080025a4                HAL_I2C_Mem_Write
 .text.HAL_I2C_Mem_Read
                0x08002798      0x4e8 ./Drivers/STM32F1xx_HAL_Driver/Src/stm32f1xx_hal_i2c.o
                0x08002798                HAL_I2C_Mem_Read
 .text.I2C_RequestMemoryWrite
                0x08002c80      0x12c ./Drivers/STM32F1xx_HAL_Driver/Src/stm32f1xx_hal_i2c.o
 .text.I2C_RequestMemoryRead
                0x08002dac      0x1d0 ./Drivers/STM32F1xx_HAL_Driver/Src/stm32f1xx_hal_i2c.o
 .text.I2C_WaitOnFlagUntilTimeout
                0x08002f7c       0xf4 ./Drivers/STM32F1xx_HAL_Driver/Src/stm32f1xx_hal_i2c.o
 .text.I2C_WaitOnMasterAddressFlagUntilTimeout
                0x08003070      0x140 ./Drivers/STM32F1xx_HAL_Driver/Src/stm32f1xx_hal_i2c.o
 .text.I2C_WaitOnTXEFlagUntilTimeout
                0x080031b0       0x90 ./Drivers/STM32F1xx_HAL_Driver/Src/stm32f1xx_hal_i2c.o
 .text.I2C_WaitOnBTFFlagUntilTimeout
                0x08003240       0x90 ./Drivers/STM32F1xx_HAL_Driver/Src/stm32f1xx_hal_i2c.o
 .text.I2C_WaitOnRXNEFlagUntilTimeout
                0x080032d0       0xba ./Drivers/STM32F1xx_HAL_Driver/Src/stm32f1xx_hal_i2c.o
 .text.I2C_IsAcknowledgeFailed
                0x0800338a       0x5c ./Drivers/STM32F1xx_HAL_Driver/Src/stm32f1xx_hal_i2c.o
 *fill*         0x080033e6        0x2 
 .text.HAL_RCC_OscConfig
                0x080033e8      0x504 ./Drivers/STM32F1xx_HAL_Driver/Src/stm32f1xx_hal_rcc.o
                0x080033e8                HAL_RCC_OscConfig
 .text.HAL_RCC_ClockConfig
                0x080038ec      0x1d4 ./Drivers/STM32F1xx_HAL_Driver/Src/stm32f1xx_hal_rcc.o
                0x080038ec                HAL_RCC_ClockConfig
 .text.HAL_RCC_GetSysClockFreq
                0x08003ac0       0xa8 ./Drivers/STM32F1xx_HAL_Driver/Src/stm32f1xx_hal_rcc.o
                0x08003ac0                HAL_RCC_GetSysClockFreq
 .text.HAL_RCC_GetHCLKFreq
                0x08003b68       0x14 ./Drivers/STM32F1xx_HAL_Driver/Src/stm32f1xx_hal_rcc.o
                0x08003b68                HAL_RCC_GetHCLKFreq
 .text.HAL_RCC_GetPCLK1Freq
                0x08003b7c       0x28 ./Drivers/STM32F1xx_HAL_Driver/Src/stm32f1xx_hal_rcc.o
                0x08003b7c                HAL_RCC_GetPCLK1Freq
 .text.HAL_RCC_GetPCLK2Freq
                0x08003ba4       0x28 ./Drivers/STM32F1xx_HAL_Driver/Src/stm32f1xx_hal_rcc.o
                0x08003ba4                HAL_RCC_GetPCLK2Freq
 .text.RCC_Delay
                0x08003bcc       0x3c ./Drivers/STM32F1xx_HAL_Driver/Src/stm32f1xx_hal_rcc.o
 .text.HAL_RCCEx_PeriphCLKConfig
                0x08003c08      0x16c ./Drivers/STM32F1xx_HAL_Driver/Src/stm32f1xx_hal_rcc_ex.o
                0x08003c08                HAL_RCCEx_PeriphCLKConfig
 .text.HAL_UART_Init
                0x08003d74       0xa0 ./Drivers/STM32F1xx_HAL_Driver/Src/stm32f1xx_hal_uart.o
                0x08003d74                HAL_UART_Init
 .text.HAL_UART_Receive_IT
                0x08003e14       0x4a ./Drivers/STM32F1xx_HAL_Driver/Src/stm32f1xx_hal_uart.o
                0x08003e14                HAL_UART_Receive_IT
 *fill*         0x08003e5e        0x2 
 .text.HAL_UART_IRQHandler
                0x08003e60      0x524 ./Drivers/STM32F1xx_HAL_Driver/Src/stm32f1xx_hal_uart.o
                0x08003e60                HAL_UART_IRQHandler
 .text.HAL_UART_TxCpltCallback
                0x08004384       0x12 ./Drivers/STM32F1xx_HAL_Driver/Src/stm32f1xx_hal_uart.o
                0x08004384                HAL_UART_TxCpltCallback
 .text.HAL_UART_ErrorCallback
                0x08004396       0x12 ./Drivers/STM32F1xx_HAL_Driver/Src/stm32f1xx_hal_uart.o
                0x08004396                HAL_UART_ErrorCallback
 .text.HAL_UARTEx_RxEventCallback
                0x080043a8       0x16 ./Drivers/STM32F1xx_HAL_Driver/Src/stm32f1xx_hal_uart.o
                0x080043a8                HAL_UARTEx_RxEventCallback
 .text.UART_Start_Receive_IT
                0x080043be       0x72 ./Drivers/STM32F1xx_HAL_Driver/Src/stm32f1xx_hal_uart.o
                0x080043be                UART_Start_Receive_IT
 .text.UART_EndRxTransfer
                0x08004430       0xc4 ./Drivers/STM32F1xx_HAL_Driver/Src/stm32f1xx_hal_uart.o
 .text.UART_DMAAbortOnError
                0x080044f4       0x28 ./Drivers/STM32F1xx_HAL_Driver/Src/stm32f1xx_hal_uart.o
 .text.UART_Transmit_IT
                0x0800451c       0x9e ./Drivers/STM32F1xx_HAL_Driver/Src/stm32f1xx_hal_uart.o
 .text.UART_EndTransmit_IT
                0x080045ba       0x30 ./Drivers/STM32F1xx_HAL_Driver/Src/stm32f1xx_hal_uart.o
 .text.UART_Receive_IT
                0x080045ea      0x17c ./Drivers/STM32F1xx_HAL_Driver/Src/stm32f1xx_hal_uart.o
 *fill*         0x08004766        0x2 
 .text.UART_SetConfig
                0x08004768      0x11c ./Drivers/STM32F1xx_HAL_Driver/Src/stm32f1xx_hal_uart.o
 .text.memset   0x08004884       0x10 C:/ST/STM32CubeIDE_1.17.0/STM32CubeIDE/plugins/com.st.stm32cube.ide.mcu.externaltools.gnu-tools-for-stm32.13.3.rel1.win32_1.0.0.202411081344/tools/bin/../lib/gcc/arm-none-eabi/13.3.1/../../../../arm-none-eabi/lib/thumb/v7-m/nofp\libc_nano.a(libc_a-memset.o)
                0x08004884                memset
 .text.__libc_init_array
                0x08004894       0x48 C:/ST/STM32CubeIDE_1.17.0/STM32CubeIDE/plugins/com.st.stm32cube.ide.mcu.externaltools.gnu-tools-for-stm32.13.3.rel1.win32_1.0.0.202411081344/tools/bin/../lib/gcc/arm-none-eabi/13.3.1/../../../../arm-none-eabi/lib/thumb/v7-m/nofp\libc_nano.a(libc_a-init.o)
                0x08004894                __libc_init_array
 *(.glue_7)
 .glue_7        0x080048dc        0x0 linker stubs
 *(.glue_7t)
 .glue_7t       0x080048dc        0x0 linker stubs
 *(.eh_frame)
 .eh_frame      0x080048dc        0x0 C:/ST/STM32CubeIDE_1.17.0/STM32CubeIDE/plugins/com.st.stm32cube.ide.mcu.externaltools.gnu-tools-for-stm32.13.3.rel1.win32_1.0.0.202411081344/tools/bin/../lib/gcc/arm-none-eabi/13.3.1/thumb/v7-m/nofp/crtbegin.o
 *(.init)
 .init          0x080048dc        0x4 C:/ST/STM32CubeIDE_1.17.0/STM32CubeIDE/plugins/com.st.stm32cube.ide.mcu.externaltools.gnu-tools-for-stm32.13.3.rel1.win32_1.0.0.202411081344/tools/bin/../lib/gcc/arm-none-eabi/13.3.1/thumb/v7-m/nofp/crti.o
                0x080048dc                _init
 .init          0x080048e0        0x8 C:/ST/STM32CubeIDE_1.17.0/STM32CubeIDE/plugins/com.st.stm32cube.ide.mcu.externaltools.gnu-tools-for-stm32.13.3.rel1.win32_1.0.0.202411081344/tools/bin/../lib/gcc/arm-none-eabi/13.3.1/thumb/v7-m/nofp/crtn.o
 *(.fini)
 .fini          0x080048e8        0x4 C:/ST/STM32CubeIDE_1.17.0/STM32CubeIDE/plugins/com.st.stm32cube.ide.mcu.externaltools.gnu-tools-for-stm32.13.3.rel1.win32_1.0.0.202411081344/tools/bin/../lib/gcc/arm-none-eabi/13.3.1/thumb/v7-m/nofp/crti.o
                0x080048e8                _fini
 .fini          0x080048ec        0x8 C:/ST/STM32CubeIDE_1.17.0/STM32CubeIDE/plugins/com.st.stm32cube.ide.mcu.externaltools.gnu-tools-for-stm32.13.3.rel1.win32_1.0.0.202411081344/tools/bin/../lib/gcc/arm-none-eabi/13.3.1/thumb/v7-m/nofp/crtn.o
                0x080048f4                        . = ALIGN (0x4)
                0x080048f4                        _etext = .

.vfp11_veneer   0x080048f4        0x0
 .vfp11_veneer  0x080048f4        0x0 linker stubs

.v4_bx          0x080048f4        0x0
 .v4_bx         0x080048f4        0x0 linker stubs

.iplt           0x080048f4        0x0
 .iplt          0x080048f4        0x0 C:/ST/STM32CubeIDE_1.17.0/STM32CubeIDE/plugins/com.st.stm32cube.ide.mcu.externaltools.gnu-tools-for-stm32.13.3.rel1.win32_1.0.0.202411081344/tools/bin/../lib/gcc/arm-none-eabi/13.3.1/thumb/v7-m/nofp/crtbegin.o

.rodata         0x080048f4       0x2c
                0x080048f4                        . = ALIGN (0x4)
 *(.rodata)
 *(.rodata*)
 .rodata.AHBPrescTable
                0x080048f4       0x10 ./Core/Src/system_stm32f1xx.o
                0x080048f4                AHBPrescTable
 .rodata.APBPrescTable
                0x08004904        0x8 ./Core/Src/system_stm32f1xx.o
                0x08004904                APBPrescTable
 .rodata.aPLLMULFactorTable.1
                0x0800490c       0x10 ./Drivers/STM32F1xx_HAL_Driver/Src/stm32f1xx_hal_rcc.o
 .rodata.aPredivFactorTable.0
                0x0800491c        0x2 ./Drivers/STM32F1xx_HAL_Driver/Src/stm32f1xx_hal_rcc.o
                0x08004920                        . = ALIGN (0x4)
 *fill*         0x0800491e        0x2 

.ARM.extab      0x08004920        0x0
                0x08004920                        . = ALIGN (0x4)
 *(.ARM.extab* .gnu.linkonce.armextab.*)
                0x08004920                        . = ALIGN (0x4)

.ARM            0x08004920        0x0
                0x08004920                        . = ALIGN (0x4)
                0x08004920                        __exidx_start = .
 *(.ARM.exidx*)
                0x08004920                        __exidx_end = .
                0x08004920                        . = ALIGN (0x4)

.preinit_array  0x08004920        0x0
                0x08004920                        . = ALIGN (0x4)
                0x08004920                        PROVIDE (__preinit_array_start = .)
 *(.preinit_array*)
                0x08004920                        PROVIDE (__preinit_array_end = .)
                0x08004920                        . = ALIGN (0x4)

.init_array     0x08004920        0x4
                0x08004920                        . = ALIGN (0x4)
                0x08004920                        PROVIDE (__init_array_start = .)
 *(SORT_BY_NAME(.init_array.*))
 *(.init_array*)
 .init_array    0x08004920        0x4 C:/ST/STM32CubeIDE_1.17.0/STM32CubeIDE/plugins/com.st.stm32cube.ide.mcu.externaltools.gnu-tools-for-stm32.13.3.rel1.win32_1.0.0.202411081344/tools/bin/../lib/gcc/arm-none-eabi/13.3.1/thumb/v7-m/nofp/crtbegin.o
                0x08004924                        PROVIDE (__init_array_end = .)
                0x08004924                        . = ALIGN (0x4)

.fini_array     0x08004924        0x4
                0x08004924                        . = ALIGN (0x4)
                [!provide]                        PROVIDE (__fini_array_start = .)
 *(SORT_BY_NAME(.fini_array.*))
 *(.fini_array*)
 .fini_array    0x08004924        0x4 C:/ST/STM32CubeIDE_1.17.0/STM32CubeIDE/plugins/com.st.stm32cube.ide.mcu.externaltools.gnu-tools-for-stm32.13.3.rel1.win32_1.0.0.202411081344/tools/bin/../lib/gcc/arm-none-eabi/13.3.1/thumb/v7-m/nofp/crtbegin.o
                [!provide]                        PROVIDE (__fini_array_end = .)
                0x08004928                        . = ALIGN (0x4)
                0x08004928                        _sidata = LOADADDR (.data)

.rel.dyn        0x08004928        0x0
 .rel.iplt      0x08004928        0x0 C:/ST/STM32CubeIDE_1.17.0/STM32CubeIDE/plugins/com.st.stm32cube.ide.mcu.externaltools.gnu-tools-for-stm32.13.3.rel1.win32_1.0.0.202411081344/tools/bin/../lib/gcc/arm-none-eabi/13.3.1/thumb/v7-m/nofp/crtbegin.o

.data           0x20000000       0x64 load address 0x08004928
                0x20000000                        . = ALIGN (0x4)
                0x20000000                        _sdata = .
 *(.data)
 *(.data*)
 .data.button0  0x20000000       0x10 ./Core/Src/main.o
                0x20000000                button0
 .data.button1  0x20000010       0x10 ./Core/Src/main.o
                0x20000010                button1
 .data.button2  0x20000020       0x10 ./Core/Src/main.o
                0x20000020                button2
 .data.button3  0x20000030       0x10 ./Core/Src/main.o
                0x20000030                button3
 .data.button4  0x20000040       0x10 ./Core/Src/main.o
                0x20000040                button4
 .data.debug_alarm_select_data
                0x20000050        0x7 ./Core/Src/main.o
                0x20000050                debug_alarm_select_data
 *fill*         0x20000057        0x1 
 .data.SystemCoreClock
                0x20000058        0x4 ./Core/Src/system_stm32f1xx.o
                0x20000058                SystemCoreClock
 .data.uwTickPrio
                0x2000005c        0x4 ./Drivers/STM32F1xx_HAL_Driver/Src/stm32f1xx_hal.o
                0x2000005c                uwTickPrio
 .data.uwTickFreq
                0x20000060        0x1 ./Drivers/STM32F1xx_HAL_Driver/Src/stm32f1xx_hal.o
                0x20000060                uwTickFreq
 *(.RamFunc)
 *(.RamFunc*)
                0x20000064                        . = ALIGN (0x4)
 *fill*         0x20000061        0x3 
                0x20000064                        _edata = .

.igot.plt       0x20000064        0x0 load address 0x0800498c
 .igot.plt      0x20000064        0x0 C:/ST/STM32CubeIDE_1.17.0/STM32CubeIDE/plugins/com.st.stm32cube.ide.mcu.externaltools.gnu-tools-for-stm32.13.3.rel1.win32_1.0.0.202411081344/tools/bin/../lib/gcc/arm-none-eabi/13.3.1/thumb/v7-m/nofp/crtbegin.o
                0x20000064                        . = ALIGN (0x4)

.bss            0x20000064      0x13c load address 0x0800498c
                0x20000064                        _sbss = .
                0x20000064                        __bss_start__ = _sbss
 *(.bss)
 .bss           0x20000064       0x1c C:/ST/STM32CubeIDE_1.17.0/STM32CubeIDE/plugins/com.st.stm32cube.ide.mcu.externaltools.gnu-tools-for-stm32.13.3.rel1.win32_1.0.0.202411081344/tools/bin/../lib/gcc/arm-none-eabi/13.3.1/thumb/v7-m/nofp/crtbegin.o
 *(.bss*)
 .bss.hadc1     0x20000080       0x30 ./Core/Src/adc.o
                0x20000080                hadc1
 .bss.hi2c1     0x200000b0       0x54 ./Core/Src/i2c.o
                0x200000b0                hi2c1
 .bss.time_get_data
                0x20000104        0x7 ./Core/Src/main.o
                0x20000104                time_get_data
 *fill*         0x2000010b        0x1 
 .bss.alarm_get_data
                0x2000010c       0x28 ./Core/Src/main.o
                0x2000010c                alarm_get_data
 .bss.alarm_check_data
                0x20000134        0x4 ./Core/Src/main.o
                0x20000134                alarm_check_data
 .bss.rtc_int_flag
                0x20000138        0x1 ./Core/Src/main.o
                0x20000138                rtc_int_flag
 .bss.debug_alarm_activate_ctr
                0x20000139        0x1 ./Core/Src/main.o
                0x20000139                debug_alarm_activate_ctr
 .bss.debug_rtc_int
                0x2000013a        0x1 ./Core/Src/main.o
                0x2000013a                debug_rtc_int
 *fill*         0x2000013b        0x1 
 .bss.debug_button_counter
                0x2000013c        0x5 ./Core/Src/main.o
                0x2000013c                debug_button_counter
 *fill*         0x20000141        0x3 
 .bss.debug_alarm_select_state
                0x20000144        0x5 ./Core/Src/main.o
                0x20000144                debug_alarm_select_state
 .bss.adc_valid_flag
                0x20000149        0x1 ./Core/Src/main.o
                0x20000149                adc_valid_flag
 .bss.adc_data  0x2000014a        0x2 ./Core/Src/main.o
                0x2000014a                adc_data
 .bss.battery_percentage
                0x2000014c        0x2 ./Core/Src/main.o
                0x2000014c                battery_percentage
 .bss.uart_rx_flag
                0x2000014e        0x1 ./Core/Src/main.o
                0x2000014e                uart_rx_flag
 *fill*         0x2000014f        0x1 
 .bss.uart_rx_data
                0x20000150        0x2 ./Core/Src/main.o
                0x20000150                uart_rx_data
 .bss.uart_rx_hour
                0x20000152        0x1 ./Core/Src/main.o
                0x20000152                uart_rx_hour
 .bss.uart_rx_minute
                0x20000153        0x1 ./Core/Src/main.o
                0x20000153                uart_rx_minute
 .bss.huart1    0x20000154       0x48 ./Core/Src/usart.o
                0x20000154                huart1
 .bss.uwTick    0x2000019c        0x4 ./Drivers/STM32F1xx_HAL_Driver/Src/stm32f1xx_hal.o
                0x2000019c                uwTick
 *(COMMON)
                0x200001a0                        . = ALIGN (0x4)
                0x200001a0                        _ebss = .
                0x200001a0                        __bss_end__ = _ebss

._user_heap_stack
                0x200001a0      0x600 load address 0x0800498c
                0x200001a0                        . = ALIGN (0x8)
                [!provide]                        PROVIDE (end = .)
                0x200001a0                        PROVIDE (_end = .)
                0x200003a0                        . = (. + _Min_Heap_Size)
 *fill*         0x200001a0      0x200 
                0x200007a0                        . = (. + _Min_Stack_Size)
 *fill*         0x200003a0      0x400 
                0x200007a0                        . = ALIGN (0x8)

/DISCARD/
 libc.a(*)
 libm.a(*)
 libgcc.a(*)

.ARM.attributes
                0x00000000       0x29
 *(.ARM.attributes)
 .ARM.attributes
                0x00000000       0x1d C:/ST/STM32CubeIDE_1.17.0/STM32CubeIDE/plugins/com.st.stm32cube.ide.mcu.externaltools.gnu-tools-for-stm32.13.3.rel1.win32_1.0.0.202411081344/tools/bin/../lib/gcc/arm-none-eabi/13.3.1/thumb/v7-m/nofp/crti.o
 .ARM.attributes
                0x0000001d       0x2d C:/ST/STM32CubeIDE_1.17.0/STM32CubeIDE/plugins/com.st.stm32cube.ide.mcu.externaltools.gnu-tools-for-stm32.13.3.rel1.win32_1.0.0.202411081344/tools/bin/../lib/gcc/arm-none-eabi/13.3.1/thumb/v7-m/nofp/crtbegin.o
 .ARM.attributes
                0x0000004a       0x2d ./Core/Src/adc.o
 .ARM.attributes
                0x00000077       0x2d ./Core/Src/gpio.o
 .ARM.attributes
                0x000000a4       0x2d ./Core/Src/i2c.o
 .ARM.attributes
                0x000000d1       0x2d ./Core/Src/main.o
 .ARM.attributes
                0x000000fe       0x2d ./Core/Src/stm32f1xx_hal_msp.o
 .ARM.attributes
                0x0000012b       0x2d ./Core/Src/stm32f1xx_it.o
 .ARM.attributes
                0x00000158       0x2d ./Core/Src/system_stm32f1xx.o
 .ARM.attributes
                0x00000185       0x2d ./Core/Src/usart.o
 .ARM.attributes
                0x000001b2       0x21 ./Core/Startup/startup_stm32f103c8tx.o
 .ARM.attributes
                0x000001d3       0x2d ./Drivers/STM32F1xx_HAL_Driver/Src/stm32f1xx_hal.o
 .ARM.attributes
                0x00000200       0x2d ./Drivers/STM32F1xx_HAL_Driver/Src/stm32f1xx_hal_adc.o
 .ARM.attributes
                0x0000022d       0x2d ./Drivers/STM32F1xx_HAL_Driver/Src/stm32f1xx_hal_adc_ex.o
 .ARM.attributes
                0x0000025a       0x2d ./Drivers/STM32F1xx_HAL_Driver/Src/stm32f1xx_hal_cortex.o
 .ARM.attributes
                0x00000287       0x2d ./Drivers/STM32F1xx_HAL_Driver/Src/stm32f1xx_hal_dma.o
 .ARM.attributes
                0x000002b4       0x2d ./Drivers/STM32F1xx_HAL_Driver/Src/stm32f1xx_hal_gpio.o
 .ARM.attributes
                0x000002e1       0x2d ./Drivers/STM32F1xx_HAL_Driver/Src/stm32f1xx_hal_i2c.o
 .ARM.attributes
                0x0000030e       0x2d ./Drivers/STM32F1xx_HAL_Driver/Src/stm32f1xx_hal_rcc.o
 .ARM.attributes
                0x0000033b       0x2d ./Drivers/STM32F1xx_HAL_Driver/Src/stm32f1xx_hal_rcc_ex.o
 .ARM.attributes
                0x00000368       0x2d ./Drivers/STM32F1xx_HAL_Driver/Src/stm32f1xx_hal_uart.o
 .ARM.attributes
                0x00000395       0x2d C:/ST/STM32CubeIDE_1.17.0/STM32CubeIDE/plugins/com.st.stm32cube.ide.mcu.externaltools.gnu-tools-for-stm32.13.3.rel1.win32_1.0.0.202411081344/tools/bin/../lib/gcc/arm-none-eabi/13.3.1/../../../../arm-none-eabi/lib/thumb/v7-m/nofp\libc_nano.a(libc_a-memset.o)
 .ARM.attributes
                0x000003c2       0x2d C:/ST/STM32CubeIDE_1.17.0/STM32CubeIDE/plugins/com.st.stm32cube.ide.mcu.externaltools.gnu-tools-for-stm32.13.3.rel1.win32_1.0.0.202411081344/tools/bin/../lib/gcc/arm-none-eabi/13.3.1/../../../../arm-none-eabi/lib/thumb/v7-m/nofp\libc_nano.a(libc_a-init.o)
 .ARM.attributes
                0x000003ef       0x1d C:/ST/STM32CubeIDE_1.17.0/STM32CubeIDE/plugins/com.st.stm32cube.ide.mcu.externaltools.gnu-tools-for-stm32.13.3.rel1.win32_1.0.0.202411081344/tools/bin/../lib/gcc/arm-none-eabi/13.3.1/thumb/v7-m/nofp/crtn.o
OUTPUT(ES_Project_Digital-Clock.elf elf32-littlearm)
LOAD linker stubs
LOAD C:/ST/STM32CubeIDE_1.17.0/STM32CubeIDE/plugins/com.st.stm32cube.ide.mcu.externaltools.gnu-tools-for-stm32.13.3.rel1.win32_1.0.0.202411081344/tools/bin/../lib/gcc/arm-none-eabi/13.3.1/../../../../arm-none-eabi/lib/thumb/v7-m/nofp\libc.a
LOAD C:/ST/STM32CubeIDE_1.17.0/STM32CubeIDE/plugins/com.st.stm32cube.ide.mcu.externaltools.gnu-tools-for-stm32.13.3.rel1.win32_1.0.0.202411081344/tools/bin/../lib/gcc/arm-none-eabi/13.3.1/../../../../arm-none-eabi/lib/thumb/v7-m/nofp\libm.a
LOAD C:/ST/STM32CubeIDE_1.17.0/STM32CubeIDE/plugins/com.st.stm32cube.ide.mcu.externaltools.gnu-tools-for-stm32.13.3.rel1.win32_1.0.0.202411081344/tools/bin/../lib/gcc/arm-none-eabi/13.3.1/thumb/v7-m/nofp\libgcc.a

.debug_info     0x00000000     0xd6d3
 .debug_info    0x00000000      0x94a ./Core/Src/adc.o
 .debug_info    0x0000094a      0x3f5 ./Core/Src/gpio.o
 .debug_info    0x00000d3f      0x7e3 ./Core/Src/i2c.o
 .debug_info    0x00001522     0x17da ./Core/Src/main.o
 .debug_info    0x00002cfc      0x1f1 ./Core/Src/stm32f1xx_hal_msp.o
 .debug_info    0x00002eed      0x85c ./Core/Src/stm32f1xx_it.o
 .debug_info    0x00003749      0x222 ./Core/Src/system_stm32f1xx.o
 .debug_info    0x0000396b      0x92a ./Core/Src/usart.o
 .debug_info    0x00004295       0x30 ./Core/Startup/startup_stm32f103c8tx.o
 .debug_info    0x000042c5      0x704 ./Drivers/STM32F1xx_HAL_Driver/Src/stm32f1xx_hal.o
 .debug_info    0x000049c9      0xc50 ./Drivers/STM32F1xx_HAL_Driver/Src/stm32f1xx_hal_adc.o
 .debug_info    0x00005619      0xa10 ./Drivers/STM32F1xx_HAL_Driver/Src/stm32f1xx_hal_adc_ex.o
 .debug_info    0x00006029      0xa87 ./Drivers/STM32F1xx_HAL_Driver/Src/stm32f1xx_hal_cortex.o
 .debug_info    0x00006ab0      0x6d2 ./Drivers/STM32F1xx_HAL_Driver/Src/stm32f1xx_hal_dma.o
 .debug_info    0x00007182      0x5ab ./Drivers/STM32F1xx_HAL_Driver/Src/stm32f1xx_hal_gpio.o
 .debug_info    0x0000772d     0x2524 ./Drivers/STM32F1xx_HAL_Driver/Src/stm32f1xx_hal_i2c.o
 .debug_info    0x00009c51      0x7d5 ./Drivers/STM32F1xx_HAL_Driver/Src/stm32f1xx_hal_rcc.o
 .debug_info    0x0000a426      0x3c0 ./Drivers/STM32F1xx_HAL_Driver/Src/stm32f1xx_hal_rcc_ex.o
 .debug_info    0x0000a7e6     0x2eed ./Drivers/STM32F1xx_HAL_Driver/Src/stm32f1xx_hal_uart.o

.debug_abbrev   0x00000000     0x24e1
 .debug_abbrev  0x00000000      0x200 ./Core/Src/adc.o
 .debug_abbrev  0x00000200      0x15e ./Core/Src/gpio.o
 .debug_abbrev  0x0000035e      0x1de ./Core/Src/i2c.o
 .debug_abbrev  0x0000053c      0x2b2 ./Core/Src/main.o
 .debug_abbrev  0x000007ee       0xdb ./Core/Src/stm32f1xx_hal_msp.o
 .debug_abbrev  0x000008c9      0x19e ./Core/Src/stm32f1xx_it.o
 .debug_abbrev  0x00000a67      0x13f ./Core/Src/system_stm32f1xx.o
 .debug_abbrev  0x00000ba6      0x205 ./Core/Src/usart.o
 .debug_abbrev  0x00000dab       0x24 ./Core/Startup/startup_stm32f103c8tx.o
 .debug_abbrev  0x00000dcf      0x201 ./Drivers/STM32F1xx_HAL_Driver/Src/stm32f1xx_hal.o
 .debug_abbrev  0x00000fd0      0x225 ./Drivers/STM32F1xx_HAL_Driver/Src/stm32f1xx_hal_adc.o
 .debug_abbrev  0x000011f5      0x249 ./Drivers/STM32F1xx_HAL_Driver/Src/stm32f1xx_hal_adc_ex.o
 .debug_abbrev  0x0000143e      0x2f8 ./Drivers/STM32F1xx_HAL_Driver/Src/stm32f1xx_hal_cortex.o
 .debug_abbrev  0x00001736      0x20b ./Drivers/STM32F1xx_HAL_Driver/Src/stm32f1xx_hal_dma.o
 .debug_abbrev  0x00001941      0x1ca ./Drivers/STM32F1xx_HAL_Driver/Src/stm32f1xx_hal_gpio.o
 .debug_abbrev  0x00001b0b      0x2a3 ./Drivers/STM32F1xx_HAL_Driver/Src/stm32f1xx_hal_i2c.o
 .debug_abbrev  0x00001dae      0x2b3 ./Drivers/STM32F1xx_HAL_Driver/Src/stm32f1xx_hal_rcc.o
 .debug_abbrev  0x00002061      0x188 ./Drivers/STM32F1xx_HAL_Driver/Src/stm32f1xx_hal_rcc_ex.o
 .debug_abbrev  0x000021e9      0x2f8 ./Drivers/STM32F1xx_HAL_Driver/Src/stm32f1xx_hal_uart.o

.debug_aranges  0x00000000      0xbe0
 .debug_aranges
                0x00000000       0x30 ./Core/Src/adc.o
 .debug_aranges
                0x00000030       0x20 ./Core/Src/gpio.o
 .debug_aranges
                0x00000050       0x30 ./Core/Src/i2c.o
 .debug_aranges
                0x00000080       0xa8 ./Core/Src/main.o
 .debug_aranges
                0x00000128       0x20 ./Core/Src/stm32f1xx_hal_msp.o
 .debug_aranges
                0x00000148       0x80 ./Core/Src/stm32f1xx_it.o
 .debug_aranges
                0x000001c8       0x28 ./Core/Src/system_stm32f1xx.o
 .debug_aranges
                0x000001f0       0x30 ./Core/Src/usart.o
 .debug_aranges
                0x00000220       0x28 ./Core/Startup/startup_stm32f103c8tx.o
 .debug_aranges
                0x00000248       0xe0 ./Drivers/STM32F1xx_HAL_Driver/Src/stm32f1xx_hal.o
 .debug_aranges
                0x00000328       0xf0 ./Drivers/STM32F1xx_HAL_Driver/Src/stm32f1xx_hal_adc.o
 .debug_aranges
                0x00000418       0x80 ./Drivers/STM32F1xx_HAL_Driver/Src/stm32f1xx_hal_adc_ex.o
 .debug_aranges
                0x00000498      0x100 ./Drivers/STM32F1xx_HAL_Driver/Src/stm32f1xx_hal_cortex.o
 .debug_aranges
                0x00000598       0x80 ./Drivers/STM32F1xx_HAL_Driver/Src/stm32f1xx_hal_dma.o
 .debug_aranges
                0x00000618       0x58 ./Drivers/STM32F1xx_HAL_Driver/Src/stm32f1xx_hal_gpio.o
 .debug_aranges
                0x00000670      0x2a8 ./Drivers/STM32F1xx_HAL_Driver/Src/stm32f1xx_hal_i2c.o
 .debug_aranges
                0x00000918       0x90 ./Drivers/STM32F1xx_HAL_Driver/Src/stm32f1xx_hal_rcc.o
 .debug_aranges
                0x000009a8       0x30 ./Drivers/STM32F1xx_HAL_Driver/Src/stm32f1xx_hal_rcc_ex.o
 .debug_aranges
                0x000009d8      0x208 ./Drivers/STM32F1xx_HAL_Driver/Src/stm32f1xx_hal_uart.o

.debug_rnglists
                0x00000000      0x94d
 .debug_rnglists
                0x00000000       0x20 ./Core/Src/adc.o
 .debug_rnglists
                0x00000020       0x14 ./Core/Src/gpio.o
 .debug_rnglists
                0x00000034       0x1f ./Core/Src/i2c.o
 .debug_rnglists
                0x00000053       0x92 ./Core/Src/main.o
 .debug_rnglists
                0x000000e5       0x13 ./Core/Src/stm32f1xx_hal_msp.o
 .debug_rnglists
                0x000000f8       0x5b ./Core/Src/stm32f1xx_it.o
 .debug_rnglists
                0x00000153       0x1a ./Core/Src/system_stm32f1xx.o
 .debug_rnglists
                0x0000016d       0x20 ./Core/Src/usart.o
 .debug_rnglists
                0x0000018d       0x19 ./Core/Startup/startup_stm32f103c8tx.o
 .debug_rnglists
                0x000001a6       0xa3 ./Drivers/STM32F1xx_HAL_Driver/Src/stm32f1xx_hal.o
 .debug_rnglists
                0x00000249       0xbc ./Drivers/STM32F1xx_HAL_Driver/Src/stm32f1xx_hal_adc.o
 .debug_rnglists
                0x00000305       0x65 ./Drivers/STM32F1xx_HAL_Driver/Src/stm32f1xx_hal_adc_ex.o
 .debug_rnglists
                0x0000036a       0xbb ./Drivers/STM32F1xx_HAL_Driver/Src/stm32f1xx_hal_cortex.o
 .debug_rnglists
                0x00000425       0x64 ./Drivers/STM32F1xx_HAL_Driver/Src/stm32f1xx_hal_dma.o
 .debug_rnglists
                0x00000489       0x3f ./Drivers/STM32F1xx_HAL_Driver/Src/stm32f1xx_hal_gpio.o
 .debug_rnglists
                0x000004c8      0x23c ./Drivers/STM32F1xx_HAL_Driver/Src/stm32f1xx_hal_i2c.o
 .debug_rnglists
                0x00000704       0x6c ./Drivers/STM32F1xx_HAL_Driver/Src/stm32f1xx_hal_rcc.o
 .debug_rnglists
                0x00000770       0x21 ./Drivers/STM32F1xx_HAL_Driver/Src/stm32f1xx_hal_rcc_ex.o
 .debug_rnglists
                0x00000791      0x1bc ./Drivers/STM32F1xx_HAL_Driver/Src/stm32f1xx_hal_uart.o

.debug_macro    0x00000000    0x1833d
 .debug_macro   0x00000000      0x1c5 ./Core/Src/adc.o
 .debug_macro   0x000001c5      0xacc ./Core/Src/adc.o
 .debug_macro   0x00000c91      0x221 ./Core/Src/adc.o
 .debug_macro   0x00000eb2       0x2e ./Core/Src/adc.o
 .debug_macro   0x00000ee0       0x22 ./Core/Src/adc.o
 .debug_macro   0x00000f02       0x22 ./Core/Src/adc.o
 .debug_macro   0x00000f24       0x8e ./Core/Src/adc.o
 .debug_macro   0x00000fb2       0x51 ./Core/Src/adc.o
 .debug_macro   0x00001003      0x103 ./Core/Src/adc.o
 .debug_macro   0x00001106       0x6a ./Core/Src/adc.o
 .debug_macro   0x00001170      0x1df ./Core/Src/adc.o
 .debug_macro   0x0000134f       0x1c ./Core/Src/adc.o
 .debug_macro   0x0000136b       0x22 ./Core/Src/adc.o
 .debug_macro   0x0000138d       0xbd ./Core/Src/adc.o
 .debug_macro   0x0000144a      0xd23 ./Core/Src/adc.o
 .debug_macro   0x0000216d     0xe09e ./Core/Src/adc.o
 .debug_macro   0x0001020b       0x6d ./Core/Src/adc.o
 .debug_macro   0x00010278     0x34a2 ./Core/Src/adc.o
 .debug_macro   0x0001371a      0x190 ./Core/Src/adc.o
 .debug_macro   0x000138aa       0x5c ./Core/Src/adc.o
 .debug_macro   0x00013906      0x5bc ./Core/Src/adc.o
 .debug_macro   0x00013ec2      0x289 ./Core/Src/adc.o
 .debug_macro   0x0001414b      0x1cb ./Core/Src/adc.o
 .debug_macro   0x00014316      0x114 ./Core/Src/adc.o
 .debug_macro   0x0001442a      0x1b2 ./Core/Src/adc.o
 .debug_macro   0x000145dc       0x27 ./Core/Src/adc.o
 .debug_macro   0x00014603      0x136 ./Core/Src/adc.o
 .debug_macro   0x00014739      0x1bc ./Core/Src/adc.o
 .debug_macro   0x000148f5       0x34 ./Core/Src/adc.o
 .debug_macro   0x00014929       0x3c ./Core/Src/adc.o
 .debug_macro   0x00014965       0x57 ./Core/Src/adc.o
 .debug_macro   0x000149bc      0x46a ./Core/Src/adc.o
 .debug_macro   0x00014e26      0x1b5 ./Core/Src/adc.o
 .debug_macro   0x00014fdb       0x87 ./Core/Src/adc.o
 .debug_macro   0x00015062      0x240 ./Core/Src/adc.o
 .debug_macro   0x000152a2      0x287 ./Core/Src/adc.o
 .debug_macro   0x00015529      0x140 ./Core/Src/adc.o
 .debug_macro   0x00015669      0x28e ./Core/Src/adc.o
 .debug_macro   0x000158f7       0x83 ./Core/Src/adc.o
 .debug_macro   0x0001597a       0x70 ./Core/Src/adc.o
 .debug_macro   0x000159ea      0x1c5 ./Core/Src/gpio.o
 .debug_macro   0x00015baf      0x1c5 ./Core/Src/i2c.o
 .debug_macro   0x00015d74      0x33e ./Core/Src/main.o
 .debug_macro   0x000160b2       0x22 ./Core/Src/main.o
 .debug_macro   0x000160d4       0x61 ./Core/Src/main.o
 .debug_macro   0x00016135       0x24 ./Core/Src/main.o
 .debug_macro   0x00016159       0x43 ./Core/Src/main.o
 .debug_macro   0x0001619c       0x34 ./Core/Src/main.o
 .debug_macro   0x000161d0       0x16 ./Core/Src/main.o
 .debug_macro   0x000161e6       0x3c ./Core/Src/main.o
 .debug_macro   0x00016222      0x370 ./Core/Src/main.o
 .debug_macro   0x00016592       0x10 ./Core/Src/main.o
 .debug_macro   0x000165a2       0x16 ./Core/Src/main.o
 .debug_macro   0x000165b8       0x4a ./Core/Src/main.o
 .debug_macro   0x00016602       0x34 ./Core/Src/main.o
 .debug_macro   0x00016636       0x10 ./Core/Src/main.o
 .debug_macro   0x00016646       0x58 ./Core/Src/main.o
 .debug_macro   0x0001669e       0x8e ./Core/Src/main.o
 .debug_macro   0x0001672c       0x1c ./Core/Src/main.o
 .debug_macro   0x00016748      0x185 ./Core/Src/main.o
 .debug_macro   0x000168cd       0x16 ./Core/Src/main.o
 .debug_macro   0x000168e3       0x16 ./Core/Src/main.o
 .debug_macro   0x000168f9      0x146 ./Core/Src/main.o
 .debug_macro   0x00016a3f       0x16 ./Core/Src/main.o
 .debug_macro   0x00016a55       0x20 ./Core/Src/main.o
 .debug_macro   0x00016a75      0x1bb ./Core/Src/stm32f1xx_hal_msp.o
 .debug_macro   0x00016c30      0x1c5 ./Core/Src/stm32f1xx_it.o
 .debug_macro   0x00016df5      0x1ac ./Core/Src/system_stm32f1xx.o
 .debug_macro   0x00016fa1      0x1c5 ./Core/Src/usart.o
 .debug_macro   0x00017166      0x1d0 ./Drivers/STM32F1xx_HAL_Driver/Src/stm32f1xx_hal.o
 .debug_macro   0x00017336      0x1c9 ./Drivers/STM32F1xx_HAL_Driver/Src/stm32f1xx_hal_adc.o
 .debug_macro   0x000174ff      0x1be ./Drivers/STM32F1xx_HAL_Driver/Src/stm32f1xx_hal_adc_ex.o
 .debug_macro   0x000176bd      0x1ac ./Drivers/STM32F1xx_HAL_Driver/Src/stm32f1xx_hal_cortex.o
 .debug_macro   0x00017869      0x1ac ./Drivers/STM32F1xx_HAL_Driver/Src/stm32f1xx_hal_dma.o
 .debug_macro   0x00017a15      0x217 ./Drivers/STM32F1xx_HAL_Driver/Src/stm32f1xx_hal_gpio.o
 .debug_macro   0x00017c2c      0x1fa ./Drivers/STM32F1xx_HAL_Driver/Src/stm32f1xx_hal_i2c.o
 .debug_macro   0x00017e26      0x1be ./Drivers/STM32F1xx_HAL_Driver/Src/stm32f1xx_hal_rcc.o
 .debug_macro   0x00017fe4      0x1ac ./Drivers/STM32F1xx_HAL_Driver/Src/stm32f1xx_hal_rcc_ex.o
 .debug_macro   0x00018190      0x1ad ./Drivers/STM32F1xx_HAL_Driver/Src/stm32f1xx_hal_uart.o

.debug_line     0x00000000    0x10917
 .debug_line    0x00000000      0x78e ./Core/Src/adc.o
 .debug_line    0x0000078e      0x72c ./Core/Src/gpio.o
 .debug_line    0x00000eba      0x77d ./Core/Src/i2c.o
 .debug_line    0x00001637     0x119b ./Core/Src/main.o
 .debug_line    0x000027d2      0x714 ./Core/Src/stm32f1xx_hal_msp.o
 .debug_line    0x00002ee6      0x826 ./Core/Src/stm32f1xx_it.o
 .debug_line    0x0000370c      0x792 ./Core/Src/system_stm32f1xx.o
 .debug_line    0x00003e9e      0x78a ./Core/Src/usart.o
 .debug_line    0x00004628       0x78 ./Core/Startup/startup_stm32f103c8tx.o
 .debug_line    0x000046a0      0x9c3 ./Drivers/STM32F1xx_HAL_Driver/Src/stm32f1xx_hal.o
 .debug_line    0x00005063      0xfe8 ./Drivers/STM32F1xx_HAL_Driver/Src/stm32f1xx_hal_adc.o
 .debug_line    0x0000604b      0xd0a ./Drivers/STM32F1xx_HAL_Driver/Src/stm32f1xx_hal_adc_ex.o
 .debug_line    0x00006d55      0xb8d ./Drivers/STM32F1xx_HAL_Driver/Src/stm32f1xx_hal_cortex.o
 .debug_line    0x000078e2      0xdcd ./Drivers/STM32F1xx_HAL_Driver/Src/stm32f1xx_hal_dma.o
 .debug_line    0x000086af      0xa20 ./Drivers/STM32F1xx_HAL_Driver/Src/stm32f1xx_hal_gpio.o
 .debug_line    0x000090cf     0x3bc0 ./Drivers/STM32F1xx_HAL_Driver/Src/stm32f1xx_hal_i2c.o
 .debug_line    0x0000cc8f      0xe7c ./Drivers/STM32F1xx_HAL_Driver/Src/stm32f1xx_hal_rcc.o
 .debug_line    0x0000db0b      0x92d ./Drivers/STM32F1xx_HAL_Driver/Src/stm32f1xx_hal_rcc_ex.o
 .debug_line    0x0000e438     0x24df ./Drivers/STM32F1xx_HAL_Driver/Src/stm32f1xx_hal_uart.o

.debug_str      0x00000000    0x89e28
 .debug_str     0x00000000    0x89e28 ./Core/Src/adc.o
                              0x83699 (size before relaxing)
 .debug_str     0x00089e28    0x832a4 ./Core/Src/gpio.o
 .debug_str     0x00089e28    0x83493 ./Core/Src/i2c.o
 .debug_str     0x00089e28    0x8774e ./Core/Src/main.o
 .debug_str     0x00089e28    0x82f61 ./Core/Src/stm32f1xx_hal_msp.o
 .debug_str     0x00089e28    0x8354a ./Core/Src/stm32f1xx_it.o
 .debug_str     0x00089e28    0x82d64 ./Core/Src/system_stm32f1xx.o
 .debug_str     0x00089e28    0x8373c ./Core/Src/usart.o
 .debug_str     0x00089e28       0xa3 ./Core/Startup/startup_stm32f103c8tx.o
 .debug_str     0x00089e28    0x83497 ./Drivers/STM32F1xx_HAL_Driver/Src/stm32f1xx_hal.o
 .debug_str     0x00089e28    0x83448 ./Drivers/STM32F1xx_HAL_Driver/Src/stm32f1xx_hal_adc.o
 .debug_str     0x00089e28    0x83418 ./Drivers/STM32F1xx_HAL_Driver/Src/stm32f1xx_hal_adc_ex.o
 .debug_str     0x00089e28    0x833e3 ./Drivers/STM32F1xx_HAL_Driver/Src/stm32f1xx_hal_cortex.o
 .debug_str     0x00089e28    0x8310d ./Drivers/STM32F1xx_HAL_Driver/Src/stm32f1xx_hal_dma.o
 .debug_str     0x00089e28    0x830ea ./Drivers/STM32F1xx_HAL_Driver/Src/stm32f1xx_hal_gpio.o
 .debug_str     0x00089e28    0x83e2b ./Drivers/STM32F1xx_HAL_Driver/Src/stm32f1xx_hal_i2c.o
 .debug_str     0x00089e28    0x83193 ./Drivers/STM32F1xx_HAL_Driver/Src/stm32f1xx_hal_rcc.o
 .debug_str     0x00089e28    0x82ee3 ./Drivers/STM32F1xx_HAL_Driver/Src/stm32f1xx_hal_rcc_ex.o
 .debug_str     0x00089e28    0x83804 ./Drivers/STM32F1xx_HAL_Driver/Src/stm32f1xx_hal_uart.o

.comment        0x00000000       0x43
 .comment       0x00000000       0x43 ./Core/Src/adc.o
                                 0x44 (size before relaxing)
 .comment       0x00000043       0x44 ./Core/Src/gpio.o
 .comment       0x00000043       0x44 ./Core/Src/i2c.o
 .comment       0x00000043       0x44 ./Core/Src/main.o
 .comment       0x00000043       0x44 ./Core/Src/stm32f1xx_hal_msp.o
 .comment       0x00000043       0x44 ./Core/Src/stm32f1xx_it.o
 .comment       0x00000043       0x44 ./Core/Src/system_stm32f1xx.o
 .comment       0x00000043       0x44 ./Core/Src/usart.o
 .comment       0x00000043       0x44 ./Drivers/STM32F1xx_HAL_Driver/Src/stm32f1xx_hal.o
 .comment       0x00000043       0x44 ./Drivers/STM32F1xx_HAL_Driver/Src/stm32f1xx_hal_adc.o
 .comment       0x00000043       0x44 ./Drivers/STM32F1xx_HAL_Driver/Src/stm32f1xx_hal_adc_ex.o
 .comment       0x00000043       0x44 ./Drivers/STM32F1xx_HAL_Driver/Src/stm32f1xx_hal_cortex.o
 .comment       0x00000043       0x44 ./Drivers/STM32F1xx_HAL_Driver/Src/stm32f1xx_hal_dma.o
 .comment       0x00000043       0x44 ./Drivers/STM32F1xx_HAL_Driver/Src/stm32f1xx_hal_gpio.o
 .comment       0x00000043       0x44 ./Drivers/STM32F1xx_HAL_Driver/Src/stm32f1xx_hal_i2c.o
 .comment       0x00000043       0x44 ./Drivers/STM32F1xx_HAL_Driver/Src/stm32f1xx_hal_rcc.o
 .comment       0x00000043       0x44 ./Drivers/STM32F1xx_HAL_Driver/Src/stm32f1xx_hal_rcc_ex.o
 .comment       0x00000043       0x44 ./Drivers/STM32F1xx_HAL_Driver/Src/stm32f1xx_hal_uart.o

.debug_frame    0x00000000     0x2fb8
 .debug_frame   0x00000000       0x7c ./Core/Src/adc.o
 .debug_frame   0x0000007c       0x34 ./Core/Src/gpio.o
 .debug_frame   0x000000b0       0x74 ./Core/Src/i2c.o
 .debug_frame   0x00000124      0x2b4 ./Core/Src/main.o
 .debug_frame   0x000003d8       0x38 ./Core/Src/stm32f1xx_hal_msp.o
 .debug_frame   0x00000410      0x174 ./Core/Src/stm32f1xx_it.o
 .debug_frame   0x00000584       0x58 ./Core/Src/system_stm32f1xx.o
 .debug_frame   0x000005dc       0x74 ./Core/Src/usart.o
 .debug_frame   0x00000650      0x334 ./Drivers/STM32F1xx_HAL_Driver/Src/stm32f1xx_hal.o
 .debug_frame   0x00000984      0x40c ./Drivers/STM32F1xx_HAL_Driver/Src/stm32f1xx_hal_adc.o
 .debug_frame   0x00000d90      0x200 ./Drivers/STM32F1xx_HAL_Driver/Src/stm32f1xx_hal_adc_ex.o
 .debug_frame   0x00000f90      0x428 ./Drivers/STM32F1xx_HAL_Driver/Src/stm32f1xx_hal_cortex.o
 .debug_frame   0x000013b8      0x208 ./Drivers/STM32F1xx_HAL_Driver/Src/stm32f1xx_hal_dma.o
 .debug_frame   0x000015c0      0x14c ./Drivers/STM32F1xx_HAL_Driver/Src/stm32f1xx_hal_gpio.o
 .debug_frame   0x0000170c      0xc84 ./Drivers/STM32F1xx_HAL_Driver/Src/stm32f1xx_hal_i2c.o
 .debug_frame   0x00002390      0x218 ./Drivers/STM32F1xx_HAL_Driver/Src/stm32f1xx_hal_rcc.o
 .debug_frame   0x000025a8       0x80 ./Drivers/STM32F1xx_HAL_Driver/Src/stm32f1xx_hal_rcc_ex.o
 .debug_frame   0x00002628      0x944 ./Drivers/STM32F1xx_HAL_Driver/Src/stm32f1xx_hal_uart.o
 .debug_frame   0x00002f6c       0x20 C:/ST/STM32CubeIDE_1.17.0/STM32CubeIDE/plugins/com.st.stm32cube.ide.mcu.externaltools.gnu-tools-for-stm32.13.3.rel1.win32_1.0.0.202411081344/tools/bin/../lib/gcc/arm-none-eabi/13.3.1/../../../../arm-none-eabi/lib/thumb/v7-m/nofp\libc_nano.a(libc_a-memset.o)
 .debug_frame   0x00002f8c       0x2c C:/ST/STM32CubeIDE_1.17.0/STM32CubeIDE/plugins/com.st.stm32cube.ide.mcu.externaltools.gnu-tools-for-stm32.13.3.rel1.win32_1.0.0.202411081344/tools/bin/../lib/gcc/arm-none-eabi/13.3.1/../../../../arm-none-eabi/lib/thumb/v7-m/nofp\libc_nano.a(libc_a-init.o)

.debug_line_str
                0x00000000       0x87
 .debug_line_str
                0x00000000       0x87 ./Core/Startup/startup_stm32f103c8tx.o
