12:11:38 **** Incremental Build of configuration Debug for project 3. Firmware ****
make -j8 all 
arm-none-eabi-gcc "../Core/Src/main.c" -mcpu=cortex-m3 -std=gnu11 -g3 -DDEBUG -DUSE_HAL_DRIVER -DSTM32F103xB -c -I../Core/Inc -I../Drivers/STM32F1xx_HAL_Driver/Inc/Legacy -I../Drivers/STM32F1xx_HAL_Driver/Inc -I../Drivers/CMSIS/Device/ST/STM32F1xx/Include -I../Drivers/CMSIS/Include -I"C:/Users/Public/Documents/Altium/Projects/BTL_test_1/Project_EBS/Embedded-System-Project/3. Firmware/Mylibrary/inc" -O0 -ffunction-sections -fdata-sections -Wall -fstack-usage -fcyclomatic-complexity -MMD -MP -MF"Core/Src/main.d" -MT"Core/Src/main.o" --specs=nano.specs -mfloat-abi=soft -mthumb -o "Core/Src/main.o"
arm-none-eabi-gcc -o "3. Firmware.elf" @"objects.list"   -mcpu=cortex-m3 -T"C:\Users\Public\Documents\Altium\Projects\BTL_test_1\Project_EBS\Embedded-System-Project\3. Firmware\STM32F103C8TX_FLASH.ld" --specs=nosys.specs -Wl,-Map="3. Firmware.map" -Wl,--gc-sections -static --specs=nano.specs -mfloat-abi=soft -mthumb -Wl,--start-group -lc -lm -Wl,--end-group
Finished building target: 3. Firmware.elf
 
arm-none-eabi-size  3.\ Firmware.elf 
arm-none-eabi-objdump -h -S 3.\ Firmware.elf  > "3. Firmware.list"
   text	   data	    bss	    dec	    hex	filename
  62840	    744	   2520	  66104	  10238	3. Firmware.elf
Finished building: default.size.stdout
 
Finished building: 3. Firmware.list
 

12:11:39 Build Finished. 0 errors, 0 warnings. (took 1s.304ms)

