11:16:25 **** Incremental Build of configuration Debug for project 3. Firmware ****
make -j8 all 
arm-none-eabi-gcc "C:/Users/Public/Documents/Altium/Projects/BTL_test_1/Project_EBS/Embedded-System-Project/3. Firmware/Mylibrary/src/EPD_2in9_V2_test.c" -mcpu=cortex-m3 -std=gnu11 -g3 -DDEBUG -DUSE_HAL_DRIVER -DSTM32F103xB -c -I../Core/Inc -I../Drivers/STM32F1xx_HAL_Driver/Inc/Legacy -I../Drivers/STM32F1xx_HAL_Driver/Inc -I../Drivers/CMSIS/Device/ST/STM32F1xx/Include -I../Drivers/CMSIS/Include -I"C:/Users/Public/Documents/Altium/Projects/BTL_test_1/Project_EBS/Embedded-System-Project/3. Firmware/Mylibrary/inc" -O0 -ffunction-sections -fdata-sections -Wall -fstack-usage -fcyclomatic-complexity -MMD -MP -MF"src/EPD_2in9_V2_test.d" -MT"src/EPD_2in9_V2_test.o" --specs=nano.specs -mfloat-abi=soft -mthumb -o "src/EPD_2in9_V2_test.o"
C:/Users/Public/Documents/Altium/Projects/BTL_test_1/Project_EBS/Embedded-System-Project/3. Firmware/Mylibrary/src/EPD_2in9_V2_test.c: In function 'time_setup_mode':
C:/Users/Public/Documents/Altium/Projects/BTL_test_1/Project_EBS/Embedded-System-Project/3. Firmware/Mylibrary/src/EPD_2in9_V2_test.c:1119:23: warning: assignment to 'char' from 'void *' makes integer from pointer without a cast [-Wint-conversion]
 1119 |         day_string[3] = NULL;
      |                       ^
C:/Users/Public/Documents/Altium/Projects/BTL_test_1/Project_EBS/Embedded-System-Project/3. Firmware/Mylibrary/src/EPD_2in9_V2_test.c:1120:23: warning: assignment to 'char' from 'void *' makes integer from pointer without a cast [-Wint-conversion]
 1120 |         day_string[4] = NULL;
      |                       ^
C:/Users/Public/Documents/Altium/Projects/BTL_test_1/Project_EBS/Embedded-System-Project/3. Firmware/Mylibrary/src/EPD_2in9_V2_test.c:1126:23: warning: assignment to 'char' from 'void *' makes integer from pointer without a cast [-Wint-conversion]
 1126 |         day_string[3] = NULL;
      |                       ^
C:/Users/Public/Documents/Altium/Projects/BTL_test_1/Project_EBS/Embedded-System-Project/3. Firmware/Mylibrary/src/EPD_2in9_V2_test.c:1127:23: warning: assignment to 'char' from 'void *' makes integer from pointer without a cast [-Wint-conversion]
 1127 |         day_string[4] = NULL;
      |                       ^
C:/Users/Public/Documents/Altium/Projects/BTL_test_1/Project_EBS/Embedded-System-Project/3. Firmware/Mylibrary/src/EPD_2in9_V2_test.c:1135:23: warning: assignment to 'char' from 'void *' makes integer from pointer without a cast [-Wint-conversion]
 1135 |         day_string[4] = NULL;
      |                       ^
C:/Users/Public/Documents/Altium/Projects/BTL_test_1/Project_EBS/Embedded-System-Project/3. Firmware/Mylibrary/src/EPD_2in9_V2_test.c:1143:23: warning: assignment to 'char' from 'void *' makes integer from pointer without a cast [-Wint-conversion]
 1143 |         day_string[4] = NULL;
      |                       ^
C:/Users/Public/Documents/Altium/Projects/BTL_test_1/Project_EBS/Embedded-System-Project/3. Firmware/Mylibrary/src/EPD_2in9_V2_test.c:1157:23: warning: assignment to 'char' from 'void *' makes integer from pointer without a cast [-Wint-conversion]
 1157 |         day_string[3] = NULL;
      |                       ^
C:/Users/Public/Documents/Altium/Projects/BTL_test_1/Project_EBS/Embedded-System-Project/3. Firmware/Mylibrary/src/EPD_2in9_V2_test.c:1158:23: warning: assignment to 'char' from 'void *' makes integer from pointer without a cast [-Wint-conversion]
 1158 |         day_string[4] = NULL;
      |                       ^
C:/Users/Public/Documents/Altium/Projects/BTL_test_1/Project_EBS/Embedded-System-Project/3. Firmware/Mylibrary/src/EPD_2in9_V2_test.c:1165:23: warning: assignment to 'char' from 'void *' makes integer from pointer without a cast [-Wint-conversion]
 1165 |         day_string[3] = NULL;
      |                       ^
C:/Users/Public/Documents/Altium/Projects/BTL_test_1/Project_EBS/Embedded-System-Project/3. Firmware/Mylibrary/src/EPD_2in9_V2_test.c:1166:23: warning: assignment to 'char' from 'void *' makes integer from pointer without a cast [-Wint-conversion]
 1166 |         day_string[4] = NULL;
      |                       ^
C:/Users/Public/Documents/Altium/Projects/BTL_test_1/Project_EBS/Embedded-System-Project/3. Firmware/Mylibrary/src/EPD_2in9_V2_test.c:1179:25: warning: assignment to 'char' from 'void *' makes integer from pointer without a cast [-Wint-conversion]
 1179 |         month_string[3] = NULL;
      |                         ^
C:/Users/Public/Documents/Altium/Projects/BTL_test_1/Project_EBS/Embedded-System-Project/3. Firmware/Mylibrary/src/EPD_2in9_V2_test.c:1180:25: warning: assignment to 'char' from 'void *' makes integer from pointer without a cast [-Wint-conversion]
 1180 |         month_string[4] = NULL;
      |                         ^
C:/Users/Public/Documents/Altium/Projects/BTL_test_1/Project_EBS/Embedded-System-Project/3. Firmware/Mylibrary/src/EPD_2in9_V2_test.c:1186:25: warning: assignment to 'char' from 'void *' makes integer from pointer without a cast [-Wint-conversion]
 1186 |         month_string[3] = NULL;
      |                         ^
C:/Users/Public/Documents/Altium/Projects/BTL_test_1/Project_EBS/Embedded-System-Project/3. Firmware/Mylibrary/src/EPD_2in9_V2_test.c:1187:25: warning: assignment to 'char' from 'void *' makes integer from pointer without a cast [-Wint-conversion]
 1187 |         month_string[4] = NULL;
      |                         ^
C:/Users/Public/Documents/Altium/Projects/BTL_test_1/Project_EBS/Embedded-System-Project/3. Firmware/Mylibrary/src/EPD_2in9_V2_test.c:1194:25: warning: assignment to 'char' from 'void *' makes integer from pointer without a cast [-Wint-conversion]
 1194 |         month_string[3] = NULL;
      |                         ^
C:/Users/Public/Documents/Altium/Projects/BTL_test_1/Project_EBS/Embedded-System-Project/3. Firmware/Mylibrary/src/EPD_2in9_V2_test.c:1195:25: warning: assignment to 'char' from 'void *' makes integer from pointer without a cast [-Wint-conversion]
 1195 |         month_string[4] = NULL;
      |                         ^
C:/Users/Public/Documents/Altium/Projects/BTL_test_1/Project_EBS/Embedded-System-Project/3. Firmware/Mylibrary/src/EPD_2in9_V2_test.c:1203:25: warning: assignment to 'char' from 'void *' makes integer from pointer without a cast [-Wint-conversion]
 1203 |         month_string[4] = NULL;
      |                         ^
C:/Users/Public/Documents/Altium/Projects/BTL_test_1/Project_EBS/Embedded-System-Project/3. Firmware/Mylibrary/src/EPD_2in9_V2_test.c:1210:25: warning: assignment to 'char' from 'void *' makes integer from pointer without a cast [-Wint-conversion]
 1210 |         month_string[3] = NULL;
      |                         ^
C:/Users/Public/Documents/Altium/Projects/BTL_test_1/Project_EBS/Embedded-System-Project/3. Firmware/Mylibrary/src/EPD_2in9_V2_test.c:1211:25: warning: assignment to 'char' from 'void *' makes integer from pointer without a cast [-Wint-conversion]
 1211 |         month_string[4] = NULL;
      |                         ^
C:/Users/Public/Documents/Altium/Projects/BTL_test_1/Project_EBS/Embedded-System-Project/3. Firmware/Mylibrary/src/EPD_2in9_V2_test.c:1219:25: warning: assignment to 'char' from 'void *' makes integer from pointer without a cast [-Wint-conversion]
 1219 |         month_string[4] = NULL;
      |                         ^
C:/Users/Public/Documents/Altium/Projects/BTL_test_1/Project_EBS/Embedded-System-Project/3. Firmware/Mylibrary/src/EPD_2in9_V2_test.c:1227:25: warning: assignment to 'char' from 'void *' makes integer from pointer without a cast [-Wint-conversion]
 1227 |         month_string[4] = NULL;
      |                         ^
C:/Users/Public/Documents/Altium/Projects/BTL_test_1/Project_EBS/Embedded-System-Project/3. Firmware/Mylibrary/src/EPD_2in9_V2_test.c:1234:25: warning: assignment to 'char' from 'void *' makes integer from pointer without a cast [-Wint-conversion]
 1234 |         month_string[3] = NULL;
      |                         ^
C:/Users/Public/Documents/Altium/Projects/BTL_test_1/Project_EBS/Embedded-System-Project/3. Firmware/Mylibrary/src/EPD_2in9_V2_test.c:1235:25: warning: assignment to 'char' from 'void *' makes integer from pointer without a cast [-Wint-conversion]
 1235 |         month_string[4] = NULL;
      |                         ^
C:/Users/Public/Documents/Altium/Projects/BTL_test_1/Project_EBS/Embedded-System-Project/3. Firmware/Mylibrary/src/EPD_2in9_V2_test.c:1243:25: warning: assignment to 'char' from 'void *' makes integer from pointer without a cast [-Wint-conversion]
 1243 |         month_string[4] = NULL;
      |                         ^
C:/Users/Public/Documents/Altium/Projects/BTL_test_1/Project_EBS/Embedded-System-Project/3. Firmware/Mylibrary/src/EPD_2in9_V2_test.c:1249:25: warning: assignment to 'char' from 'void *' makes integer from pointer without a cast [-Wint-conversion]
 1249 |         month_string[3] = NULL;
      |                         ^
C:/Users/Public/Documents/Altium/Projects/BTL_test_1/Project_EBS/Embedded-System-Project/3. Firmware/Mylibrary/src/EPD_2in9_V2_test.c:1250:25: warning: assignment to 'char' from 'void *' makes integer from pointer without a cast [-Wint-conversion]
 1250 |         month_string[4] = NULL;
      |                         ^
C:/Users/Public/Documents/Altium/Projects/BTL_test_1/Project_EBS/Embedded-System-Project/3. Firmware/Mylibrary/src/EPD_2in9_V2_test.c:1257:25: warning: assignment to 'char' from 'void *' makes integer from pointer without a cast [-Wint-conversion]
 1257 |         month_string[3] = NULL;
      |                         ^
C:/Users/Public/Documents/Altium/Projects/BTL_test_1/Project_EBS/Embedded-System-Project/3. Firmware/Mylibrary/src/EPD_2in9_V2_test.c:1258:25: warning: assignment to 'char' from 'void *' makes integer from pointer without a cast [-Wint-conversion]
 1258 |         month_string[4] = NULL;
      |                         ^
C:/Users/Public/Documents/Altium/Projects/BTL_test_1/Project_EBS/Embedded-System-Project/3. Firmware/Mylibrary/src/EPD_2in9_V2_test.c:1265:25: warning: assignment to 'char' from 'void *' makes integer from pointer without a cast [-Wint-conversion]
 1265 |         month_string[3] = NULL;
      |                         ^
C:/Users/Public/Documents/Altium/Projects/BTL_test_1/Project_EBS/Embedded-System-Project/3. Firmware/Mylibrary/src/EPD_2in9_V2_test.c:1266:25: warning: assignment to 'char' from 'void *' makes integer from pointer without a cast [-Wint-conversion]
 1266 |         month_string[4] = NULL;
      |                         ^
C:/Users/Public/Documents/Altium/Projects/BTL_test_1/Project_EBS/Embedded-System-Project/3. Firmware/Mylibrary/src/EPD_2in9_V2_test.c: In function 'draw_day':
C:/Users/Public/Documents/Altium/Projects/BTL_test_1/Project_EBS/Embedded-System-Project/3. Firmware/Mylibrary/src/EPD_2in9_V2_test.c:1410:23: warning: assignment to 'char' from 'void *' makes integer from pointer without a cast [-Wint-conversion]
 1410 |         day_string[3] = NULL;
      |                       ^
C:/Users/Public/Documents/Altium/Projects/BTL_test_1/Project_EBS/Embedded-System-Project/3. Firmware/Mylibrary/src/EPD_2in9_V2_test.c:1411:23: warning: assignment to 'char' from 'void *' makes integer from pointer without a cast [-Wint-conversion]
 1411 |         day_string[4] = NULL;
      |                       ^
C:/Users/Public/Documents/Altium/Projects/BTL_test_1/Project_EBS/Embedded-System-Project/3. Firmware/Mylibrary/src/EPD_2in9_V2_test.c:1417:23: warning: assignment to 'char' from 'void *' makes integer from pointer without a cast [-Wint-conversion]
 1417 |         day_string[3] = NULL;
      |                       ^
C:/Users/Public/Documents/Altium/Projects/BTL_test_1/Project_EBS/Embedded-System-Project/3. Firmware/Mylibrary/src/EPD_2in9_V2_test.c:1418:23: warning: assignment to 'char' from 'void *' makes integer from pointer without a cast [-Wint-conversion]
 1418 |         day_string[4] = NULL;
      |                       ^
C:/Users/Public/Documents/Altium/Projects/BTL_test_1/Project_EBS/Embedded-System-Project/3. Firmware/Mylibrary/src/EPD_2in9_V2_test.c:1426:23: warning: assignment to 'char' from 'void *' makes integer from pointer without a cast [-Wint-conversion]
 1426 |         day_string[4] = NULL;
      |                       ^
C:/Users/Public/Documents/Altium/Projects/BTL_test_1/Project_EBS/Embedded-System-Project/3. Firmware/Mylibrary/src/EPD_2in9_V2_test.c:1434:23: warning: assignment to 'char' from 'void *' makes integer from pointer without a cast [-Wint-conversion]
 1434 |         day_string[4] = NULL;
      |                       ^
C:/Users/Public/Documents/Altium/Projects/BTL_test_1/Project_EBS/Embedded-System-Project/3. Firmware/Mylibrary/src/EPD_2in9_V2_test.c:1448:23: warning: assignment to 'char' from 'void *' makes integer from pointer without a cast [-Wint-conversion]
 1448 |         day_string[3] = NULL;
      |                       ^
C:/Users/Public/Documents/Altium/Projects/BTL_test_1/Project_EBS/Embedded-System-Project/3. Firmware/Mylibrary/src/EPD_2in9_V2_test.c:1449:23: warning: assignment to 'char' from 'void *' makes integer from pointer without a cast [-Wint-conversion]
 1449 |         day_string[4] = NULL;
      |                       ^
C:/Users/Public/Documents/Altium/Projects/BTL_test_1/Project_EBS/Embedded-System-Project/3. Firmware/Mylibrary/src/EPD_2in9_V2_test.c:1456:23: warning: assignment to 'char' from 'void *' makes integer from pointer without a cast [-Wint-conversion]
 1456 |         day_string[3] = NULL;
      |                       ^
C:/Users/Public/Documents/Altium/Projects/BTL_test_1/Project_EBS/Embedded-System-Project/3. Firmware/Mylibrary/src/EPD_2in9_V2_test.c:1457:23: warning: assignment to 'char' from 'void *' makes integer from pointer without a cast [-Wint-conversion]
 1457 |         day_string[4] = NULL;
      |                       ^
C:/Users/Public/Documents/Altium/Projects/BTL_test_1/Project_EBS/Embedded-System-Project/3. Firmware/Mylibrary/src/EPD_2in9_V2_test.c:1470:25: warning: assignment to 'char' from 'void *' makes integer from pointer without a cast [-Wint-conversion]
 1470 |         month_string[3] = NULL;
      |                         ^
C:/Users/Public/Documents/Altium/Projects/BTL_test_1/Project_EBS/Embedded-System-Project/3. Firmware/Mylibrary/src/EPD_2in9_V2_test.c:1471:25: warning: assignment to 'char' from 'void *' makes integer from pointer without a cast [-Wint-conversion]
 1471 |         month_string[4] = NULL;
      |                         ^
C:/Users/Public/Documents/Altium/Projects/BTL_test_1/Project_EBS/Embedded-System-Project/3. Firmware/Mylibrary/src/EPD_2in9_V2_test.c:1477:25: warning: assignment to 'char' from 'void *' makes integer from pointer without a cast [-Wint-conversion]
 1477 |         month_string[3] = NULL;
      |                         ^
C:/Users/Public/Documents/Altium/Projects/BTL_test_1/Project_EBS/Embedded-System-Project/3. Firmware/Mylibrary/src/EPD_2in9_V2_test.c:1478:25: warning: assignment to 'char' from 'void *' makes integer from pointer without a cast [-Wint-conversion]
 1478 |         month_string[4] = NULL;
      |                         ^
C:/Users/Public/Documents/Altium/Projects/BTL_test_1/Project_EBS/Embedded-System-Project/3. Firmware/Mylibrary/src/EPD_2in9_V2_test.c:1485:25: warning: assignment to 'char' from 'void *' makes integer from pointer without a cast [-Wint-conversion]
 1485 |         month_string[3] = NULL;
      |                         ^
C:/Users/Public/Documents/Altium/Projects/BTL_test_1/Project_EBS/Embedded-System-Project/3. Firmware/Mylibrary/src/EPD_2in9_V2_test.c:1486:25: warning: assignment to 'char' from 'void *' makes integer from pointer without a cast [-Wint-conversion]
 1486 |         month_string[4] = NULL;
      |                         ^
C:/Users/Public/Documents/Altium/Projects/BTL_test_1/Project_EBS/Embedded-System-Project/3. Firmware/Mylibrary/src/EPD_2in9_V2_test.c:1494:25: warning: assignment to 'char' from 'void *' makes integer from pointer without a cast [-Wint-conversion]
 1494 |         month_string[4] = NULL;
      |                         ^
C:/Users/Public/Documents/Altium/Projects/BTL_test_1/Project_EBS/Embedded-System-Project/3. Firmware/Mylibrary/src/EPD_2in9_V2_test.c:1501:25: warning: assignment to 'char' from 'void *' makes integer from pointer without a cast [-Wint-conversion]
 1501 |         month_string[3] = NULL;
      |                         ^
C:/Users/Public/Documents/Altium/Projects/BTL_test_1/Project_EBS/Embedded-System-Project/3. Firmware/Mylibrary/src/EPD_2in9_V2_test.c:1502:25: warning: assignment to 'char' from 'void *' makes integer from pointer without a cast [-Wint-conversion]
 1502 |         month_string[4] = NULL;
      |                         ^
C:/Users/Public/Documents/Altium/Projects/BTL_test_1/Project_EBS/Embedded-System-Project/3. Firmware/Mylibrary/src/EPD_2in9_V2_test.c:1510:25: warning: assignment to 'char' from 'void *' makes integer from pointer without a cast [-Wint-conversion]
 1510 |         month_string[4] = NULL;
      |                         ^
C:/Users/Public/Documents/Altium/Projects/BTL_test_1/Project_EBS/Embedded-System-Project/3. Firmware/Mylibrary/src/EPD_2in9_V2_test.c:1518:25: warning: assignment to 'char' from 'void *' makes integer from pointer without a cast [-Wint-conversion]
 1518 |         month_string[4] = NULL;
      |                         ^
C:/Users/Public/Documents/Altium/Projects/BTL_test_1/Project_EBS/Embedded-System-Project/3. Firmware/Mylibrary/src/EPD_2in9_V2_test.c:1525:25: warning: assignment to 'char' from 'void *' makes integer from pointer without a cast [-Wint-conversion]
 1525 |         month_string[3] = NULL;
      |                         ^
C:/Users/Public/Documents/Altium/Projects/BTL_test_1/Project_EBS/Embedded-System-Project/3. Firmware/Mylibrary/src/EPD_2in9_V2_test.c:1526:25: warning: assignment to 'char' from 'void *' makes integer from pointer without a cast [-Wint-conversion]
 1526 |         month_string[4] = NULL;
      |                         ^
C:/Users/Public/Documents/Altium/Projects/BTL_test_1/Project_EBS/Embedded-System-Project/3. Firmware/Mylibrary/src/EPD_2in9_V2_test.c:1534:25: warning: assignment to 'char' from 'void *' makes integer from pointer without a cast [-Wint-conversion]
 1534 |         month_string[4] = NULL;
      |                         ^
C:/Users/Public/Documents/Altium/Projects/BTL_test_1/Project_EBS/Embedded-System-Project/3. Firmware/Mylibrary/src/EPD_2in9_V2_test.c:1540:25: warning: assignment to 'char' from 'void *' makes integer from pointer without a cast [-Wint-conversion]
 1540 |         month_string[3] = NULL;
      |                         ^
C:/Users/Public/Documents/Altium/Projects/BTL_test_1/Project_EBS/Embedded-System-Project/3. Firmware/Mylibrary/src/EPD_2in9_V2_test.c:1541:25: warning: assignment to 'char' from 'void *' makes integer from pointer without a cast [-Wint-conversion]
 1541 |         month_string[4] = NULL;
      |                         ^
C:/Users/Public/Documents/Altium/Projects/BTL_test_1/Project_EBS/Embedded-System-Project/3. Firmware/Mylibrary/src/EPD_2in9_V2_test.c:1548:25: warning: assignment to 'char' from 'void *' makes integer from pointer without a cast [-Wint-conversion]
 1548 |         month_string[3] = NULL;
      |                         ^
C:/Users/Public/Documents/Altium/Projects/BTL_test_1/Project_EBS/Embedded-System-Project/3. Firmware/Mylibrary/src/EPD_2in9_V2_test.c:1549:25: warning: assignment to 'char' from 'void *' makes integer from pointer without a cast [-Wint-conversion]
 1549 |         month_string[4] = NULL;
      |                         ^
C:/Users/Public/Documents/Altium/Projects/BTL_test_1/Project_EBS/Embedded-System-Project/3. Firmware/Mylibrary/src/EPD_2in9_V2_test.c:1556:25: warning: assignment to 'char' from 'void *' makes integer from pointer without a cast [-Wint-conversion]
 1556 |         month_string[3] = NULL;
      |                         ^
C:/Users/Public/Documents/Altium/Projects/BTL_test_1/Project_EBS/Embedded-System-Project/3. Firmware/Mylibrary/src/EPD_2in9_V2_test.c:1557:25: warning: assignment to 'char' from 'void *' makes integer from pointer without a cast [-Wint-conversion]
 1557 |         month_string[4] = NULL;
      |                         ^
C:/Users/Public/Documents/Altium/Projects/BTL_test_1/Project_EBS/Embedded-System-Project/3. Firmware/Mylibrary/src/EPD_2in9_V2_test.c: In function 'E_ink_display_name':
C:/Users/Public/Documents/Altium/Projects/BTL_test_1/Project_EBS/Embedded-System-Project/3. Firmware/Mylibrary/src/EPD_2in9_V2_test.c:1617:11: warning: unused variable 'num' [-Wunused-variable]
 1617 |     UBYTE num = 3;
      |           ^~~
arm-none-eabi-gcc -o "3. Firmware.elf" @"objects.list"   -mcpu=cortex-m3 -T"C:\Users\Public\Documents\Altium\Projects\BTL_test_1\Project_EBS\Embedded-System-Project\3. Firmware\STM32F103C8TX_FLASH.ld" --specs=nosys.specs -Wl,-Map="3. Firmware.map" -Wl,--gc-sections -static --specs=nano.specs -mfloat-abi=soft -mthumb -Wl,--start-group -lc -lm -Wl,--end-group
Finished building target: 3. Firmware.elf
 
arm-none-eabi-size  3.\ Firmware.elf 
arm-none-eabi-objdump -h -S 3.\ Firmware.elf  > "3. Firmware.list"
   text	   data	    bss	    dec	    hex	filename
  62836	    744	   2520	  66100	  10234	3. Firmware.elf
Finished building: default.size.stdout
 
Finished building: 3. Firmware.list
 
11:16:36 **** Incremental Build of configuration Debug for project 3. Firmware ****
make -j8 all 
arm-none-eabi-size  3.\ Firmware.elf 
   text	   data	    bss	    dec	    hex	filename
  62836	    744	   2520	  66100	  10234	3. Firmware.elf
Finished building: default.size.stdout
 
11:16:51 **** Incremental Build of configuration Debug for project 3. Firmware ****
make -j8 all 
arm-none-eabi-size  3.\ Firmware.elf 
   text	   data	    bss	    dec	    hex	filename
  62836	    744	   2520	  66100	  10234	3. Firmware.elf
Finished building: default.size.stdout
 
11:24:19 **** Incremental Build of configuration Debug for project 3. Firmware ****
make -j8 all 
arm-none-eabi-size  3.\ Firmware.elf 
   text	   data	    bss	    dec	    hex	filename
  62836	    744	   2520	  66100	  10234	3. Firmware.elf
Finished building: default.size.stdout
 
12:04:11 **** Incremental Build of configuration Debug for project 3. Firmware ****
make -j8 all 
arm-none-eabi-gcc "../Core/Src/main.c" -mcpu=cortex-m3 -std=gnu11 -g3 -DDEBUG -DUSE_HAL_DRIVER -DSTM32F103xB -c -I../Core/Inc -I../Drivers/STM32F1xx_HAL_Driver/Inc/Legacy -I../Drivers/STM32F1xx_HAL_Driver/Inc -I../Drivers/CMSIS/Device/ST/STM32F1xx/Include -I../Drivers/CMSIS/Include -I"C:/Users/Public/Documents/Altium/Projects/BTL_test_1/Project_EBS/Embedded-System-Project/3. Firmware/Mylibrary/inc" -O0 -ffunction-sections -fdata-sections -Wall -fstack-usage -fcyclomatic-complexity -MMD -MP -MF"Core/Src/main.d" -MT"Core/Src/main.o" --specs=nano.specs -mfloat-abi=soft -mthumb -o "Core/Src/main.o"
arm-none-eabi-gcc -o "3. Firmware.elf" @"objects.list"   -mcpu=cortex-m3 -T"C:\Users\Public\Documents\Altium\Projects\BTL_test_1\Project_EBS\Embedded-System-Project\3. Firmware\STM32F103C8TX_FLASH.ld" --specs=nosys.specs -Wl,-Map="3. Firmware.map" -Wl,--gc-sections -static --specs=nano.specs -mfloat-abi=soft -mthumb -Wl,--start-group -lc -lm -Wl,--end-group
Finished building target: 3. Firmware.elf
 
arm-none-eabi-size  3.\ Firmware.elf 
arm-none-eabi-objdump -h -S 3.\ Firmware.elf  > "3. Firmware.list"
   text	   data	    bss	    dec	    hex	filename
  62840	    744	   2520	  66104	  10238	3. Firmware.elf
Finished building: default.size.stdout
 
Finished building: 3. Firmware.list
 
12:11:38 **** Incremental Build of configuration Debug for project 3. Firmware ****
make -j8 all 
arm-none-eabi-gcc "../Core/Src/main.c" -mcpu=cortex-m3 -std=gnu11 -g3 -DDEBUG -DUSE_HAL_DRIVER -DSTM32F103xB -c -I../Core/Inc -I../Drivers/STM32F1xx_HAL_Driver/Inc/Legacy -I../Drivers/STM32F1xx_HAL_Driver/Inc -I../Drivers/CMSIS/Device/ST/STM32F1xx/Include -I../Drivers/CMSIS/Include -I"C:/Users/Public/Documents/Altium/Projects/BTL_test_1/Project_EBS/Embedded-System-Project/3. Firmware/Mylibrary/inc" -O0 -ffunction-sections -fdata-sections -Wall -fstack-usage -fcyclomatic-complexity -MMD -MP -MF"Core/Src/main.d" -MT"Core/Src/main.o" --specs=nano.specs -mfloat-abi=soft -mthumb -o "Core/Src/main.o"
arm-none-eabi-gcc -o "3. Firmware.elf" @"objects.list"   -mcpu=cortex-m3 -T"C:\Users\Public\Documents\Altium\Projects\BTL_test_1\Project_EBS\Embedded-System-Project\3. Firmware\STM32F103C8TX_FLASH.ld" --specs=nosys.specs -Wl,-Map="3. Firmware.map" -Wl,--gc-sections -static --specs=nano.specs -mfloat-abi=soft -mthumb -Wl,--start-group -lc -lm -Wl,--end-group
Finished building target: 3. Firmware.elf
 
arm-none-eabi-size  3.\ Firmware.elf 
arm-none-eabi-objdump -h -S 3.\ Firmware.elf  > "3. Firmware.list"
   text	   data	    bss	    dec	    hex	filename
  62840	    744	   2520	  66104	  10238	3. Firmware.elf
Finished building: default.size.stdout
 
Finished building: 3. Firmware.list
 
